Component: ARM Compiler 5.06 update 7 (build 960) Tool: armlink [4d3601]

==============================================================================

Section Cross References

    main.o(i.main) refers to systick.o(i.systick_config) for systick_config
    main.o(i.main) refers to debug_printf.o(i.debug_printf_init) for debug_printf_init
    main.o(i.main) refers to delay.o(i.us_timer_init) for us_timer_init
    main.o(i.main) refers to tm1637.o(i.tm1637_init) for tm1637_init
    main.o(i.main) refers to encoder.o(i.encoder_exit_config) for encoder_exit_config
    main.o(i.main) refers to ds18b20.o(i.ds18b20_init) for ds18b20_init
    main.o(i.main) refers to ds1302.o(i.ds1302_gpio_init) for ds1302_gpio_init
    main.o(i.main) refers to ds1302.o(i.ds1302_init) for ds1302_init
    main.o(i.main) refers to ds18b20.o(i.ds18b20_ack) for ds18b20_ack
    main.o(i.main) refers to printfb.o(i.__0printf$bare) for __2printf
    main.o(i.main) refers to delay.o(i.delay_ms) for delay_ms
    main.o(i.main) refers to menus.o(i.menu_loop) for menu_loop
    main.o(i.main) refers to tm1637.o(.data) for tm1637
    main.o(i.main) refers to ds18b20.o(.bss) for ds18b20
    gd32f1x0_it.o(i.EXTI4_15_IRQHandler) refers to gd32f1x0_exti.o(i.exti_interrupt_flag_get) for exti_interrupt_flag_get
    gd32f1x0_it.o(i.EXTI4_15_IRQHandler) refers to gd32f1x0_exti.o(i.exti_interrupt_flag_clear) for exti_interrupt_flag_clear
    gd32f1x0_it.o(i.EXTI4_15_IRQHandler) refers to gd32f1x0_gpio.o(i.gpio_input_bit_get) for gpio_input_bit_get
    gd32f1x0_it.o(i.EXTI4_15_IRQHandler) refers to encoder.o(.bss) for ec11_1
    gd32f1x0_it.o(i.SysTick_Handler) refers to systick.o(i.delay_decrement) for delay_decrement
    gd32f1x0_it.o(i.SysTick_Handler) refers to encoder.o(.bss) for ec11_1
    gd32f1x0_it.o(i.SysTick_Handler) refers to main.o(.data) for loop_display_count
    systick.o(i.delay_1ms) refers to systick.o(.data) for delay
    systick.o(i.delay_decrement) refers to systick.o(.data) for delay
    systick.o(i.systick_config) refers to systick.o(i.NVIC_SetPriority) for NVIC_SetPriority
    systick.o(i.systick_config) refers to system_gd32f1x0.o(.data) for SystemCoreClock
    tm1637.o(i.i2c_ask) refers to gd32f1x0_gpio.o(i.gpio_bit_write) for gpio_bit_write
    tm1637.o(i.i2c_ask) refers to delay.o(i.delay_1us) for delay_1us
    tm1637.o(i.i2c_ask) refers to tm1637.o(i.tm1637_dio_read) for tm1637_dio_read
    tm1637.o(i.i2c_start) refers to gd32f1x0_gpio.o(i.gpio_bit_write) for gpio_bit_write
    tm1637.o(i.i2c_start) refers to gd32f1x0_gpio.o(i.gpio_mode_set) for gpio_mode_set
    tm1637.o(i.i2c_start) refers to delay.o(i.delay_1us) for delay_1us
    tm1637.o(i.i2c_stop) refers to gd32f1x0_gpio.o(i.gpio_bit_write) for gpio_bit_write
    tm1637.o(i.i2c_stop) refers to delay.o(i.delay_1us) for delay_1us
    tm1637.o(i.i2c_stop) refers to gd32f1x0_gpio.o(i.gpio_mode_set) for gpio_mode_set
    tm1637.o(i.i2c_write_byte) refers to gd32f1x0_gpio.o(i.gpio_bit_write) for gpio_bit_write
    tm1637.o(i.i2c_write_byte) refers to gd32f1x0_gpio.o(i.gpio_mode_set) for gpio_mode_set
    tm1637.o(i.i2c_write_byte) refers to delay.o(i.delay_1us) for delay_1us
    tm1637.o(i.tm1637_clear) refers to tm1637.o(i.tm1637_display_fixed) for tm1637_display_fixed
    tm1637.o(i.tm1637_dio_read) refers to gd32f1x0_gpio.o(i.gpio_mode_set) for gpio_mode_set
    tm1637.o(i.tm1637_dio_read) refers to gd32f1x0_gpio.o(i.gpio_input_bit_get) for gpio_input_bit_get
    tm1637.o(i.tm1637_display_auto) refers to tm1637.o(i.tm1637_write_command) for tm1637_write_command
    tm1637.o(i.tm1637_display_auto) refers to tm1637.o(i.i2c_stop) for i2c_stop
    tm1637.o(i.tm1637_display_auto) refers to tm1637.o(i.i2c_write_byte) for i2c_write_byte
    tm1637.o(i.tm1637_display_auto) refers to tm1637.o(i.i2c_ask) for i2c_ask
    tm1637.o(i.tm1637_display_auto) refers to tm1637.o(.data) for tm1637
    tm1637.o(i.tm1637_display_fixed) refers to tm1637.o(i.tm1637_write_command) for tm1637_write_command
    tm1637.o(i.tm1637_display_fixed) refers to tm1637.o(i.i2c_stop) for i2c_stop
    tm1637.o(i.tm1637_display_fixed) refers to tm1637.o(i.i2c_write_byte) for i2c_write_byte
    tm1637.o(i.tm1637_display_fixed) refers to tm1637.o(i.i2c_ask) for i2c_ask
    tm1637.o(i.tm1637_display_fixed) refers to tm1637.o(.data) for tm1637
    tm1637.o(i.tm1637_display_float) refers to ffixui.o(.text) for __aeabi_f2uiz
    tm1637.o(i.tm1637_display_float) refers to ffltui.o(.text) for __aeabi_ui2f
    tm1637.o(i.tm1637_display_float) refers to fadd.o(.text) for __aeabi_frsub
    tm1637.o(i.tm1637_display_float) refers to tm1637.o(i.tm1637_display_fixed) for tm1637_display_fixed
    tm1637.o(i.tm1637_display_float) refers to fmul.o(.text) for __aeabi_fmul
    tm1637.o(i.tm1637_display_float) refers to tm1637.o(.constdata) for SEGData
    tm1637.o(i.tm1637_display_int) refers to tm1637.o(i.tm1637_display_fixed) for tm1637_display_fixed
[...]
    printf8.o(i._printf_core) refers to printf8.o(i._printf_post_padding) for _printf_post_padding
    printfa.o(i.__0fprintf) refers (Special) to iusefp.o(.text) for __I$use$fp
    printfa.o(i.__0fprintf) refers to printfa.o(i._printf_core) for _printf_core
    printfa.o(i.__0fprintf) refers to debug_printf.o(i.fputc) for fputc
    printfa.o(i.__0printf) refers (Special) to iusefp.o(.text) for __I$use$fp
    printfa.o(i.__0printf) refers to printfa.o(i._printf_core) for _printf_core
    printfa.o(i.__0printf) refers to debug_printf.o(i.fputc) for fputc
    printfa.o(i.__0printf) refers to stdout.o(.data) for __stdout
    printfa.o(i.__0snprintf) refers (Special) to iusefp.o(.text) for __I$use$fp
    printfa.o(i.__0snprintf) refers to printfa.o(i._printf_core) for _printf_core
    printfa.o(i.__0snprintf) refers to printfa.o(i._snputc) for _snputc
    printfa.o(i.__0sprintf) refers (Special) to iusefp.o(.text) for __I$use$fp
    printfa.o(i.__0sprintf) refers to printfa.o(i._printf_core) for _printf_core
    printfa.o(i.__0sprintf) refers to printfa.o(i._sputc) for _sputc
    printfa.o(i.__0vfprintf) refers (Special) to iusefp.o(.text) for __I$use$fp
    printfa.o(i.__0vfprintf) refers to printfa.o(i._printf_core) for _printf_core
    printfa.o(i.__0vfprintf) refers to debug_printf.o(i.fputc) for fputc
    printfa.o(i.__0vprintf) refers (Special) to iusefp.o(.text) for __I$use$fp
    printfa.o(i.__0vprintf) refers to printfa.o(i._printf_core) for _printf_core
    printfa.o(i.__0vprintf) refers to debug_printf.o(i.fputc) for fputc
    printfa.o(i.__0vprintf) refers to stdout.o(.data) for __stdout
    printfa.o(i.__0vsnprintf) refers (Special) to iusefp.o(.text) for __I$use$fp
    printfa.o(i.__0vsnprintf) refers to printfa.o(i._printf_core) for _printf_core
    printfa.o(i.__0vsnprintf) refers to printfa.o(i._snputc) for _snputc
    printfa.o(i.__0vsprintf) refers (Special) to iusefp.o(.text) for __I$use$fp
    printfa.o(i.__0vsprintf) refers to printfa.o(i._printf_core) for _printf_core
    printfa.o(i.__0vsprintf) refers to printfa.o(i._sputc) for _sputc
    printfa.o(i._fp_digits) refers (Special) to iusefp.o(.text) for __I$use$fp
    printfa.o(i._fp_digits) refers to dmul.o(.text) for __aeabi_dmul
    printfa.o(i._fp_digits) refers to ddiv.o(.text) for __aeabi_ddiv
    printfa.o(i._fp_digits) refers to cdrcmple.o(.text) for __aeabi_cdrcmple
    printfa.o(i._fp_digits) refers to dadd.o(.text) for __aeabi_dadd
    printfa.o(i._fp_digits) refers to dfixul.o(.text) for __aeabi_d2ulz
    printfa.o(i._fp_digits) refers to uldiv.o(.text) for __aeabi_uldivmod
    printfa.o(i._printf_core) refers (Special) to iusefp.o(.text) for __I$use$fp
    printfa.o(i._printf_core) refers to printfa.o(i._printf_pre_padding) for _printf_pre_padding
    printfa.o(i._printf_core) refers to uldiv.o(.text) for __aeabi_uldivmod
    printfa.o(i._printf_core) refers to printfa.o(i._printf_post_padding) for _printf_post_padding
    printfa.o(i._printf_core) refers to printfa.o(i._fp_digits) for _fp_digits
    printfa.o(i._printf_core) refers to uidiv.o(.text) for __aeabi_uidivmod
    printfa.o(i._printf_post_padding) refers (Special) to iusefp.o(.text) for __I$use$fp
    printfa.o(i._printf_pre_padding) refers (Special) to iusefp.o(.text) for __I$use$fp
    printfa.o(i._snputc) refers (Special) to iusefp.o(.text) for __I$use$fp
    printfa.o(i._sputc) refers (Special) to iusefp.o(.text) for __I$use$fp
    fadd.o(.text) refers (Special) to iusefp.o(.text) for __I$use$fp
    fadd.o(.text) refers to fepilogue.o(.text) for _float_epilogue
    fmul.o(.text) refers (Special) to iusefp.o(.text) for __I$use$fp
    dadd.o(.text) refers (Special) to iusefp.o(.text) for __I$use$fp
    dadd.o(.text) refers to llshl.o(.text) for __aeabi_llsl
    dadd.o(.text) refers to llsshr.o(.text) for __aeabi_lasr
    dadd.o(.text) refers to depilogue.o(.text) for _double_epilogue
    dmul.o(.text) refers (Special) to iusefp.o(.text) for __I$use$fp
    dmul.o(.text) refers to depilogue.o(.text) for _double_epilogue
    fflti.o(.text) refers (Special) to iusefp.o(.text) for __I$use$fp
    fflti.o(.text) refers to fepilogue.o(.text) for _float_epilogue
    ffltui.o(.text) refers (Special) to iusefp.o(.text) for __I$use$fp
    ffltui.o(.text) refers to fepilogue.o(.text) for _float_epilogue
    dfltui.o(.text) refers (Special) to iusefp.o(.text) for __I$use$fp
    dfltui.o(.text) refers to depilogue.o(.text) for _double_epilogue
    ffixui.o(.text) refers (Special) to iusefp.o(.text) for __I$use$fp
    f2d.o(.text) refers (Special) to iusefp.o(.text) for __I$use$fp
    d2f.o(.text) refers (Special) to iusefp.o(.text) for __I$use$fp
    d2f.o(.text) refers to fepilogue.o(.text) for _float_round
    entry2.o(.ARM.Collect$$$$00000001) refers to entry2.o(.ARM.Collect$$$$00002712) for __lit__00000000
    entry2.o(.ARM.Collect$$$$00002712) refers to startup_gd32f1x0.o(STACK) for __initial_sp
    entry2.o(__vectab_stack_and_reset_area) refers to startup_gd32f1x0.o(STACK) for __initial_sp
    entry2.o(__vectab_stack_and_reset_area) refers to entry.o(.ARM.Collect$$$$00000000) for __main
    entry5.o(.ARM.Collect$$$$00000004) refers to init.o(.text) for __scatterload
    entry9a.o(.ARM.Collect$$$$0000000B) refers to main.o(i.main) for main
    entry9b.o(.ARM.Collect$$$$0000000C) refers to main.o(i.main) for main
    uldiv.o(.text) refers to llushr.o(.text) for __aeabi_llsr
    uldiv.o(.text) refers to llshl.o(.text) for __aeabi_llsl
    depilogue.o(.text) refers to llshl.o(.text) for __aeabi_llsl
    depilogue.o(.text) refers to llushr.o(.text) for __aeabi_llsr
    ddiv.o(.text) refers to depilogue.o(.text) for _double_round
    dfixul.o(.text) refers to llushr.o(.text) for __aeabi_llsr
    dfixul.o(.text) refers to llshl.o(.text) for __aeabi_llsl
    init.o(.text) refers to entry5.o(.ARM.Collect$$$$00000004) for __main_after_scatterload


==============================================================================

Removing Unused input sections from the image.

    Removing main.o(.rev16_text), (4 bytes).
    Removing main.o(.revsh_text), (4 bytes).
    Removing main.o(.rrx_text), (6 bytes).
    Removing gd32f1x0_it.o(.rev16_text), (4 bytes).
    Removing gd32f1x0_it.o(.revsh_text), (4 bytes).
    Removing gd32f1x0_it.o(.rrx_text), (6 bytes).
    Removing systick.o(.rev16_text), (4 bytes).
    Removing systick.o(.revsh_text), (4 bytes).
    Removing systick.o(.rrx_text), (6 bytes).
    Removing systick.o(i.delay_1ms), (20 bytes).
    Removing tm1637.o(.rev16_text), (4 bytes).
    Removing tm1637.o(.revsh_text), (4 bytes).
    Removing tm1637.o(.rrx_text), (6 bytes).
    Removing tm1637.o(i.tm1637_brightness), (8 bytes).
    Removing tm1637.o(i.tm1637_clear), (36 bytes).
    Removing tm1637.o(i.tm1637_display_auto), (64 bytes).
    Removing tm1637.o(i.tm1637_lock), (24 bytes).
    Removing tm1637.o(i.tm1637_unlock), (6 bytes).
    Removing debug_printf.o(.rev16_text), (4 bytes).
    Removing debug_printf.o(.revsh_text), (4 bytes).
    Removing debug_printf.o(.rrx_text), (6 bytes).
    Removing delay.o(.rev16_text), (4 bytes).
    Removing delay.o(.revsh_text), (4 bytes).
    Removing delay.o(.rrx_text), (6 bytes).
    Removing encoder.o(.rev16_text), (4 bytes).
    Removing encoder.o(.revsh_text), (4 bytes).
    Removing encoder.o(.rrx_text), (6 bytes).
    Removing ds18b20.o(.rev16_text), (4 bytes).
    Removing ds18b20.o(.revsh_text), (4 bytes).
    Removing ds18b20.o(.rrx_text), (6 bytes).
    Removing ds1302.o(.rev16_text), (4 bytes).
    Removing ds1302.o(.revsh_text), (4 bytes).
    Removing ds1302.o(.rrx_text), (6 bytes).
    Removing menus.o(.rev16_text), (4 bytes).
    Removing menus.o(.revsh_text), (4 bytes).
    Removing menus.o(.rrx_text), (6 bytes).
    Removing system_gd32f1x0.o(.rev16_text), (4 bytes).
    Removing system_gd32f1x0.o(.revsh_text), (4 bytes).
    Removing system_gd32f1x0.o(.rrx_text), (6 bytes).
    Removing system_gd32f1x0.o(i.SystemCoreClockUpdate), (240 bytes).
    Removing startup_gd32f1x0.o(HEAP), (1024 bytes).
    Removing gd32f1x0_exti.o(.rev16_text), (4 bytes).
    Removing gd32f1x0_exti.o(.revsh_text), (4 bytes).
    Removing gd32f1x0_exti.o(.rrx_text), (6 bytes).
    Removing gd32f1x0_exti.o(i.exti_deinit), (32 bytes).
    Removing gd32f1x0_exti.o(i.exti_event_disable), (16 bytes).
    Removing gd32f1x0_exti.o(i.exti_event_enable), (16 bytes).
    Removing gd32f1x0_exti.o(i.exti_flag_clear), (12 bytes).
    Removing gd32f1x0_exti.o(i.exti_flag_get), (24 bytes).
    Removing gd32f1x0_exti.o(i.exti_interrupt_disable), (16 bytes).
    Removing gd32f1x0_exti.o(i.exti_interrupt_enable), (16 bytes).
    Removing gd32f1x0_exti.o(i.exti_software_interrupt_disable), (16 bytes).
    Removing gd32f1x0_exti.o(i.exti_software_interrupt_enable), (16 bytes).
    Removing gd32f1x0_gpio.o(.rev16_text), (4 bytes).
    Removing gd32f1x0_gpio.o(.revsh_text), (4 bytes).
    Removing gd32f1x0_gpio.o(.rrx_text), (6 bytes).
    Removing gd32f1x0_gpio.o(i.gpio_bit_reset), (4 bytes).
    Removing gd32f1x0_gpio.o(i.gpio_bit_set), (4 bytes).
    Removing gd32f1x0_gpio.o(i.gpio_deinit), (148 bytes).
    Removing gd32f1x0_gpio.o(i.gpio_input_port_get), (8 bytes).
    Removing gd32f1x0_gpio.o(i.gpio_output_bit_get), (16 bytes).
    Removing gd32f1x0_gpio.o(i.gpio_output_port_get), (8 bytes).
    Removing gd32f1x0_gpio.o(i.gpio_pin_lock), (18 bytes).
    Removing gd32f1x0_gpio.o(i.gpio_port_write), (4 bytes).
    Removing gd32f1x0_rcu.o(.rev16_text), (4 bytes).
    Removing gd32f1x0_rcu.o(.revsh_text), (4 bytes).
    Removing gd32f1x0_rcu.o(.rrx_text), (6 bytes).
    Removing gd32f1x0_rcu.o(i.rcu_adc_clock_config), (152 bytes).
    Removing gd32f1x0_rcu.o(i.rcu_ahb_clock_config), (28 bytes).
    Removing gd32f1x0_rcu.o(i.rcu_all_reset_flag_clear), (20 bytes).
    Removing gd32f1x0_rcu.o(i.rcu_apb1_clock_config), (28 bytes).
    Removing gd32f1x0_rcu.o(i.rcu_apb2_clock_config), (28 bytes).
    Removing gd32f1x0_rcu.o(i.rcu_bkp_reset_disable), (20 bytes).
    Removing gd32f1x0_rcu.o(i.rcu_bkp_reset_enable), (20 bytes).
    Removing gd32f1x0_rcu.o(i.rcu_cec_clock_config), (28 bytes).
    Removing gd32f1x0_rcu.o(i.rcu_ckout_config), (28 bytes).
    Removing gd32f1x0_rcu.o(i.rcu_deepsleep_voltage_set), (36 bytes).
    Removing gd32f1x0_rcu.o(i.rcu_deinit), (128 bytes).
    Removing gd32f1x0_rcu.o(i.rcu_flag_get), (36 bytes).
    Removing gd32f1x0_rcu.o(i.rcu_hxtal_clock_monitor_disable), (20 bytes).
    Removing gd32f1x0_rcu.o(i.rcu_hxtal_clock_monitor_enable), (20 bytes).
    Removing gd32f1x0_rcu.o(i.rcu_hxtal_prediv_config), (24 bytes).
    Removing gd32f1x0_rcu.o(i.rcu_interrupt_disable), (16 bytes).
    Removing gd32f1x0_rcu.o(i.rcu_interrupt_enable), (16 bytes).
    Removing gd32f1x0_rcu.o(i.rcu_interrupt_flag_clear), (16 bytes).
    Removing gd32f1x0_rcu.o(i.rcu_interrupt_flag_get), (24 bytes).
    Removing gd32f1x0_rcu.o(i.rcu_irc14m_adjust_value_set), (24 bytes).
    Removing gd32f1x0_rcu.o(i.rcu_irc8m_adjust_value_set), (24 bytes).
    Removing gd32f1x0_rcu.o(i.rcu_lxtal_drive_capability_config), (28 bytes).
    Removing gd32f1x0_rcu.o(i.rcu_osci_bypass_mode_disable), (100 bytes).
    Removing gd32f1x0_rcu.o(i.rcu_osci_bypass_mode_enable), (100 bytes).
    Removing gd32f1x0_rcu.o(i.rcu_osci_off), (32 bytes).
    Removing gd32f1x0_rcu.o(i.rcu_osci_on), (32 bytes).
    Removing gd32f1x0_rcu.o(i.rcu_osci_stab_wait), (268 bytes).
    Removing gd32f1x0_rcu.o(i.rcu_periph_clock_disable), (32 bytes).
    Removing gd32f1x0_rcu.o(i.rcu_periph_clock_sleep_disable), (32 bytes).
    Removing gd32f1x0_rcu.o(i.rcu_periph_clock_sleep_enable), (32 bytes).
    Removing gd32f1x0_rcu.o(i.rcu_pll_config), (36 bytes).
    Removing gd32f1x0_rcu.o(i.rcu_power_down_voltage_set), (36 bytes).
    Removing gd32f1x0_rcu.o(i.rcu_rtc_clock_config), (28 bytes).
    Removing gd32f1x0_rcu.o(i.rcu_system_clock_source_config), (28 bytes).
    Removing gd32f1x0_rcu.o(i.rcu_system_clock_source_get), (16 bytes).
    Removing gd32f1x0_rcu.o(i.rcu_usart_clock_config), (28 bytes).
    Removing gd32f1x0_rcu.o(i.rcu_usbd_clock_config), (28 bytes).
    Removing gd32f1x0_rcu.o(i.rcu_voltage_key_unlock), (40 bytes).
    Removing gd32f1x0_syscfg.o(.rev16_text), (4 bytes).
    Removing gd32f1x0_syscfg.o(.revsh_text), (4 bytes).
    Removing gd32f1x0_syscfg.o(.rrx_text), (6 bytes).
    Removing gd32f1x0_syscfg.o(i.syscfg_deinit), (20 bytes).
    Removing gd32f1x0_syscfg.o(i.syscfg_dma_remap_disable), (16 bytes).
    Removing gd32f1x0_syscfg.o(i.syscfg_dma_remap_enable), (16 bytes).
    Removing gd32f1x0_syscfg.o(i.syscfg_flag_clear), (16 bytes).
    Removing gd32f1x0_syscfg.o(i.syscfg_flag_get), (24 bytes).
    Removing gd32f1x0_syscfg.o(i.syscfg_high_current_disable), (20 bytes).
    Removing gd32f1x0_syscfg.o(i.syscfg_high_current_enable), (20 bytes).
    Removing gd32f1x0_syscfg.o(i.syscfg_lock_config), (16 bytes).
    Removing gd32f1x0_timer.o(.rev16_text), (4 bytes).
    Removing gd32f1x0_timer.o(.revsh_text), (4 bytes).
    Removing gd32f1x0_timer.o(.rrx_text), (6 bytes).
    Removing gd32f1x0_timer.o(i.timer_auto_reload_shadow_disable), (10 bytes).
    Removing gd32f1x0_timer.o(i.timer_automatic_output_disable), (10 bytes).
    Removing gd32f1x0_timer.o(i.timer_automatic_output_enable), (10 bytes).
    Removing gd32f1x0_timer.o(i.timer_autoreload_value_config), (4 bytes).
    Removing gd32f1x0_timer.o(i.timer_break_config), (30 bytes).
    Removing gd32f1x0_timer.o(i.timer_break_disable), (10 bytes).
    Removing gd32f1x0_timer.o(i.timer_break_enable), (10 bytes).
    Removing gd32f1x0_timer.o(i.timer_break_struct_para_init), (18 bytes).
    Removing gd32f1x0_timer.o(i.timer_channel_capture_value_register_read), (42 bytes).
    Removing gd32f1x0_timer.o(i.timer_channel_complementary_output_polarity_config), (92 bytes).
    Removing gd32f1x0_timer.o(i.timer_channel_complementary_output_state_config), (70 bytes).
    Removing gd32f1x0_timer.o(i.timer_channel_control_shadow_config), (24 bytes).
    Removing gd32f1x0_timer.o(i.timer_channel_control_shadow_update_config), (26 bytes).
    Removing gd32f1x0_timer.o(i.timer_channel_dma_request_source_select), (26 bytes).
    Removing gd32f1x0_timer.o(i.timer_channel_input_capture_prescaler_config), (90 bytes).
    Removing gd32f1x0_timer.o(i.timer_channel_input_struct_para_init), (16 bytes).
    Removing gd32f1x0_timer.o(i.timer_channel_output_clear_config), (90 bytes).
    Removing gd32f1x0_timer.o(i.timer_channel_output_config), (520 bytes).
    Removing gd32f1x0_timer.o(i.timer_channel_output_fast_config), (90 bytes).
    Removing gd32f1x0_timer.o(i.timer_channel_output_mode_config), (90 bytes).
    Removing gd32f1x0_timer.o(i.timer_channel_output_polarity_config), (92 bytes).
    Removing gd32f1x0_timer.o(i.timer_channel_output_pulse_value_config), (38 bytes).
    Removing gd32f1x0_timer.o(i.timer_channel_output_shadow_config), (90 bytes).
    Removing gd32f1x0_timer.o(i.timer_channel_output_state_config), (92 bytes).
    Removing gd32f1x0_timer.o(i.timer_channel_output_struct_para_init), (16 bytes).
    Removing gd32f1x0_timer.o(i.timer_channel_remap_config), (4 bytes).
    Removing gd32f1x0_timer.o(i.timer_counter_alignment), (16 bytes).
    Removing gd32f1x0_timer.o(i.timer_counter_down_direction), (10 bytes).
    Removing gd32f1x0_timer.o(i.timer_counter_read), (8 bytes).
    Removing gd32f1x0_timer.o(i.timer_counter_up_direction), (10 bytes).
    Removing gd32f1x0_timer.o(i.timer_counter_value_config), (4 bytes).
    Removing gd32f1x0_timer.o(i.timer_dma_disable), (8 bytes).
    Removing gd32f1x0_timer.o(i.timer_dma_enable), (8 bytes).
    Removing gd32f1x0_timer.o(i.timer_dma_transfer_config), (24 bytes).
    Removing gd32f1x0_timer.o(i.timer_event_software_generate), (8 bytes).
    Removing gd32f1x0_timer.o(i.timer_external_clock_mode0_config), (40 bytes).
    Removing gd32f1x0_timer.o(i.timer_external_clock_mode1_config), (32 bytes).
    Removing gd32f1x0_timer.o(i.timer_external_clock_mode1_disable), (10 bytes).
    Removing gd32f1x0_timer.o(i.timer_external_trigger_as_external_clock_config), (166 bytes).
    Removing gd32f1x0_timer.o(i.timer_external_trigger_config), (30 bytes).
    Removing gd32f1x0_timer.o(i.timer_hall_mode_config), (26 bytes).
    Removing gd32f1x0_timer.o(i.timer_input_capture_config), (326 bytes).
    Removing gd32f1x0_timer.o(i.timer_input_pwm_capture_config), (356 bytes).
    Removing gd32f1x0_timer.o(i.timer_input_trigger_source_select), (16 bytes).
    Removing gd32f1x0_timer.o(i.timer_internal_clock_config), (10 bytes).
    Removing gd32f1x0_timer.o(i.timer_internal_trigger_as_external_clock_config), (32 bytes).
    Removing gd32f1x0_timer.o(i.timer_interrupt_disable), (8 bytes).
    Removing gd32f1x0_timer.o(i.timer_interrupt_enable), (8 bytes).
    Removing gd32f1x0_timer.o(i.timer_interrupt_flag_clear), (6 bytes).
    Removing gd32f1x0_timer.o(i.timer_interrupt_flag_get), (24 bytes).
    Removing gd32f1x0_timer.o(i.timer_master_output_trigger_source_select), (16 bytes).
    Removing gd32f1x0_timer.o(i.timer_master_slave_mode_config), (26 bytes).
    Removing gd32f1x0_timer.o(i.timer_ocpre_clear_source_config), (26 bytes).
    Removing gd32f1x0_timer.o(i.timer_prescaler_config), (14 bytes).
    Removing gd32f1x0_timer.o(i.timer_prescaler_read), (10 bytes).
    Removing gd32f1x0_timer.o(i.timer_primary_output_config), (24 bytes).
    Removing gd32f1x0_timer.o(i.timer_quadrature_decoder_mode_config), (64 bytes).
    Removing gd32f1x0_timer.o(i.timer_repetition_value_config), (4 bytes).
    Removing gd32f1x0_timer.o(i.timer_single_pulse_mode_config), (26 bytes).
    Removing gd32f1x0_timer.o(i.timer_slave_mode_select), (16 bytes).
    Removing gd32f1x0_timer.o(i.timer_update_event_disable), (10 bytes).
    Removing gd32f1x0_timer.o(i.timer_update_event_enable), (10 bytes).
    Removing gd32f1x0_timer.o(i.timer_update_source_config), (26 bytes).
    Removing gd32f1x0_usart.o(.rev16_text), (4 bytes).
    Removing gd32f1x0_usart.o(.revsh_text), (4 bytes).
    Removing gd32f1x0_usart.o(.rrx_text), (6 bytes).
    Removing gd32f1x0_usart.o(i.usart_address_config), (32 bytes).
    Removing gd32f1x0_usart.o(i.usart_address_detection_mode_config), (28 bytes).
    Removing gd32f1x0_usart.o(i.usart_autobaud_detection_disable), (10 bytes).
    Removing gd32f1x0_usart.o(i.usart_autobaud_detection_enable), (10 bytes).
    Removing gd32f1x0_usart.o(i.usart_autobaud_detection_mode_config), (16 bytes).
    Removing gd32f1x0_usart.o(i.usart_block_length_config), (24 bytes).
    Removing gd32f1x0_usart.o(i.usart_clock_disable), (18 bytes).
    Removing gd32f1x0_usart.o(i.usart_clock_enable), (18 bytes).
    Removing gd32f1x0_usart.o(i.usart_command_enable), (8 bytes).
    Removing gd32f1x0_usart.o(i.usart_data_first_config), (28 bytes).
    Removing gd32f1x0_usart.o(i.usart_data_receive), (10 bytes).
    Removing gd32f1x0_usart.o(i.usart_depolarity_config), (28 bytes).
    Removing gd32f1x0_usart.o(i.usart_disable), (10 bytes).
    Removing gd32f1x0_usart.o(i.usart_dma_receive_config), (16 bytes).
    Removing gd32f1x0_usart.o(i.usart_dma_transmit_config), (16 bytes).
    Removing gd32f1x0_usart.o(i.usart_driver_assertime_config), (32 bytes).
    Removing gd32f1x0_usart.o(i.usart_driver_deassertime_config), (32 bytes).
    Removing gd32f1x0_usart.o(i.usart_flag_clear), (18 bytes).
    Removing gd32f1x0_usart.o(i.usart_guard_time_config), (32 bytes).
    Removing gd32f1x0_usart.o(i.usart_halfduplex_disable), (18 bytes).
    Removing gd32f1x0_usart.o(i.usart_halfduplex_enable), (18 bytes).
    Removing gd32f1x0_usart.o(i.usart_hardware_flow_cts_config), (24 bytes).
    Removing gd32f1x0_usart.o(i.usart_hardware_flow_rts_config), (24 bytes).
    Removing gd32f1x0_usart.o(i.usart_interrupt_disable), (26 bytes).
    Removing gd32f1x0_usart.o(i.usart_interrupt_enable), (26 bytes).
    Removing gd32f1x0_usart.o(i.usart_interrupt_flag_clear), (18 bytes).
    Removing gd32f1x0_usart.o(i.usart_interrupt_flag_get), (56 bytes).
    Removing gd32f1x0_usart.o(i.usart_invert_config), (110 bytes).
    Removing gd32f1x0_usart.o(i.usart_irda_lowpower_config), (28 bytes).
    Removing gd32f1x0_usart.o(i.usart_irda_mode_disable), (18 bytes).
    Removing gd32f1x0_usart.o(i.usart_irda_mode_enable), (18 bytes).
    Removing gd32f1x0_usart.o(i.usart_lin_break_detection_length_config), (28 bytes).
    Removing gd32f1x0_usart.o(i.usart_lin_mode_disable), (18 bytes).
    Removing gd32f1x0_usart.o(i.usart_lin_mode_enable), (18 bytes).
    Removing gd32f1x0_usart.o(i.usart_mute_mode_disable), (10 bytes).
    Removing gd32f1x0_usart.o(i.usart_mute_mode_enable), (10 bytes).
    Removing gd32f1x0_usart.o(i.usart_mute_mode_wakeup_config), (24 bytes).
    Removing gd32f1x0_usart.o(i.usart_overrun_disable), (18 bytes).
    Removing gd32f1x0_usart.o(i.usart_overrun_enable), (18 bytes).
    Removing gd32f1x0_usart.o(i.usart_oversample_config), (24 bytes).
    Removing gd32f1x0_usart.o(i.usart_parity_config), (24 bytes).
    Removing gd32f1x0_usart.o(i.usart_prescaler_config), (24 bytes).
    Removing gd32f1x0_usart.o(i.usart_receiver_timeout_disable), (10 bytes).
    Removing gd32f1x0_usart.o(i.usart_receiver_timeout_enable), (10 bytes).
    Removing gd32f1x0_usart.o(i.usart_receiver_timeout_threshold_config), (16 bytes).
    Removing gd32f1x0_usart.o(i.usart_reception_error_dma_disable), (18 bytes).
    Removing gd32f1x0_usart.o(i.usart_reception_error_dma_enable), (18 bytes).
    Removing gd32f1x0_usart.o(i.usart_rs485_driver_disable), (18 bytes).
    Removing gd32f1x0_usart.o(i.usart_rs485_driver_enable), (18 bytes).
    Removing gd32f1x0_usart.o(i.usart_sample_bit_config), (24 bytes).
    Removing gd32f1x0_usart.o(i.usart_smartcard_autoretry_config), (32 bytes).
    Removing gd32f1x0_usart.o(i.usart_smartcard_mode_disable), (18 bytes).
    Removing gd32f1x0_usart.o(i.usart_smartcard_mode_enable), (18 bytes).
    Removing gd32f1x0_usart.o(i.usart_smartcard_mode_nack_disable), (18 bytes).
    Removing gd32f1x0_usart.o(i.usart_smartcard_mode_nack_enable), (18 bytes).
    Removing gd32f1x0_usart.o(i.usart_stop_bit_set), (24 bytes).
    Removing gd32f1x0_usart.o(i.usart_synchronous_clock_config), (50 bytes).
    Removing gd32f1x0_usart.o(i.usart_wakeup_disable), (10 bytes).
    Removing gd32f1x0_usart.o(i.usart_wakeup_enable), (10 bytes).
    Removing gd32f1x0_usart.o(i.usart_wakeup_mode_config), (28 bytes).
    Removing gd32f1x0_usart.o(i.usart_word_length_set), (24 bytes).
    Removing gd32f1x0_misc.o(.rev16_text), (4 bytes).
    Removing gd32f1x0_misc.o(.revsh_text), (4 bytes).
    Removing gd32f1x0_misc.o(.rrx_text), (6 bytes).
    Removing gd32f1x0_misc.o(i.nvic_irq_disable), (24 bytes).
    Removing gd32f1x0_misc.o(i.system_lowpower_reset), (16 bytes).
    Removing gd32f1x0_misc.o(i.system_lowpower_set), (16 bytes).
    Removing gd32f1x0_misc.o(i.systick_clksource_set), (40 bytes).
    Removing gd32f1x0_dbg.o(.rev16_text), (4 bytes).
    Removing gd32f1x0_dbg.o(.revsh_text), (4 bytes).
    Removing gd32f1x0_dbg.o(.rrx_text), (6 bytes).
    Removing gd32f1x0_dbg.o(i.dbg_deinit), (16 bytes).
    Removing gd32f1x0_dbg.o(i.dbg_id_get), (12 bytes).
    Removing gd32f1x0_dbg.o(i.dbg_low_power_disable), (16 bytes).
    Removing gd32f1x0_dbg.o(i.dbg_low_power_enable), (16 bytes).
    Removing gd32f1x0_dbg.o(i.dbg_periph_disable), (32 bytes).
    Removing gd32f1x0_dbg.o(i.dbg_periph_enable), (32 bytes).
    Removing gd32f1x0r_eval.o(.rev16_text), (4 bytes).
    Removing gd32f1x0r_eval.o(.revsh_text), (4 bytes).
    Removing gd32f1x0r_eval.o(.rrx_text), (6 bytes).
    Removing gd32f1x0r_eval.o(i.gd_eval_key_init), (128 bytes).
    Removing gd32f1x0r_eval.o(i.gd_eval_key_state_get), (32 bytes).
    Removing gd32f1x0r_eval.o(i.gd_eval_led_init), (84 bytes).
    Removing gd32f1x0r_eval.o(i.gd_eval_led_off), (24 bytes).
    Removing gd32f1x0r_eval.o(i.gd_eval_led_on), (24 bytes).
    Removing gd32f1x0r_eval.o(i.gd_eval_led_toggle), (36 bytes).
    Removing ddiv.o(.text), (222 bytes).
    Removing dfixul.o(.text), (48 bytes).
    Removing cdrcmple.o(.text), (48 bytes).

274 unused section(s) (total 9158 bytes) removed from the image.

==============================================================================

Image Symbol Table

    Local Symbols

    Symbol Name                              Value     Ov Type        Size  Object(Section)

    ../clib/../cmprslib/zerorunl2.c          0x00000000   Number         0  __dczerorl2.o ABSOLUTE
    ../clib/microlib/division.c              0x00000000   Number         0  uidiv.o ABSOLUTE
    ../clib/microlib/division.c              0x00000000   Number         0  uldiv.o ABSOLUTE
    ../clib/microlib/init/entry.s            0x00000000   Number         0  entry8a.o ABSOLUTE
    ../clib/microlib/init/entry.s            0x00000000   Number         0  entry7b.o ABSOLUTE
    ../clib/microlib/init/entry.s            0x00000000   Number         0  entry12b.o ABSOLUTE
    ../clib/microlib/init/entry.s            0x00000000   Number         0  entry12a.o ABSOLUTE
    ../clib/microlib/init/entry.s            0x00000000   Number         0  entry7a.o ABSOLUTE
    ../clib/microlib/init/entry.s            0x00000000   Number         0  entry10b.o ABSOLUTE
    ../clib/microlib/init/entry.s            0x00000000   Number         0  entry11b.o ABSOLUTE
    ../clib/microlib/init/entry.s            0x00000000   Number         0  entry5.o ABSOLUTE
    ../clib/microlib/init/entry.s            0x00000000   Number         0  entry11a.o ABSOLUTE
    ../clib/microlib/init/entry.s            0x00000000   Number         0  entry10a.o ABSOLUTE
    ../clib/microlib/init/entry.s            0x00000000   Number         0  entry9b.o ABSOLUTE
    ../clib/microlib/init/entry.s            0x00000000   Number         0  entry.o ABSOLUTE
    ../clib/microlib/init/entry.s            0x00000000   Number         0  entry9a.o ABSOLUTE
    ../clib/microlib/init/entry.s            0x00000000   Number         0  entry2.o ABSOLUTE
    ../clib/microlib/init/entry.s            0x00000000   Number         0  entry8b.o ABSOLUTE
    ../clib/microlib/longlong.c              0x00000000   Number         0  llushr.o ABSOLUTE
    ../clib/microlib/longlong.c              0x00000000   Number         0  llsshr.o ABSOLUTE
    ../clib/microlib/longlong.c              0x00000000   Number         0  llshl.o ABSOLUTE
    ../clib/microlib/printf/printf.c         0x00000000   Number         0  printf3.o ABSOLUTE
    ../clib/microlib/printf/printf.c         0x00000000   Number         0  printf6.o ABSOLUTE
    ../clib/microlib/printf/printf.c         0x00000000   Number         0  printf7.o ABSOLUTE
    ../clib/microlib/printf/printf.c         0x00000000   Number         0  printfa.o ABSOLUTE
    ../clib/microlib/printf/printf.c         0x00000000   Number         0  printfb.o ABSOLUTE
    ../clib/microlib/printf/printf.c         0x00000000   Number         0  printf0.o ABSOLUTE
    ../clib/microlib/printf/printf.c         0x00000000   Number         0  printf4.o ABSOLUTE
    ../clib/microlib/printf/printf.c         0x00000000   Number         0  printf5.o ABSOLUTE
    ../clib/microlib/printf/printf.c         0x00000000   Number         0  printf1.o ABSOLUTE
    ../clib/microlib/printf/printf.c         0x00000000   Number         0  printf8.o ABSOLUTE
    ../clib/microlib/printf/printf.c         0x00000000   Number         0  printf2.o ABSOLUTE
    ../clib/microlib/stdio/streams.c         0x00000000   Number         0  stdout.o ABSOLUTE
    ../clib/microlib/stubs.s                 0x00000000   Number         0  iusefp.o ABSOLUTE
    ../fplib/microlib/d2f.c                  0x00000000   Number         0  d2f.o ABSOLUTE
    ../fplib/microlib/f2d.c                  0x00000000   Number         0  f2d.o ABSOLUTE
    ../fplib/microlib/fpadd.c                0x00000000   Number         0  fadd.o ABSOLUTE
    ../fplib/microlib/fpadd.c                0x00000000   Number         0  dadd.o ABSOLUTE
    ../fplib/microlib/fpdiv.c                0x00000000   Number         0  ddiv.o ABSOLUTE
    ../fplib/microlib/fpepilogue.c           0x00000000   Number         0  fepilogue.o ABSOLUTE
    ../fplib/microlib/fpepilogue.c           0x00000000   Number         0  depilogue.o ABSOLUTE
    ../fplib/microlib/fpfix.c                0x00000000   Number         0  ffixui.o ABSOLUTE
    ../fplib/microlib/fpfix.c                0x00000000   Number         0  dfixul.o ABSOLUTE
    ../fplib/microlib/fpflt.c                0x00000000   Number         0  ffltui.o ABSOLUTE
    ../fplib/microlib/fpflt.c                0x00000000   Number         0  dfltui.o ABSOLUTE
    ../fplib/microlib/fpflt.c                0x00000000   Number         0  fflti.o ABSOLUTE
    ../fplib/microlib/fpmul.c                0x00000000   Number         0  fmul.o ABSOLUTE
    ../fplib/microlib/fpmul.c                0x00000000   Number         0  dmul.o ABSOLUTE
    Firmware\CMSIS\GD\GD32F1x0\Source\ARM\startup_gd32f1x0.s 0x00000000   Number         0  startup_gd32f1x0.o ABSOLUTE
    Firmware\CMSIS\GD\GD32F1x0\Source\system_gd32f1x0.c 0x00000000   Number         0  system_gd32f1x0.o ABSOLUTE
    Firmware\GD32F1x0_standard_peripheral\Source\gd32f1x0_dbg.c 0x00000000   Number         0  gd32f1x0_dbg.o ABSOLUTE
    Firmware\GD32F1x0_standard_peripheral\Source\gd32f1x0_exti.c 0x00000000   Number         0  gd32f1x0_exti.o ABSOLUTE
    Firmware\GD32F1x0_standard_peripheral\Source\gd32f1x0_gpio.c 0x00000000   Number         0  gd32f1x0_gpio.o ABSOLUTE
    Firmware\GD32F1x0_standard_peripheral\Source\gd32f1x0_misc.c 0x00000000   Number         0  gd32f1x0_misc.o ABSOLUTE
    Firmware\GD32F1x0_standard_peripheral\Source\gd32f1x0_rcu.c 0x00000000   Number         0  gd32f1x0_rcu.o ABSOLUTE
    Firmware\GD32F1x0_standard_peripheral\Source\gd32f1x0_syscfg.c 0x00000000   Number         0  gd32f1x0_syscfg.o ABSOLUTE
    Firmware\GD32F1x0_standard_peripheral\Source\gd32f1x0_timer.c 0x00000000   Number         0  gd32f1x0_timer.o ABSOLUTE
    Firmware\GD32F1x0_standard_peripheral\Source\gd32f1x0_usart.c 0x00000000   Number         0  gd32f1x0_usart.o ABSOLUTE
    Firmware\\CMSIS\\GD\\GD32F1x0\\Source\\system_gd32f1x0.c 0x00000000   Number         0  system_gd32f1x0.o ABSOLUTE
    Firmware\\GD32F1x0_standard_peripheral\\Source\\gd32f1x0_dbg.c 0x00000000   Number         0  gd32f1x0_dbg.o ABSOLUTE
    Firmware\\GD32F1x0_standard_peripheral\\Source\\gd32f1x0_exti.c 0x00000000   Number         0  gd32f1x0_exti.o ABSOLUTE
    Firmware\\GD32F1x0_standard_peripheral\\Source\\gd32f1x0_gpio.c 0x00000000   Number         0  gd32f1x0_gpio.o ABSOLUTE
    Firmware\\GD32F1x0_standard_peripheral\\Source\\gd32f1x0_misc.c 0x00000000   Number         0  gd32f1x0_misc.o ABSOLUTE
    Firmware\\GD32F1x0_standard_peripheral\\Source\\gd32f1x0_rcu.c 0x00000000   Number         0  gd32f1x0_rcu.o ABSOLUTE
    Firmware\\GD32F1x0_standard_peripheral\\Source\\gd32f1x0_syscfg.c 0x00000000   Number         0  gd32f1x0_syscfg.o ABSOLUTE
    Firmware\\GD32F1x0_standard_peripheral\\Source\\gd32f1x0_timer.c 0x00000000   Number         0  gd32f1x0_timer.o ABSOLUTE
    Firmware\\GD32F1x0_standard_peripheral\\Source\\gd32f1x0_usart.c 0x00000000   Number         0  gd32f1x0_usart.o ABSOLUTE
    Src\\debug_printf.c                      0x00000000   Number         0  debug_printf.o ABSOLUTE
    Src\\delay.c                             0x00000000   Number         0  delay.o ABSOLUTE
    Src\\ds1302.c                            0x00000000   Number         0  ds1302.o ABSOLUTE
    Src\\ds18b20.c                           0x00000000   Number         0  ds18b20.o ABSOLUTE
    Src\\encoder.c                           0x00000000   Number         0  encoder.o ABSOLUTE
    Src\\gd32f1x0_it.c                       0x00000000   Number         0  gd32f1x0_it.o ABSOLUTE
    Src\\main.c                              0x00000000   Number         0  main.o ABSOLUTE
    Src\\menus.c                             0x00000000   Number         0  menus.o ABSOLUTE
    Src\\systick.c                           0x00000000   Number         0  systick.o ABSOLUTE
    Src\\tm1637.c                            0x00000000   Number         0  tm1637.o ABSOLUTE
    Src\debug_printf.c                       0x00000000   Number         0  debug_printf.o ABSOLUTE
    Src\delay.c                              0x00000000   Number         0  delay.o ABSOLUTE
    Src\ds1302.c                             0x00000000   Number         0  ds1302.o ABSOLUTE
    Src\ds18b20.c                            0x00000000   Number         0  ds18b20.o ABSOLUTE
    Src\encoder.c                            0x00000000   Number         0  encoder.o ABSOLUTE
    Src\gd32f1x0_it.c                        0x00000000   Number         0  gd32f1x0_it.o ABSOLUTE
    Src\main.c                               0x00000000   Number         0  main.o ABSOLUTE
    Src\menus.c                              0x00000000   Number         0  menus.o ABSOLUTE
    Src\systick.c                            0x00000000   Number         0  systick.o ABSOLUTE
    Src\tm1637.c                             0x00000000   Number         0  tm1637.o ABSOLUTE
    Utilities\\gd32f1x0r_eval.c              0x00000000   Number         0  gd32f1x0r_eval.o ABSOLUTE
    Utilities\gd32f1x0r_eval.c               0x00000000   Number         0  gd32f1x0r_eval.o ABSOLUTE
    cdrcmple.s                               0x00000000   Number         0  cdrcmple.o ABSOLUTE
    dc.s                                     0x00000000   Number         0  dc.o ABSOLUTE
    handlers.s                               0x00000000   Number         0  handlers.o ABSOLUTE
    init.s                                   0x00000000   Number         0  init.o ABSOLUTE
    RESET                                    0x08000000   Section      360  startup_gd32f1x0.o(RESET)
    .ARM.Collect$$$$00000000                 0x08000168   Section        0  entry.o(.ARM.Collect$$$$00000000)
    .ARM.Collect$$$$00000001                 0x08000168   Section        4  entry2.o(.ARM.Collect$$$$00000001)
    .ARM.Collect$$$$00000004                 0x0800016c   Section        4  entry5.o(.ARM.Collect$$$$00000004)
    .ARM.Collect$$$$00000008                 0x08000170   Section        0  entry7b.o(.ARM.Collect$$$$00000008)
    .ARM.Collect$$$$0000000A                 0x08000170   Section        0  entry8b.o(.ARM.Collect$$$$0000000A)
    .ARM.Collect$$$$0000000B                 0x08000170   Section        8  entry9a.o(.ARM.Collect$$$$0000000B)
    .ARM.Collect$$$$0000000E                 0x08000178   Section        4  entry12b.o(.ARM.Collect$$$$0000000E)
    .ARM.Collect$$$$0000000F                 0x0800017c   Section        0  entry10a.o(.ARM.Collect$$$$0000000F)
    .ARM.Collect$$$$00000011                 0x0800017c   Section        0  entry11a.o(.ARM.Collect$$$$00000011)
    .ARM.Collect$$$$00002712                 0x0800017c   Section        4  entry2.o(.ARM.Collect$$$$00002712)
    __lit__00000000                          0x0800017c   Data           4  entry2.o(.ARM.Collect$$$$00002712)
    .text                                    0x08000180   Section       36  startup_gd32f1x0.o(.text)
    .text                                    0x080001a4   Section        0  fadd.o(.text)
    .text                                    0x08000254   Section        0  fmul.o(.text)
    .text                                    0x080002b8   Section        0  dadd.o(.text)
    .text                                    0x08000406   Section        0  dmul.o(.text)
    .text                                    0x080004ea   Section        0  fflti.o(.text)
    .text                                    0x080004fc   Section        0  ffltui.o(.text)
    .text                                    0x08000506   Section        0  dfltui.o(.text)
    .text                                    0x08000520   Section        0  ffixui.o(.text)
    .text                                    0x08000548   Section        0  f2d.o(.text)
    .text                                    0x0800056e   Section        0  d2f.o(.text)
    .text                                    0x080005a6   Section        0  llshl.o(.text)
    .text                                    0x080005c4   Section        0  llsshr.o(.text)
    .text                                    0x080005e8   Section        0  iusefp.o(.text)
    .text                                    0x080005e8   Section        0  fepilogue.o(.text)
    .text                                    0x08000656   Section        0  depilogue.o(.text)
    .text                                    0x08000710   Section       36  init.o(.text)
    .text                                    0x08000734   Section        0  llushr.o(.text)
    .text                                    0x08000754   Section        0  __dczerorl2.o(.text)
    i.BusFault_Handler                       0x080007aa   Section        0  gd32f1x0_it.o(i.BusFault_Handler)
    i.DebugMon_Handler                       0x080007ae   Section        0  gd32f1x0_it.o(i.DebugMon_Handler)
    i.EXTI0_1_IRQHandler                     0x080007b0   Section        0  gd32f1x0_it.o(i.EXTI0_1_IRQHandler)
    i.EXTI4_15_IRQHandler                    0x080007b4   Section        0  gd32f1x0_it.o(i.EXTI4_15_IRQHandler)
    i.HardFault_Handler                      0x080008ac   Section        0  gd32f1x0_it.o(i.HardFault_Handler)
    i.MemManage_Handler                      0x080008b0   Section        0  gd32f1x0_it.o(i.MemManage_Handler)
    i.NMI_Handler                            0x080008b4   Section        0  gd32f1x0_it.o(i.NMI_Handler)
    i.NVIC_SetPriority                       0x080008b8   Section        0  systick.o(i.NVIC_SetPriority)
    NVIC_SetPriority                         0x080008b9   Thumb Code    32  systick.o(i.NVIC_SetPriority)
    i.PendSV_Handler                         0x080008e0   Section        0  gd32f1x0_it.o(i.PendSV_Handler)
    i.SVC_Handler                            0x080008e2   Section        0  gd32f1x0_it.o(i.SVC_Handler)
    i.SysTick_Handler                        0x080008e4   Section        0  gd32f1x0_it.o(i.SysTick_Handler)
    i.SystemInit                             0x08000964   Section        0  system_gd32f1x0.o(i.SystemInit)
    i.UsageFault_Handler                     0x080009f4   Section        0  gd32f1x0_it.o(i.UsageFault_Handler)
    i.__0printf$bare                         0x080009f8   Section        0  printfb.o(i.__0printf$bare)
    i.__scatterload_copy                     0x08000a08   Section       14  handlers.o(i.__scatterload_copy)
    i.__scatterload_null                     0x08000a16   Section        2  handlers.o(i.__scatterload_null)
    i.__scatterload_zeroinit                 0x08000a18   Section       14  handlers.o(i.__scatterload_zeroinit)
    i._printf_core                           0x08000a26   Section        0  printfb.o(i._printf_core)
    _printf_core                             0x08000a27   Thumb Code    34  printfb.o(i._printf_core)
    i.caculate_temp                          0x08000a48   Section        0  ds18b20.o(i.caculate_temp)
    caculate_temp                            0x08000a49   Thumb Code   116  ds18b20.o(i.caculate_temp)
    i.debug_printf_init                      0x08000ac0   Section        0  debug_printf.o(i.debug_printf_init)
    i.delay_1us                              0x08000acc   Section        0  delay.o(i.delay_1us)
    i.delay_decrement                        0x08000b04   Section        0  systick.o(i.delay_decrement)
    i.delay_ms                               0x08000b1c   Section        0  delay.o(i.delay_ms)
    i.ds1302_dio_mode                        0x08000b36   Section        0  ds1302.o(i.ds1302_dio_mode)
    ds1302_dio_mode                          0x08000b37   Thumb Code    72  ds1302.o(i.ds1302_dio_mode)
    i.ds1302_gpio_init                       0x08000b7e   Section        0  ds1302.o(i.ds1302_gpio_init)
    i.ds1302_init                            0x08000bd8   Section        0  ds1302.o(i.ds1302_init)
    i.ds1302_read                            0x08000c0c   Section        0  ds1302.o(i.ds1302_read)
    i.ds1302_read_time                       0x08000d2c   Section        0  ds1302.o(i.ds1302_read_time)
    i.ds1302_write                           0x08000d50   Section        0  ds1302.o(i.ds1302_write)
    i.ds18b20_ack                            0x08000e26   Section        0  ds18b20.o(i.ds18b20_ack)
    i.ds18b20_get_temp                       0x08000e72   Section        0  ds18b20.o(i.ds18b20_get_temp)
    i.ds18b20_init                           0x08000eb8   Section        0  ds18b20.o(i.ds18b20_init)
    i.ds18b20_mode                           0x08000ec6   Section        0  ds18b20.o(i.ds18b20_mode)
    ds18b20_mode                             0x08000ec7   Thumb Code    74  ds18b20.o(i.ds18b20_mode)
    i.ds18b20_read_byte                      0x08000f10   Section        0  ds18b20.o(i.ds18b20_read_byte)
    ds18b20_read_byte                        0x08000f11   Thumb Code    88  ds18b20.o(i.ds18b20_read_byte)
    i.ds18b20_write_byte                     0x08000f68   Section        0  ds18b20.o(i.ds18b20_write_byte)
    ds18b20_write_byte                       0x08000f69   Thumb Code    94  ds18b20.o(i.ds18b20_write_byte)
    i.encoder_exit_config                    0x08000fc8   Section        0  encoder.o(i.encoder_exit_config)
    i.encoder_handle                         0x08001064   Section        0  encoder.o(i.encoder_handle)
    i.exti_init                              0x08001188   Section        0  gd32f1x0_exti.o(i.exti_init)
    i.exti_interrupt_flag_clear              0x08001244   Section        0  gd32f1x0_exti.o(i.exti_interrupt_flag_clear)
    i.exti_interrupt_flag_get                0x08001250   Section        0  gd32f1x0_exti.o(i.exti_interrupt_flag_get)
    i.fputc                                  0x08001274   Section        0  debug_printf.o(i.fputc)
    i.fu_01                                  0x0800129c   Section        0  menus.o(i.fu_01)
    i.fu_01_fun                              0x080012a8   Section        0  menus.o(i.fu_01_fun)
    i.fu_02                                  0x08001314   Section        0  menus.o(i.fu_02)
    i.fu_02_fun                              0x0800131e   Section        0  menus.o(i.fu_02_fun)
    i.fu_03                                  0x08001320   Section        0  menus.o(i.fu_03)
    i.fu_03_fun                              0x0800132a   Section        0  menus.o(i.fu_03_fun)
    i.fu_04                                  0x0800132c   Section        0  menus.o(i.fu_04)
    i.fu_04_fun                              0x08001336   Section        0  menus.o(i.fu_04_fun)
    i.fu_05                                  0x08001338   Section        0  menus.o(i.fu_05)
    i.fu_05_fun                              0x08001344   Section        0  menus.o(i.fu_05_fun)
    i.gd_eval_com_init                       0x080013b8   Section        0  gd32f1x0r_eval.o(i.gd_eval_com_init)
    i.gpio_af_set                            0x08001478   Section        0  gd32f1x0_gpio.o(i.gpio_af_set)
    i.gpio_bit_write                         0x080014d6   Section        0  gd32f1x0_gpio.o(i.gpio_bit_write)
    i.gpio_input_bit_get                     0x080014e0   Section        0  gd32f1x0_gpio.o(i.gpio_input_bit_get)
    i.gpio_mode_set                          0x080014f0   Section        0  gd32f1x0_gpio.o(i.gpio_mode_set)
    i.gpio_output_options_set                0x0800153e   Section        0  gd32f1x0_gpio.o(i.gpio_output_options_set)
    i.i2c_ask                                0x08001580   Section        0  tm1637.o(i.i2c_ask)
    i2c_ask                                  0x08001581   Thumb Code    66  tm1637.o(i.i2c_ask)
    i.i2c_start                              0x080015c2   Section        0  tm1637.o(i.i2c_start)
    i2c_start                                0x080015c3   Thumb Code    80  tm1637.o(i.i2c_start)
    i.i2c_stop                               0x08001612   Section        0  tm1637.o(i.i2c_stop)
    i2c_stop                                 0x08001613   Thumb Code   106  tm1637.o(i.i2c_stop)
    i.i2c_write_byte                         0x0800167c   Section        0  tm1637.o(i.i2c_write_byte)
    i2c_write_byte                           0x0800167d   Thumb Code   124  tm1637.o(i.i2c_write_byte)
    i.main                                   0x080016f8   Section        0  main.o(i.main)
    i.main_page                              0x0800177c   Section        0  menus.o(i.main_page)
    i.menu_loop                              0x080017bc   Section        0  menus.o(i.menu_loop)
    i.nvic_irq_enable                        0x0800188c   Section        0  gd32f1x0_misc.o(i.nvic_irq_enable)
    i.nvic_priority_group_set                0x08001938   Section        0  gd32f1x0_misc.o(i.nvic_priority_group_set)
    i.nvic_vector_table_set                  0x0800194c   Section        0  gd32f1x0_misc.o(i.nvic_vector_table_set)
    i.rcu_clock_freq_get                     0x08001960   Section        0  gd32f1x0_rcu.o(i.rcu_clock_freq_get)
    i.rcu_periph_clock_enable                0x08001c08   Section        0  gd32f1x0_rcu.o(i.rcu_periph_clock_enable)
    i.rcu_periph_reset_disable               0x08001c28   Section        0  gd32f1x0_rcu.o(i.rcu_periph_reset_disable)
    i.rcu_periph_reset_enable                0x08001c48   Section        0  gd32f1x0_rcu.o(i.rcu_periph_reset_enable)
    i.syscfg_exti_line_config                0x08001c68   Section        0  gd32f1x0_syscfg.o(i.syscfg_exti_line_config)
    i.system_clock_72m_hxtal                 0x08001d08   Section        0  system_gd32f1x0.o(i.system_clock_72m_hxtal)
    system_clock_72m_hxtal                   0x08001d09   Thumb Code   154  system_gd32f1x0.o(i.system_clock_72m_hxtal)
    i.system_clock_config                    0x08001dac   Section        0  system_gd32f1x0.o(i.system_clock_config)
    system_clock_config                      0x08001dad   Thumb Code     8  system_gd32f1x0.o(i.system_clock_config)
    i.systick_config                         0x08001db4   Section        0  systick.o(i.systick_config)
    i.timer_auto_reload_shadow_enable        0x08001e04   Section        0  gd32f1x0_timer.o(i.timer_auto_reload_shadow_enable)
    i.timer_deinit                           0x08001e10   Section        0  gd32f1x0_timer.o(i.timer_deinit)
    i.timer_disable                          0x08001eec   Section        0  gd32f1x0_timer.o(i.timer_disable)
    i.timer_enable                           0x08001ef6   Section        0  gd32f1x0_timer.o(i.timer_enable)
    i.timer_flag_clear                       0x08001f00   Section        0  gd32f1x0_timer.o(i.timer_flag_clear)
    i.timer_flag_get                         0x08001f06   Section        0  gd32f1x0_timer.o(i.timer_flag_get)
    i.timer_init                             0x08001f18   Section        0  gd32f1x0_timer.o(i.timer_init)
    i.timer_struct_para_init                 0x08001fc4   Section        0  gd32f1x0_timer.o(i.timer_struct_para_init)
    i.tm1637_dio_read                        0x08001fda   Section        0  tm1637.o(i.tm1637_dio_read)
    tm1637_dio_read                          0x08001fdb   Thumb Code    32  tm1637.o(i.tm1637_dio_read)
    i.tm1637_display_fixed                   0x08001ffc   Section        0  tm1637.o(i.tm1637_display_fixed)
    i.tm1637_display_float                   0x08002038   Section        0  tm1637.o(i.tm1637_display_float)
    i.tm1637_display_int                     0x0800220c   Section        0  tm1637.o(i.tm1637_display_int)
    i.tm1637_display_menu                    0x08002334   Section        0  tm1637.o(i.tm1637_display_menu)
    i.tm1637_display_time                    0x0800236c   Section        0  tm1637.o(i.tm1637_display_time)
    i.tm1637_gpio_init                       0x08002418   Section        0  tm1637.o(i.tm1637_gpio_init)
    i.tm1637_init                            0x08002480   Section        0  tm1637.o(i.tm1637_init)
    i.tm1637_write_command                   0x0800248e   Section        0  tm1637.o(i.tm1637_write_command)
    tm1637_write_command                     0x0800248f   Thumb Code    20  tm1637.o(i.tm1637_write_command)
    i.us_timer_init                          0x080024a4   Section        0  delay.o(i.us_timer_init)
    i.usart_baudrate_set                     0x080024fc   Section        0  gd32f1x0_usart.o(i.usart_baudrate_set)
    i.usart_data_transmit                    0x08002578   Section        0  gd32f1x0_usart.o(i.usart_data_transmit)
    i.usart_deinit                           0x08002580   Section        0  gd32f1x0_usart.o(i.usart_deinit)
    i.usart_enable                           0x080025c0   Section        0  gd32f1x0_usart.o(i.usart_enable)
    i.usart_flag_get                         0x080025ca   Section        0  gd32f1x0_usart.o(i.usart_flag_get)
    i.usart_receive_config                   0x080025e8   Section        0  gd32f1x0_usart.o(i.usart_receive_config)
    i.usart_transmit_config                  0x080025f8   Section        0  gd32f1x0_usart.o(i.usart_transmit_config)
    .constdata                               0x08002608   Section       89  tm1637.o(.constdata)
    .data                                    0x20000000   Section       16  main.o(.data)
    .data                                    0x20000010   Section        4  systick.o(.data)
    delay                                    0x20000010   Data           4  systick.o(.data)
    .data                                    0x20000014   Section        5  tm1637.o(.data)
    .data                                    0x20000019   Section       21  ds1302.o(.data)
    .data                                    0x20000030   Section      148  menus.o(.data)
    now_index                                0x2000003c   Data           1  menus.o(.data)
    .data                                    0x200000c4   Section        4  system_gd32f1x0.o(.data)
    .data                                    0x200000c8   Section      105  gd32f1x0r_eval.o(.data)
    GPIO_PORT                                0x200000c8   Data          16  gd32f1x0r_eval.o(.data)
    GPIO_PIN                                 0x200000d8   Data          16  gd32f1x0r_eval.o(.data)
    COM_CLK                                  0x200000e8   Data           2  gd32f1x0r_eval.o(.data)
    COM_TX_PIN                               0x200000ec   Data           4  gd32f1x0r_eval.o(.data)
    COM_RX_PIN                               0x200000f0   Data           4  gd32f1x0r_eval.o(.data)
    GPIO_CLK                                 0x200000f4   Data           8  gd32f1x0r_eval.o(.data)
    KEY_PORT                                 0x200000fc   Data          12  gd32f1x0r_eval.o(.data)
    KEY_PIN                                  0x20000108   Data          12  gd32f1x0r_eval.o(.data)
    KEY_CLK                                  0x20000114   Data           6  gd32f1x0r_eval.o(.data)
    KEY_EXTI_LINE                            0x2000011c   Data          12  gd32f1x0r_eval.o(.data)
    KEY_PORT_SOURCE                          0x20000128   Data           3  gd32f1x0r_eval.o(.data)
    KEY_PIN_SOURCE                           0x2000012b   Data           3  gd32f1x0r_eval.o(.data)
    KEY_IRQn                                 0x2000012e   Data           3  gd32f1x0r_eval.o(.data)
    .data                                    0x20000134   Section        4  stdout.o(.data)
    .bss                                     0x20000138   Section       16  encoder.o(.bss)
    .bss                                     0x20000148   Section       12  ds18b20.o(.bss)
    STACK                                    0x20000158   Section     1024  startup_gd32f1x0.o(STACK)

    Global Symbols

    Symbol Name                              Value     Ov Type        Size  Object(Section)

    BuildAttributes$$THM_ISAv4$P$D$K$B$S$PE$A:L22UL41UL21$X:L11$S22US41US21$IEEE1$IW$USESV6$~STKCKD$USESV7$~SHL$OTIME$ROPI$EBA8$MICROLIB$REQ8$PRES8$EABIv2 0x00000000   Number         0  anon$$obj.o ABSOLUTE
    __ARM_use_no_argv                        0x00000000   Number         0  main.o ABSOLUTE
    __arm_fini_                               - Undefined Weak Reference
    __cpp_initialize__aeabi_                  - Undefined Weak Reference
    __cxa_finalize                            - Undefined Weak Reference
    _clock_init                               - Undefined Weak Reference
    _microlib_exit                            - Undefined Weak Reference
    __Vectors_Size                           0x00000168   Number         0  startup_gd32f1x0.o ABSOLUTE
    __Vectors                                0x08000000   Data           4  startup_gd32f1x0.o(RESET)
    __Vectors_End                            0x08000168   Data           0  startup_gd32f1x0.o(RESET)
    __main                                   0x08000169   Thumb Code     0  entry.o(.ARM.Collect$$$$00000000)
    _main_stk                                0x08000169   Thumb Code     0  entry2.o(.ARM.Collect$$$$00000001)
    _main_scatterload                        0x0800016d   Thumb Code     0  entry5.o(.ARM.Collect$$$$00000004)
    __main_after_scatterload                 0x08000171   Thumb Code     0  entry5.o(.ARM.Collect$$$$00000004)
    _main_clock                              0x08000171   Thumb Code     0  entry7b.o(.ARM.Collect$$$$00000008)
    _main_cpp_init                           0x08000171   Thumb Code     0  entry8b.o(.ARM.Collect$$$$0000000A)
    _main_init                               0x08000171   Thumb Code     0  entry9a.o(.ARM.Collect$$$$0000000B)
    __rt_lib_shutdown_fini                   0x08000179   Thumb Code     0  entry12b.o(.ARM.Collect$$$$0000000E)
    __rt_final_cpp                           0x0800017d   Thumb Code     0  entry10a.o(.ARM.Collect$$$$0000000F)
    __rt_final_exit                          0x0800017d   Thumb Code     0  entry11a.o(.ARM.Collect$$$$00000011)
    Reset_Handler                            0x08000181   Thumb Code     8  startup_gd32f1x0.o(.text)
    ADC_CMP_IRQHandler                       0x0800019b   Thumb Code     0  startup_gd32f1x0.o(.text)
    CAN0_RX0_IRQHandler                      0x0800019b   Thumb Code     0  startup_gd32f1x0.o(.text)
    CAN0_RX1_IRQHandler                      0x0800019b   Thumb Code     0  startup_gd32f1x0.o(.text)
    CAN0_SCE_IRQHandler                      0x0800019b   Thumb Code     0  startup_gd32f1x0.o(.text)
    CAN0_TX_IRQHandler                       0x0800019b   Thumb Code     0  startup_gd32f1x0.o(.text)
    CAN1_RX0_IRQHandler                      0x0800019b   Thumb Code     0  startup_gd32f1x0.o(.text)
    CAN1_RX1_IRQHandler                      0x0800019b   Thumb Code     0  startup_gd32f1x0.o(.text)
    CAN1_SCE_IRQHandler                      0x0800019b   Thumb Code     0  startup_gd32f1x0.o(.text)
    CAN1_TX_IRQHandler                       0x0800019b   Thumb Code     0  startup_gd32f1x0.o(.text)
    CEC_IRQHandler                           0x0800019b   Thumb Code     0  startup_gd32f1x0.o(.text)
    DMA_Channel0_IRQHandler                  0x0800019b   Thumb Code     0  startup_gd32f1x0.o(.text)
    DMA_Channel1_2_IRQHandler                0x0800019b   Thumb Code     0  startup_gd32f1x0.o(.text)
    DMA_Channel3_4_IRQHandler                0x0800019b   Thumb Code     0  startup_gd32f1x0.o(.text)
    DMA_Channel5_6_IRQHandler                0x0800019b   Thumb Code     0  startup_gd32f1x0.o(.text)
    EXTI2_3_IRQHandler                       0x0800019b   Thumb Code     0  startup_gd32f1x0.o(.text)
    FMC_IRQHandler                           0x0800019b   Thumb Code     0  startup_gd32f1x0.o(.text)
    I2C0_ER_IRQHandler                       0x0800019b   Thumb Code     0  startup_gd32f1x0.o(.text)
    I2C0_EV_IRQHandler                       0x0800019b   Thumb Code     0  startup_gd32f1x0.o(.text)
    I2C1_ER_IRQHandler                       0x0800019b   Thumb Code     0  startup_gd32f1x0.o(.text)
    I2C1_EV_IRQHandler                       0x0800019b   Thumb Code     0  startup_gd32f1x0.o(.text)
    I2C2_ER_IRQHandler                       0x0800019b   Thumb Code     0  startup_gd32f1x0.o(.text)
    I2C2_EV_IRQHandler                       0x0800019b   Thumb Code     0  startup_gd32f1x0.o(.text)
    LVD_IRQHandler                           0x0800019b   Thumb Code     0  startup_gd32f1x0.o(.text)
    RCU_IRQHandler                           0x0800019b   Thumb Code     0  startup_gd32f1x0.o(.text)
    RTC_IRQHandler                           0x0800019b   Thumb Code     0  startup_gd32f1x0.o(.text)
    SLCD_IRQHandler                          0x0800019b   Thumb Code     0  startup_gd32f1x0.o(.text)
    SPI0_IRQHandler                          0x0800019b   Thumb Code     0  startup_gd32f1x0.o(.text)
    SPI1_IRQHandler                          0x0800019b   Thumb Code     0  startup_gd32f1x0.o(.text)
    SPI2_IRQHandler                          0x0800019b   Thumb Code     0  startup_gd32f1x0.o(.text)
    TIMER0_BRK_UP_TRG_COM_IRQHandler         0x0800019b   Thumb Code     0  startup_gd32f1x0.o(.text)
    TIMER0_Channel_IRQHandler                0x0800019b   Thumb Code     0  startup_gd32f1x0.o(.text)
    TIMER13_IRQHandler                       0x0800019b   Thumb Code     0  startup_gd32f1x0.o(.text)
    TIMER14_IRQHandler                       0x0800019b   Thumb Code     0  startup_gd32f1x0.o(.text)
    TIMER15_IRQHandler                       0x0800019b   Thumb Code     0  startup_gd32f1x0.o(.text)
    TIMER16_IRQHandler                       0x0800019b   Thumb Code     0  startup_gd32f1x0.o(.text)
    TIMER1_IRQHandler                        0x0800019b   Thumb Code     0  startup_gd32f1x0.o(.text)
    TIMER2_IRQHandler                        0x0800019b   Thumb Code     0  startup_gd32f1x0.o(.text)
    TIMER5_DAC_IRQHandler                    0x0800019b   Thumb Code     0  startup_gd32f1x0.o(.text)
    TSI_IRQHandler                           0x0800019b   Thumb Code     0  startup_gd32f1x0.o(.text)
    USART0_IRQHandler                        0x0800019b   Thumb Code     0  startup_gd32f1x0.o(.text)
    USART1_IRQHandler                        0x0800019b   Thumb Code     0  startup_gd32f1x0.o(.text)
    USBDWakeUp_IRQHandler                    0x0800019b   Thumb Code     0  startup_gd32f1x0.o(.text)
    USBD_HP_IRQHandler                       0x0800019b   Thumb Code     0  startup_gd32f1x0.o(.text)
    USBD_LP_IRQHandler                       0x0800019b   Thumb Code     0  startup_gd32f1x0.o(.text)
    WWDGT_IRQHandler                         0x0800019b   Thumb Code     0  startup_gd32f1x0.o(.text)
    __aeabi_fadd                             0x080001a5   Thumb Code   164  fadd.o(.text)
    __aeabi_fsub                             0x08000249   Thumb Code     6  fadd.o(.text)
    __aeabi_frsub                            0x0800024f   Thumb Code     6  fadd.o(.text)
    __aeabi_fmul                             0x08000255   Thumb Code   100  fmul.o(.text)
    __aeabi_dadd                             0x080002b9   Thumb Code   322  dadd.o(.text)
    __aeabi_dsub                             0x080003fb   Thumb Code     6  dadd.o(.text)
    __aeabi_drsub                            0x08000401   Thumb Code     6  dadd.o(.text)
    __aeabi_dmul                             0x08000407   Thumb Code   228  dmul.o(.text)
    __aeabi_i2f                              0x080004eb   Thumb Code    18  fflti.o(.text)
    __aeabi_ui2f                             0x080004fd   Thumb Code    10  ffltui.o(.text)
    __aeabi_ui2d                             0x08000507   Thumb Code    26  dfltui.o(.text)
    __aeabi_f2uiz                            0x08000521   Thumb Code    40  ffixui.o(.text)
    __aeabi_f2d                              0x08000549   Thumb Code    38  f2d.o(.text)
    __aeabi_d2f                              0x0800056f   Thumb Code    56  d2f.o(.text)
    __aeabi_llsl                             0x080005a7   Thumb Code    30  llshl.o(.text)
    _ll_shift_l                              0x080005a7   Thumb Code     0  llshl.o(.text)
    __aeabi_lasr                             0x080005c5   Thumb Code    36  llsshr.o(.text)
    _ll_sshift_r                             0x080005c5   Thumb Code     0  llsshr.o(.text)
    __I$use$fp                               0x080005e9   Thumb Code     0  iusefp.o(.text)
    _float_round                             0x080005e9   Thumb Code    18  fepilogue.o(.text)
    _float_epilogue                          0x080005fb   Thumb Code    92  fepilogue.o(.text)
    _double_round                            0x08000657   Thumb Code    30  depilogue.o(.text)
    _double_epilogue                         0x08000675   Thumb Code   156  depilogue.o(.text)
    __scatterload                            0x08000711   Thumb Code    28  init.o(.text)
    __scatterload_rt2                        0x08000711   Thumb Code     0  init.o(.text)
    __aeabi_llsr                             0x08000735   Thumb Code    32  llushr.o(.text)
    _ll_ushift_r                             0x08000735   Thumb Code     0  llushr.o(.text)
    __decompress                             0x08000755   Thumb Code     0  __dczerorl2.o(.text)
    __decompress1                            0x08000755   Thumb Code    86  __dczerorl2.o(.text)
    BusFault_Handler                         0x080007ab   Thumb Code     4  gd32f1x0_it.o(i.BusFault_Handler)
    DebugMon_Handler                         0x080007af   Thumb Code     2  gd32f1x0_it.o(i.DebugMon_Handler)
    EXTI0_1_IRQHandler                       0x080007b1   Thumb Code     2  gd32f1x0_it.o(i.EXTI0_1_IRQHandler)
    EXTI4_15_IRQHandler                      0x080007b5   Thumb Code   240  gd32f1x0_it.o(i.EXTI4_15_IRQHandler)
    HardFault_Handler                        0x080008ad   Thumb Code     4  gd32f1x0_it.o(i.HardFault_Handler)
    MemManage_Handler                        0x080008b1   Thumb Code     4  gd32f1x0_it.o(i.MemManage_Handler)
    NMI_Handler                              0x080008b5   Thumb Code     2  gd32f1x0_it.o(i.NMI_Handler)
    PendSV_Handler                           0x080008e1   Thumb Code     2  gd32f1x0_it.o(i.PendSV_Handler)
    SVC_Handler                              0x080008e3   Thumb Code     2  gd32f1x0_it.o(i.SVC_Handler)
    SysTick_Handler                          0x080008e5   Thumb Code   116  gd32f1x0_it.o(i.SysTick_Handler)
    SystemInit                               0x08000965   Thumb Code   128  system_gd32f1x0.o(i.SystemInit)
    UsageFault_Handler                       0x080009f5   Thumb Code     4  gd32f1x0_it.o(i.UsageFault_Handler)
    __0printf$bare                           0x080009f9   Thumb Code     8  printfb.o(i.__0printf$bare)
    __1printf$bare                           0x080009f9   Thumb Code     0  printfb.o(i.__0printf$bare)
    __2printf                                0x080009f9   Thumb Code     0  printfb.o(i.__0printf$bare)
    __scatterload_copy                       0x08000a09   Thumb Code    14  handlers.o(i.__scatterload_copy)
    __scatterload_null                       0x08000a17   Thumb Code     2  handlers.o(i.__scatterload_null)
    __scatterload_zeroinit                   0x08000a19   Thumb Code    14  handlers.o(i.__scatterload_zeroinit)
    debug_printf_init                        0x08000ac1   Thumb Code    12  debug_printf.o(i.debug_printf_init)
    delay_1us                                0x08000acd   Thumb Code    52  delay.o(i.delay_1us)
    delay_decrement                          0x08000b05   Thumb Code    18  systick.o(i.delay_decrement)
    delay_ms                                 0x08000b1d   Thumb Code    26  delay.o(i.delay_ms)
    ds1302_gpio_init                         0x08000b7f   Thumb Code    88  ds1302.o(i.ds1302_gpio_init)
    ds1302_init                              0x08000bd9   Thumb Code    44  ds1302.o(i.ds1302_init)
    ds1302_read                              0x08000c0d   Thumb Code   288  ds1302.o(i.ds1302_read)
    ds1302_read_time                         0x08000d2d   Thumb Code    28  ds1302.o(i.ds1302_read_time)
    ds1302_write                             0x08000d51   Thumb Code   214  ds1302.o(i.ds1302_write)
    ds18b20_ack                              0x08000e27   Thumb Code    76  ds18b20.o(i.ds18b20_ack)
    ds18b20_get_temp                         0x08000e73   Thumb Code    70  ds18b20.o(i.ds18b20_get_temp)
    ds18b20_init                             0x08000eb9   Thumb Code    14  ds18b20.o(i.ds18b20_init)
    encoder_exit_config                      0x08000fc9   Thumb Code   150  encoder.o(i.encoder_exit_config)
    encoder_handle                           0x08001065   Thumb Code   288  encoder.o(i.encoder_handle)
    exti_init                                0x08001189   Thumb Code   184  gd32f1x0_exti.o(i.exti_init)
    exti_interrupt_flag_clear                0x08001245   Thumb Code     6  gd32f1x0_exti.o(i.exti_interrupt_flag_clear)
    exti_interrupt_flag_get                  0x08001251   Thumb Code    32  gd32f1x0_exti.o(i.exti_interrupt_flag_get)
    fputc                                    0x08001275   Thumb Code    34  debug_printf.o(i.fputc)
    fu_01                                    0x0800129d   Thumb Code    10  menus.o(i.fu_01)
    fu_01_fun                                0x080012a9   Thumb Code    94  menus.o(i.fu_01_fun)
    fu_02                                    0x08001315   Thumb Code    10  menus.o(i.fu_02)
    fu_02_fun                                0x0800131f   Thumb Code     2  menus.o(i.fu_02_fun)
    fu_03                                    0x08001321   Thumb Code    10  menus.o(i.fu_03)
    fu_03_fun                                0x0800132b   Thumb Code     2  menus.o(i.fu_03_fun)
    fu_04                                    0x0800132d   Thumb Code    10  menus.o(i.fu_04)
    fu_04_fun                                0x08001337   Thumb Code     2  menus.o(i.fu_04_fun)
    fu_05                                    0x08001339   Thumb Code    10  menus.o(i.fu_05)
    fu_05_fun                                0x08001345   Thumb Code   104  menus.o(i.fu_05_fun)
    gd_eval_com_init                         0x080013b9   Thumb Code   176  gd32f1x0r_eval.o(i.gd_eval_com_init)
    gpio_af_set                              0x08001479   Thumb Code    94  gd32f1x0_gpio.o(i.gpio_af_set)
    gpio_bit_write                           0x080014d7   Thumb Code    10  gd32f1x0_gpio.o(i.gpio_bit_write)
    gpio_input_bit_get                       0x080014e1   Thumb Code    16  gd32f1x0_gpio.o(i.gpio_input_bit_get)
    gpio_mode_set                            0x080014f1   Thumb Code    78  gd32f1x0_gpio.o(i.gpio_mode_set)
    gpio_output_options_set                  0x0800153f   Thumb Code    66  gd32f1x0_gpio.o(i.gpio_output_options_set)
    main                                     0x080016f9   Thumb Code    76  main.o(i.main)
    main_page                                0x0800177d   Thumb Code    52  menus.o(i.main_page)
    menu_loop                                0x080017bd   Thumb Code   194  menus.o(i.menu_loop)
    nvic_irq_enable                          0x0800188d   Thumb Code   162  gd32f1x0_misc.o(i.nvic_irq_enable)
    nvic_priority_group_set                  0x08001939   Thumb Code    10  gd32f1x0_misc.o(i.nvic_priority_group_set)
    nvic_vector_table_set                    0x0800194d   Thumb Code    12  gd32f1x0_misc.o(i.nvic_vector_table_set)
    rcu_clock_freq_get                       0x08001961   Thumb Code   646  gd32f1x0_rcu.o(i.rcu_clock_freq_get)
    rcu_periph_clock_enable                  0x08001c09   Thumb Code    28  gd32f1x0_rcu.o(i.rcu_periph_clock_enable)
    rcu_periph_reset_disable                 0x08001c29   Thumb Code    28  gd32f1x0_rcu.o(i.rcu_periph_reset_disable)
    rcu_periph_reset_enable                  0x08001c49   Thumb Code    28  gd32f1x0_rcu.o(i.rcu_periph_reset_enable)
    syscfg_exti_line_config                  0x08001c69   Thumb Code   154  gd32f1x0_syscfg.o(i.syscfg_exti_line_config)
    systick_config                           0x08001db5   Thumb Code    74  systick.o(i.systick_config)
    timer_auto_reload_shadow_enable          0x08001e05   Thumb Code    10  gd32f1x0_timer.o(i.timer_auto_reload_shadow_enable)
    timer_deinit                             0x08001e11   Thumb Code   210  gd32f1x0_timer.o(i.timer_deinit)
    timer_disable                            0x08001eed   Thumb Code    10  gd32f1x0_timer.o(i.timer_disable)
    timer_enable                             0x08001ef7   Thumb Code    10  gd32f1x0_timer.o(i.timer_enable)
    timer_flag_clear                         0x08001f01   Thumb Code     6  gd32f1x0_timer.o(i.timer_flag_clear)
    timer_flag_get                           0x08001f07   Thumb Code    16  gd32f1x0_timer.o(i.timer_flag_get)
    timer_init                               0x08001f19   Thumb Code   146  gd32f1x0_timer.o(i.timer_init)
    timer_struct_para_init                   0x08001fc5   Thumb Code    22  gd32f1x0_timer.o(i.timer_struct_para_init)
    tm1637_display_fixed                     0x08001ffd   Thumb Code    54  tm1637.o(i.tm1637_display_fixed)
    tm1637_display_float                     0x08002039   Thumb Code   460  tm1637.o(i.tm1637_display_float)
    tm1637_display_int                       0x0800220d   Thumb Code   290  tm1637.o(i.tm1637_display_int)
    tm1637_display_menu                      0x08002335   Thumb Code    46  tm1637.o(i.tm1637_display_menu)
    tm1637_display_time                      0x0800236d   Thumb Code   162  tm1637.o(i.tm1637_display_time)
    tm1637_gpio_init                         0x08002419   Thumb Code   104  tm1637.o(i.tm1637_gpio_init)
    tm1637_init                              0x08002481   Thumb Code    14  tm1637.o(i.tm1637_init)
    us_timer_init                            0x080024a5   Thumb Code    82  delay.o(i.us_timer_init)
    usart_baudrate_set                       0x080024fd   Thumb Code   120  gd32f1x0_usart.o(i.usart_baudrate_set)
    usart_data_transmit                      0x08002579   Thumb Code     8  gd32f1x0_usart.o(i.usart_data_transmit)
    usart_deinit                             0x08002581   Thumb Code    58  gd32f1x0_usart.o(i.usart_deinit)
    usart_enable                             0x080025c1   Thumb Code    10  gd32f1x0_usart.o(i.usart_enable)
    usart_flag_get                           0x080025cb   Thumb Code    30  gd32f1x0_usart.o(i.usart_flag_get)
    usart_receive_config                     0x080025e9   Thumb Code    16  gd32f1x0_usart.o(i.usart_receive_config)
    usart_transmit_config                    0x080025f9   Thumb Code    16  gd32f1x0_usart.o(i.usart_transmit_config)
    SEGData                                  0x08002608   Data          33  tm1637.o(.constdata)
    menu_table                               0x08002629   Data          56  tm1637.o(.constdata)
    Region$$Table$$Base                      0x08002664   Number         0  anon$$obj.o(Region$$Table)
    Region$$Table$$Limit                     0x08002684   Number         0  anon$$obj.o(Region$$Table)
    num                                      0x20000000   Data           4  main.o(.data)
    key_state                                0x20000004   Data           1  main.o(.data)
    loop_display_count                       0x20000008   Data           4  main.o(.data)
    loop_display_flag                        0x2000000c   Data           4  main.o(.data)
    tm1637                                   0x20000014   Data           5  tm1637.o(.data)
    READ_RTC_ADDR                            0x20000019   Data           7  ds1302.o(.data)
    WRITE_RTC_ADDR                           0x20000020   Data           7  ds1302.o(.data)
    TIME                                     0x20000027   Data           7  ds1302.o(.data)
    temp                                     0x20000030   Data           2  menus.o(.data)
    clk_count                                0x20000034   Data           4  menus.o(.data)
    test_number                              0x20000038   Data           4  menus.o(.data)
    menu_list                                0x20000040   Data         132  menus.o(.data)
    SystemCoreClock                          0x200000c4   Data           4  system_gd32f1x0.o(.data)
    __stdout                                 0x20000134   Data           4  stdout.o(.data)
    ec11_1                                   0x20000138   Data          16  encoder.o(.bss)
    ds18b20                                  0x20000148   Data          12  ds18b20.o(.bss)
    __initial_sp                             0x20000558   Data           0  startup_gd32f1x0.o(STACK)



==============================================================================

Memory Map of the image

  Image Entry point : 0x08000169

  Load Region LR_IROM1 (Base: 0x08000000, Size: 0x000027bc, Max: 0x00010000, ABSOLUTE, COMPRESSED[0x00002730])

    Execution Region ER_IROM1 (Exec base: 0x08000000, Load base: 0x08000000, Size: 0x00002684, Max: 0x00010000, ABSOLUTE)

    Exec Addr    Load Addr    Size         Type   Attr      Idx    E Section Name        Object

    0x08000000   0x08000000   0x00000168   Data   RO          756    RESET               startup_gd32f1x0.o
    0x08000168   0x08000168   0x00000000   Code   RO         2338  * .ARM.Collect$$$$00000000  mc_w.l(entry.o)
    0x08000168   0x08000168   0x00000004   Code   RO         2621    .ARM.Collect$$$$00000001  mc_w.l(entry2.o)
    0x0800016c   0x0800016c   0x00000004   Code   RO         2624    .ARM.Collect$$$$00000004  mc_w.l(entry5.o)
    0x08000170   0x08000170   0x00000000   Code   RO         2626    .ARM.Collect$$$$00000008  mc_w.l(entry7b.o)
    0x08000170   0x08000170   0x00000000   Code   RO         2628    .ARM.Collect$$$$0000000A  mc_w.l(entry8b.o)
    0x08000170   0x08000170   0x00000008   Code   RO         2629    .ARM.Collect$$$$0000000B  mc_w.l(entry9a.o)
    0x08000178   0x08000178   0x00000004   Code   RO         2636    .ARM.Collect$$$$0000000E  mc_w.l(entry12b.o)
    0x0800017c   0x0800017c   0x00000000   Code   RO         2631    .ARM.Collect$$$$0000000F  mc_w.l(entry10a.o)
    0x0800017c   0x0800017c   0x00000000   Code   RO         2633    .ARM.Collect$$$$00000011  mc_w.l(entry11a.o)
    0x0800017c   0x0800017c   0x00000004   Code   RO         2622    .ARM.Collect$$$$00002712  mc_w.l(entry2.o)
    0x08000180   0x08000180   0x00000024   Code   RO          757    .text               startup_gd32f1x0.o
    0x080001a4   0x080001a4   0x000000b0   Code   RO         2601    .text               mf_w.l(fadd.o)
    0x08000254   0x08000254   0x00000064   Code   RO         2603    .text               mf_w.l(fmul.o)
    0x080002b8   0x080002b8   0x0000014e   Code   RO         2605    .text               mf_w.l(dadd.o)
    0x08000406   0x08000406   0x000000e4   Code   RO         2607    .text               mf_w.l(dmul.o)
    0x080004ea   0x080004ea   0x00000012   Code   RO         2609    .text               mf_w.l(fflti.o)
    0x080004fc   0x080004fc   0x0000000a   Code   RO         2611    .text               mf_w.l(ffltui.o)
    0x08000506   0x08000506   0x0000001a   Code   RO         2613    .text               mf_w.l(dfltui.o)
    0x08000520   0x08000520   0x00000028   Code   RO         2615    .text               mf_w.l(ffixui.o)
    0x08000548   0x08000548   0x00000026   Code   RO         2617    .text               mf_w.l(f2d.o)
    0x0800056e   0x0800056e   0x00000038   Code   RO         2619    .text               mf_w.l(d2f.o)
    0x080005a6   0x080005a6   0x0000001e   Code   RO         2642    .text               mc_w.l(llshl.o)
    0x080005c4   0x080005c4   0x00000024   Code   RO         2644    .text               mc_w.l(llsshr.o)
    0x080005e8   0x080005e8   0x00000000   Code   RO         2646    .text               mc_w.l(iusefp.o)
    0x080005e8   0x080005e8   0x0000006e   Code   RO         2647    .text               mf_w.l(fepilogue.o)
    0x08000656   0x08000656   0x000000ba   Code   RO         2649    .text               mf_w.l(depilogue.o)
    0x08000710   0x08000710   0x00000024   Code   RO         2657    .text               mc_w.l(init.o)
    0x08000734   0x08000734   0x00000020   Code   RO         2659    .text               mc_w.l(llushr.o)
    0x08000754   0x08000754   0x00000056   Code   RO         2669    .text               mc_w.l(__dczerorl2.o)
    0x080007aa   0x080007aa   0x00000004   Code   RO          135    i.BusFault_Handler  gd32f1x0_it.o
    0x080007ae   0x080007ae   0x00000002   Code   RO          136    i.DebugMon_Handler  gd32f1x0_it.o
    0x080007b0   0x080007b0   0x00000002   Code   RO          137    i.EXTI0_1_IRQHandler  gd32f1x0_it.o
    0x080007b2   0x080007b2   0x00000002   PAD
    0x080007b4   0x080007b4   0x000000f8   Code   RO          138    i.EXTI4_15_IRQHandler  gd32f1x0_it.o
    0x080008ac   0x080008ac   0x00000004   Code   RO          139    i.HardFault_Handler  gd32f1x0_it.o
    0x080008b0   0x080008b0   0x00000004   Code   RO          140    i.MemManage_Handler  gd32f1x0_it.o
    0x080008b4   0x080008b4   0x00000002   Code   RO          141    i.NMI_Handler       gd32f1x0_it.o
    0x080008b6   0x080008b6   0x00000002   PAD
    0x080008b8   0x080008b8   0x00000028   Code   RO          226    i.NVIC_SetPriority  systick.o
    0x080008e0   0x080008e0   0x00000002   Code   RO          142    i.PendSV_Handler    gd32f1x0_it.o
    0x080008e2   0x080008e2   0x00000002   Code   RO          143    i.SVC_Handler       gd32f1x0_it.o
    0x080008e4   0x080008e4   0x00000080   Code   RO          144    i.SysTick_Handler   gd32f1x0_it.o
    0x08000964   0x08000964   0x00000090   Code   RO          712    i.SystemInit        system_gd32f1x0.o
    0x080009f4   0x080009f4   0x00000004   Code   RO          145    i.UsageFault_Handler  gd32f1x0_it.o
    0x080009f8   0x080009f8   0x00000010   Code   RO         2342    i.__0printf$bare    mc_w.l(printfb.o)
    0x08000a08   0x08000a08   0x0000000e   Code   RO         2663    i.__scatterload_copy  mc_w.l(handlers.o)
    0x08000a16   0x08000a16   0x00000002   Code   RO         2664    i.__scatterload_null  mc_w.l(handlers.o)
    0x08000a18   0x08000a18   0x0000000e   Code   RO         2665    i.__scatterload_zeroinit  mc_w.l(handlers.o)
    0x08000a26   0x08000a26   0x00000022   Code   RO         2349    i._printf_core      mc_w.l(printfb.o)
    0x08000a48   0x08000a48   0x00000078   Code   RO          499    i.caculate_temp     ds18b20.o
    0x08000ac0   0x08000ac0   0x0000000c   Code   RO          399    i.debug_printf_init  debug_printf.o
    0x08000acc   0x08000acc   0x00000038   Code   RO          429    i.delay_1us         delay.o
    0x08000b04   0x08000b04   0x00000018   Code   RO          228    i.delay_decrement   systick.o
    0x08000b1c   0x08000b1c   0x0000001a   Code   RO          430    i.delay_ms          delay.o
    0x08000b36   0x08000b36   0x00000048   Code   RO          561    i.ds1302_dio_mode   ds1302.o
    0x08000b7e   0x08000b7e   0x00000058   Code   RO          562    i.ds1302_gpio_init  ds1302.o
    0x08000bd6   0x08000bd6   0x00000002   PAD
    0x08000bd8   0x08000bd8   0x00000034   Code   RO          563    i.ds1302_init       ds1302.o
    0x08000c0c   0x08000c0c   0x00000120   Code   RO          564    i.ds1302_read       ds1302.o
    0x08000d2c   0x08000d2c   0x00000024   Code   RO          565    i.ds1302_read_time  ds1302.o
    0x08000d50   0x08000d50   0x000000d6   Code   RO          566    i.ds1302_write      ds1302.o
    0x08000e26   0x08000e26   0x0000004c   Code   RO          500    i.ds18b20_ack       ds18b20.o
    0x08000e72   0x08000e72   0x00000046   Code   RO          501    i.ds18b20_get_temp  ds18b20.o
    0x08000eb8   0x08000eb8   0x0000000e   Code   RO          502    i.ds18b20_init      ds18b20.o
    0x08000ec6   0x08000ec6   0x0000004a   Code   RO          503    i.ds18b20_mode      ds18b20.o
    0x08000f10   0x08000f10   0x00000058   Code   RO          504    i.ds18b20_read_byte  ds18b20.o
    0x08000f68   0x08000f68   0x0000005e   Code   RO          505    i.ds18b20_write_byte  ds18b20.o
    0x08000fc6   0x08000fc6   0x00000002   PAD
    0x08000fc8   0x08000fc8   0x0000009c   Code   RO          465    i.encoder_exit_config  encoder.o
    0x08001064   0x08001064   0x00000124   Code   RO          466    i.encoder_handle    encoder.o
    0x08001188   0x08001188   0x000000bc   Code   RO          769    i.exti_init         gd32f1x0_exti.o
    0x08001244   0x08001244   0x0000000c   Code   RO          772    i.exti_interrupt_flag_clear  gd32f1x0_exti.o
    0x08001250   0x08001250   0x00000024   Code   RO          773    i.exti_interrupt_flag_get  gd32f1x0_exti.o
    0x08001274   0x08001274   0x00000028   Code   RO          400    i.fputc             debug_printf.o
    0x0800129c   0x0800129c   0x0000000a   Code   RO          617    i.fu_01             menus.o
    0x080012a6   0x080012a6   0x00000002   PAD
    0x080012a8   0x080012a8   0x0000006c   Code   RO          618    i.fu_01_fun         menus.o
    0x08001314   0x08001314   0x0000000a   Code   RO          619    i.fu_02             menus.o
    0x0800131e   0x0800131e   0x00000002   Code   RO          620    i.fu_02_fun         menus.o
    0x08001320   0x08001320   0x0000000a   Code   RO          621    i.fu_03             menus.o
    0x0800132a   0x0800132a   0x00000002   Code   RO          622    i.fu_03_fun         menus.o
    0x0800132c   0x0800132c   0x0000000a   Code   RO          623    i.fu_04             menus.o
    0x08001336   0x08001336   0x00000002   Code   RO          624    i.fu_04_fun         menus.o
    0x08001338   0x08001338   0x0000000a   Code   RO          625    i.fu_05             menus.o
    0x08001342   0x08001342   0x00000002   PAD
    0x08001344   0x08001344   0x00000074   Code   RO          626    i.fu_05_fun         menus.o
    0x080013b8   0x080013b8   0x000000c0   Code   RO         2276    i.gd_eval_com_init  gd32f1x0r_eval.o
    0x08001478   0x08001478   0x0000005e   Code   RO          854    i.gpio_af_set       gd32f1x0_gpio.o
    0x080014d6   0x080014d6   0x0000000a   Code   RO          857    i.gpio_bit_write    gd32f1x0_gpio.o
    0x080014e0   0x080014e0   0x00000010   Code   RO          859    i.gpio_input_bit_get  gd32f1x0_gpio.o
    0x080014f0   0x080014f0   0x0000004e   Code   RO          861    i.gpio_mode_set     gd32f1x0_gpio.o
    0x0800153e   0x0800153e   0x00000042   Code   RO          863    i.gpio_output_options_set  gd32f1x0_gpio.o
    0x08001580   0x08001580   0x00000042   Code   RO          273    i.i2c_ask           tm1637.o
    0x080015c2   0x080015c2   0x00000050   Code   RO          274    i.i2c_start         tm1637.o
    0x08001612   0x08001612   0x0000006a   Code   RO          275    i.i2c_stop          tm1637.o
    0x0800167c   0x0800167c   0x0000007c   Code   RO          276    i.i2c_write_byte    tm1637.o
    0x080016f8   0x080016f8   0x00000084   Code   RO            4    i.main              main.o
    0x0800177c   0x0800177c   0x00000040   Code   RO          627    i.main_page         menus.o
    0x080017bc   0x080017bc   0x000000d0   Code   RO          628    i.menu_loop         menus.o
    0x0800188c   0x0800188c   0x000000ac   Code   RO         2163    i.nvic_irq_enable   gd32f1x0_misc.o
    0x08001938   0x08001938   0x00000014   Code   RO         2164    i.nvic_priority_group_set  gd32f1x0_misc.o
    0x0800194c   0x0800194c   0x00000014   Code   RO         2165    i.nvic_vector_table_set  gd32f1x0_misc.o
    0x08001960   0x08001960   0x000002a8   Code   RO          959    i.rcu_clock_freq_get  gd32f1x0_rcu.o
    0x08001c08   0x08001c08   0x00000020   Code   RO          979    i.rcu_periph_clock_enable  gd32f1x0_rcu.o
    0x08001c28   0x08001c28   0x00000020   Code   RO          982    i.rcu_periph_reset_disable  gd32f1x0_rcu.o
    0x08001c48   0x08001c48   0x00000020   Code   RO          983    i.rcu_periph_reset_enable  gd32f1x0_rcu.o
    0x08001c68   0x08001c68   0x000000a0   Code   RO         1223    i.syscfg_exti_line_config  gd32f1x0_syscfg.o
    0x08001d08   0x08001d08   0x000000a4   Code   RO          713    i.system_clock_72m_hxtal  system_gd32f1x0.o
    0x08001dac   0x08001dac   0x00000008   Code   RO          714    i.system_clock_config  system_gd32f1x0.o
    0x08001db4   0x08001db4   0x00000050   Code   RO          229    i.systick_config    systick.o
    0x08001e04   0x08001e04   0x0000000a   Code   RO         1293    i.timer_auto_reload_shadow_enable  gd32f1x0_timer.o
    0x08001e0e   0x08001e0e   0x00000002   PAD
    0x08001e10   0x08001e10   0x000000dc   Code   RO         1324    i.timer_deinit      gd32f1x0_timer.o
    0x08001eec   0x08001eec   0x0000000a   Code   RO         1325    i.timer_disable     gd32f1x0_timer.o
    0x08001ef6   0x08001ef6   0x0000000a   Code   RO         1329    i.timer_enable      gd32f1x0_timer.o
    0x08001f00   0x08001f00   0x00000006   Code   RO         1336    i.timer_flag_clear  gd32f1x0_timer.o
    0x08001f06   0x08001f06   0x00000010   Code   RO         1337    i.timer_flag_get    gd32f1x0_timer.o
    0x08001f16   0x08001f16   0x00000002   PAD
    0x08001f18   0x08001f18   0x000000ac   Code   RO         1339    i.timer_init        gd32f1x0_timer.o
    0x08001fc4   0x08001fc4   0x00000016   Code   RO         1359    i.timer_struct_para_init  gd32f1x0_timer.o
    0x08001fda   0x08001fda   0x00000020   Code   RO          279    i.tm1637_dio_read   tm1637.o
    0x08001ffa   0x08001ffa   0x00000002   PAD
    0x08001ffc   0x08001ffc   0x0000003c   Code   RO          281    i.tm1637_display_fixed  tm1637.o
    0x08002038   0x08002038   0x000001d4   Code   RO          282    i.tm1637_display_float  tm1637.o
    0x0800220c   0x0800220c   0x00000128   Code   RO          283    i.tm1637_display_int  tm1637.o
    0x08002334   0x08002334   0x00000038   Code   RO          284    i.tm1637_display_menu  tm1637.o
    0x0800236c   0x0800236c   0x000000ac   Code   RO          285    i.tm1637_display_time  tm1637.o
    0x08002418   0x08002418   0x00000068   Code   RO          286    i.tm1637_gpio_init  tm1637.o
    0x08002480   0x08002480   0x0000000e   Code   RO          287    i.tm1637_init       tm1637.o
    0x0800248e   0x0800248e   0x00000014   Code   RO          290    i.tm1637_write_command  tm1637.o
    0x080024a2   0x080024a2   0x00000002   PAD
    0x080024a4   0x080024a4   0x00000058   Code   RO          431    i.us_timer_init     delay.o
    0x080024fc   0x080024fc   0x0000007c   Code   RO         1741    i.usart_baudrate_set  gd32f1x0_usart.o
    0x08002578   0x08002578   0x00000008   Code   RO         1748    i.usart_data_transmit  gd32f1x0_usart.o
    0x08002580   0x08002580   0x00000040   Code   RO         1749    i.usart_deinit      gd32f1x0_usart.o
    0x080025c0   0x080025c0   0x0000000a   Code   RO         1756    i.usart_enable      gd32f1x0_usart.o
    0x080025ca   0x080025ca   0x0000001e   Code   RO         1758    i.usart_flag_get    gd32f1x0_usart.o
    0x080025e8   0x080025e8   0x00000010   Code   RO         1783    i.usart_receive_config  gd32f1x0_usart.o
    0x080025f8   0x080025f8   0x00000010   Code   RO         1799    i.usart_transmit_config  gd32f1x0_usart.o
    0x08002608   0x08002608   0x00000059   Data   RO          291    .constdata          tm1637.o
    0x08002661   0x08002661   0x00000003   PAD
    0x08002664   0x08002664   0x00000020   Data   RO         2661    Region$$Table       anon$$obj.o


    Execution Region RW_IRAM1 (Exec base: 0x20000000, Load base: 0x08002684, Size: 0x00000558, Max: 0x00002000, ABSOLUTE, COMPRESSED[0x000000ac])

    Exec Addr    Load Addr    Size         Type   Attr      Idx    E Section Name        Object

    0x20000000   COMPRESSED   0x00000010   Data   RW            5    .data               main.o
    0x20000010   COMPRESSED   0x00000004   Data   RW          230    .data               systick.o
    0x20000014   COMPRESSED   0x00000005   Data   RW          292    .data               tm1637.o
    0x20000019   COMPRESSED   0x00000015   Data   RW          567    .data               ds1302.o
    0x2000002e   COMPRESSED   0x00000002   PAD
    0x20000030   COMPRESSED   0x00000094   Data   RW          629    .data               menus.o
    0x200000c4   COMPRESSED   0x00000004   Data   RW          715    .data               system_gd32f1x0.o
    0x200000c8   COMPRESSED   0x00000069   Data   RW         2283    .data               gd32f1x0r_eval.o
    0x20000131   COMPRESSED   0x00000003   PAD
    0x20000134   COMPRESSED   0x00000004   Data   RW         2637    .data               mc_w.l(stdout.o)
    0x20000138        -       0x00000010   Zero   RW          467    .bss                encoder.o
    0x20000148        -       0x0000000c   Zero   RW          506    .bss                ds18b20.o
    0x20000154   COMPRESSED   0x00000004   PAD
    0x20000158        -       0x00000400   Zero   RW          754    STACK               startup_gd32f1x0.o


==============================================================================

Image component sizes


      Code (inc. data)   RO Data    RW Data    ZI Data      Debug   Object Name

        52          6          0          0          0       1020   debug_printf.o
       170         10          0          0          0       1411   delay.o
       750         16          0         21          0       3689   ds1302.o
       536          4          0          0         12       4666   ds18b20.o
       448         10          0          0         16       1388   encoder.o
       236         14          0          0          0       1926   gd32f1x0_exti.o
       264          0          0          0          0       3570   gd32f1x0_gpio.o
       402         20          0          0          0       4649   gd32f1x0_it.o
       212         28          0          0          0       1952   gd32f1x0_misc.o
       776         54          0          0          0       3536   gd32f1x0_rcu.o
       160          6          0          0          0        734   gd32f1x0_syscfg.o
       466         36          0          0          0       5094   gd32f1x0_timer.o
       268         10          0          0          0       4353   gd32f1x0_usart.o
       192         16          0        105          0       1447   gd32f1x0r_eval.o
       132         56          0         16          0      63736   main.o
       552         60          0        148          0       5853   menus.o
        36          8        360          0       1024        824   startup_gd32f1x0.o
       316         26          0          4          0       1847   system_gd32f1x0.o
       144         20          0          4          0      25546   systick.o
      1598         40         89          5          0       9883   tm1637.o

    ----------------------------------------------------------------------
      7730        440        484        308       1056     147124   Object Totals
         0          0         32          0          0          0   (incl. Generated)
        20          0          3          5          4          0   (incl. Padding)

    ----------------------------------------------------------------------

      Code (inc. data)   RO Data    RW Data    ZI Data      Debug   Library Member Name

        86          0          0          0          0          0   __dczerorl2.o
         0          0          0          0          0          0   entry.o
         0          0          0          0          0          0   entry10a.o
         0          0          0          0          0          0   entry11a.o
         4          0          0          0          0          0   entry12b.o
         8          4          0          0          0          0   entry2.o
         4          0          0          0          0          0   entry5.o
         0          0          0          0          0          0   entry7b.o
         0          0          0          0          0          0   entry8b.o
         8          4          0          0          0          0   entry9a.o
        30          0          0          0          0          0   handlers.o
        36          8          0          0          0         68   init.o
         0          0          0          0          0          0   iusefp.o
        30          0          0          0          0         68   llshl.o
        36          0          0          0          0         68   llsshr.o
        32          0          0          0          0         68   llushr.o
        50          8          0          0          0        152   printfb.o
         0          0          0          4          0          0   stdout.o
        56          0          0          0          0         88   d2f.o
       334          0          0          0          0        148   dadd.o
       186          0          0          0          0        176   depilogue.o
        26          0          0          0          0         76   dfltui.o
       228          0          0          0          0         96   dmul.o
        38          0          0          0          0         68   f2d.o
       176          0          0          0          0        140   fadd.o
       110          0          0          0          0        168   fepilogue.o
        40          0          0          0          0         68   ffixui.o
        18          0          0          0          0         68   fflti.o
        10          0          0          0          0         68   ffltui.o
       100          0          0          0          0         76   fmul.o

    ----------------------------------------------------------------------
      1646         24          0          4          0       1664   Library Totals
         0          0          0          0          0          0   (incl. Padding)

    ----------------------------------------------------------------------

      Code (inc. data)   RO Data    RW Data    ZI Data      Debug   Library Name

       324         24          0          4          0        424   mc_w.l
      1322          0          0          0          0       1240   mf_w.l

    ----------------------------------------------------------------------
      1646         24          0          4          0       1664   Library Totals

    ----------------------------------------------------------------------

==============================================================================


      Code (inc. data)   RO Data    RW Data    ZI Data      Debug   

      9376        464        484        312       1056     143456   Grand Totals
      9376        464        484        172       1056     143456   ELF Image Totals (compressed)
      9376        464        484        172          0          0   ROM Totals

==============================================================================

    Total RO  Size (Code + RO Data)                 9860 (   9.63kB)
    Total RW  Size (RW Data + ZI Data)              1368 (   1.34kB)
    Total ROM Size (Code + RO Data + RW Data)      10032 (   9.80kB)

==============================================================================

