Component: ARM Compiler 5.06 update 7 (build 960) Tool: armlink [4d3601]

==============================================================================

Section Cross References

    main.o(i.main) refers to systick.o(i.systick_config) for systick_config
    main.o(i.main) refers to delay.o(i.us_timer_init) for us_timer_init
    main.o(i.main) refers to encoder.o(i.encoder_exit_config) for encoder_exit_config
    main.o(i.main) refers to ds18b20.o(i.ds18b20_init) for ds18b20_init
    main.o(i.main) refers to ds1302.o(i.ds1302_gpio_init) for ds1302_gpio_init
    main.o(i.main) refers to buzzer.o(i.buzzer_init) for buzzer_init
    main.o(i.main) refers to buzzer.o(i.buzzer_timer_init) for buzzer_timer_init
    main.o(i.main) refers to buzzer.o(i.buzzer_off) for buzzer_off
    main.o(i.main) refers to flash.o(i.system_param_read) for system_param_read
    main.o(i.main) refers to flash.o(i.system_param_write) for system_param_write
    main.o(i.main) refers to tm1637.o(i.tm1637_init) for tm1637_init
    main.o(i.main) refers to systick.o(i.delay_1ms) for delay_1ms
    main.o(i.main) refers to ds18b20.o(i.ds18b20_ack) for ds18b20_ack
    main.o(i.main) refers to delay.o(i.delay_ms) for delay_ms
    main.o(i.main) refers to menus.o(i.menu_loop) for menu_loop
    main.o(i.main) refers to ds18b20.o(.bss) for ds18b20
    main.o(i.main) refers to flash.o(.data) for system_params
    main.o(i.main) refers to tm1637.o(.data) for tm1637
    gd32f1x0_it.o(i.EXTI4_15_IRQHandler) refers to gd32f1x0_exti.o(i.exti_interrupt_flag_get) for exti_interrupt_flag_get
    gd32f1x0_it.o(i.EXTI4_15_IRQHandler) refers to gd32f1x0_exti.o(i.exti_interrupt_flag_clear) for exti_interrupt_flag_clear
    gd32f1x0_it.o(i.EXTI4_15_IRQHandler) refers to gd32f1x0_gpio.o(i.gpio_input_bit_get) for gpio_input_bit_get
    gd32f1x0_it.o(i.EXTI4_15_IRQHandler) refers to encoder.o(.bss) for ec11_1
    gd32f1x0_it.o(i.SysTick_Handler) refers to systick.o(i.delay_decrement) for delay_decrement
    gd32f1x0_it.o(i.SysTick_Handler) refers to encoder.o(.bss) for ec11_1
    gd32f1x0_it.o(i.SysTick_Handler) refers to main.o(.data) for loop_display_count
    gd32f1x0_it.o(i.TIMER14_IRQHandler) refers to gd32f1x0_timer.o(i.timer_interrupt_flag_get) for timer_interrupt_flag_get
    gd32f1x0_it.o(i.TIMER14_IRQHandler) refers to cfrcmple.o(.text) for __aeabi_cfrcmple
    gd32f1x0_it.o(i.TIMER14_IRQHandler) refers to buzzer.o(i.buzzer_off) for buzzer_off
    gd32f1x0_it.o(i.TIMER14_IRQHandler) refers to gd32f1x0_timer.o(i.timer_interrupt_flag_clear) for timer_interrupt_flag_clear
    gd32f1x0_it.o(i.TIMER14_IRQHandler) refers to flash.o(.data) for system_params
    gd32f1x0_it.o(i.TIMER14_IRQHandler) refers to ds18b20.o(.bss) for ds18b20
    systick.o(i.delay_1ms) refers to systick.o(.data) for delay
    systick.o(i.delay_decrement) refers to systick.o(.data) for delay
    systick.o(i.systick_config) refers to systick.o(i.NVIC_SetPriority) for NVIC_SetPriority
    systick.o(i.systick_config) refers to system_gd32f1x0.o(.data) for SystemCoreClock
    tm1637.o(i.i2c_ask) refers to gd32f1x0_gpio.o(i.gpio_bit_write) for gpio_bit_write
    tm1637.o(i.i2c_ask) refers to delay.o(i.delay_1us) for delay_1us
    tm1637.o(i.i2c_ask) refers to tm1637.o(i.tm1637_dio_read) for tm1637_dio_read
    tm1637.o(i.i2c_start) refers to gd32f1x0_gpio.o(i.gpio_bit_write) for gpio_bit_write
    tm1637.o(i.i2c_start) refers to gd32f1x0_gpio.o(i.gpio_mode_set) for gpio_mode_set
    tm1637.o(i.i2c_start) refers to delay.o(i.delay_1us) for delay_1us
    tm1637.o(i.i2c_stop) refers to gd32f1x0_gpio.o(i.gpio_bit_write) for gpio_bit_write
    tm1637.o(i.i2c_stop) refers to delay.o(i.delay_1us) for delay_1us
    tm1637.o(i.i2c_stop) refers to gd32f1x0_gpio.o(i.gpio_mode_set) for gpio_mode_set
    tm1637.o(i.i2c_write_byte) refers to gd32f1x0_gpio.o(i.gpio_bit_write) for gpio_bit_write
    tm1637.o(i.i2c_write_byte) refers to gd32f1x0_gpio.o(i.gpio_mode_set) for gpio_mode_set
    tm1637.o(i.i2c_write_byte) refers to delay.o(i.delay_1us) for delay_1us
    tm1637.o(i.tm1637_clear) refers to tm1637.o(i.tm1637_display_fixed) for tm1637_display_fixed
    tm1637.o(i.tm1637_dio_read) refers to gd32f1x0_gpio.o(i.gpio_mode_set) for gpio_mode_set
    tm1637.o(i.tm1637_dio_read) refers to gd32f1x0_gpio.o(i.gpio_input_bit_get) for gpio_input_bit_get
    tm1637.o(i.tm1637_display_auto) refers to tm1637.o(i.tm1637_write_command) for tm1637_write_command
    tm1637.o(i.tm1637_display_auto) refers to tm1637.o(i.i2c_stop) for i2c_stop
    tm1637.o(i.tm1637_display_auto) refers to tm1637.o(i.i2c_write_byte) for i2c_write_byte
    tm1637.o(i.tm1637_display_auto) refers to tm1637.o(i.i2c_ask) for i2c_ask
    tm1637.o(i.tm1637_display_auto) refers to tm1637.o(.data) for tm1637
    tm1637.o(i.tm1637_display_fixed) refers to tm1637.o(i.tm1637_write_command) for tm1637_write_command
    tm1637.o(i.tm1637_display_fixed) refers to tm1637.o(i.i2c_stop) for i2c_stop
[...]
    entry.o(.ARM.Collect$$$$00000000) refers (Special) to entry9a.o(.ARM.Collect$$$$0000000B) for _main_init
    entry.o(.ARM.Collect$$$$00000000) refers (Special) to entry5.o(.ARM.Collect$$$$00000004) for _main_scatterload
    entry.o(.ARM.Collect$$$$00000000) refers (Special) to entry2.o(.ARM.Collect$$$$00000001) for _main_stk
    fadd.o(.text) refers (Special) to iusefp.o(.text) for __I$use$fp
    fadd.o(.text) refers to fepilogue.o(.text) for _float_epilogue
    fmul.o(.text) refers (Special) to iusefp.o(.text) for __I$use$fp
    dadd.o(.text) refers (Special) to iusefp.o(.text) for __I$use$fp
    dadd.o(.text) refers to llshl.o(.text) for __aeabi_llsl
    dadd.o(.text) refers to llsshr.o(.text) for __aeabi_lasr
    dadd.o(.text) refers to depilogue.o(.text) for _double_epilogue
    dmul.o(.text) refers (Special) to iusefp.o(.text) for __I$use$fp
    dmul.o(.text) refers to depilogue.o(.text) for _double_epilogue
    fflti.o(.text) refers (Special) to iusefp.o(.text) for __I$use$fp
    fflti.o(.text) refers to fepilogue.o(.text) for _float_epilogue
    ffltui.o(.text) refers (Special) to iusefp.o(.text) for __I$use$fp
    ffltui.o(.text) refers to fepilogue.o(.text) for _float_epilogue
    dfltui.o(.text) refers (Special) to iusefp.o(.text) for __I$use$fp
    dfltui.o(.text) refers to depilogue.o(.text) for _double_epilogue
    ffixui.o(.text) refers (Special) to iusefp.o(.text) for __I$use$fp
    f2d.o(.text) refers (Special) to iusefp.o(.text) for __I$use$fp
    d2f.o(.text) refers (Special) to iusefp.o(.text) for __I$use$fp
    d2f.o(.text) refers to fepilogue.o(.text) for _float_round
    cfrcmple.o(.text) refers (Special) to iusefp.o(.text) for __I$use$fp
    entry2.o(.ARM.Collect$$$$00000001) refers to entry2.o(.ARM.Collect$$$$00002712) for __lit__00000000
    entry2.o(.ARM.Collect$$$$00002712) refers to startup_gd32f1x0.o(STACK) for __initial_sp
    entry2.o(__vectab_stack_and_reset_area) refers to startup_gd32f1x0.o(STACK) for __initial_sp
    entry2.o(__vectab_stack_and_reset_area) refers to entry.o(.ARM.Collect$$$$00000000) for __main
    entry5.o(.ARM.Collect$$$$00000004) refers to init.o(.text) for __scatterload
    entry9a.o(.ARM.Collect$$$$0000000B) refers to main.o(i.main) for main
    entry9b.o(.ARM.Collect$$$$0000000C) refers to main.o(i.main) for main
    depilogue.o(.text) refers to llshl.o(.text) for __aeabi_llsl
    depilogue.o(.text) refers to llushr.o(.text) for __aeabi_llsr
    init.o(.text) refers to entry5.o(.ARM.Collect$$$$00000004) for __main_after_scatterload


==============================================================================

Removing Unused input sections from the image.

    Removing main.o(.rev16_text), (4 bytes).
    Removing main.o(.revsh_text), (4 bytes).
    Removing main.o(.rrx_text), (6 bytes).
    Removing gd32f1x0_it.o(.rev16_text), (4 bytes).
    Removing gd32f1x0_it.o(.revsh_text), (4 bytes).
    Removing gd32f1x0_it.o(.rrx_text), (6 bytes).
    Removing systick.o(.rev16_text), (4 bytes).
    Removing systick.o(.revsh_text), (4 bytes).
    Removing systick.o(.rrx_text), (6 bytes).
    Removing tm1637.o(.rev16_text), (4 bytes).
    Removing tm1637.o(.revsh_text), (4 bytes).
    Removing tm1637.o(.rrx_text), (6 bytes).
    Removing tm1637.o(i.tm1637_clear), (36 bytes).
    Removing tm1637.o(i.tm1637_display_auto), (64 bytes).
    Removing tm1637.o(i.tm1637_lock), (24 bytes).
    Removing tm1637.o(i.tm1637_unlock), (6 bytes).
    Removing debug_printf.o(.rev16_text), (4 bytes).
    Removing debug_printf.o(.revsh_text), (4 bytes).
    Removing debug_printf.o(.rrx_text), (6 bytes).
    Removing debug_printf.o(i.debug_printf_init), (12 bytes).
    Removing debug_printf.o(i.fputc), (40 bytes).
    Removing delay.o(.rev16_text), (4 bytes).
    Removing delay.o(.revsh_text), (4 bytes).
    Removing delay.o(.rrx_text), (6 bytes).
    Removing encoder.o(.rev16_text), (4 bytes).
    Removing encoder.o(.revsh_text), (4 bytes).
    Removing encoder.o(.rrx_text), (6 bytes).
    Removing ds18b20.o(.rev16_text), (4 bytes).
    Removing ds18b20.o(.revsh_text), (4 bytes).
    Removing ds18b20.o(.rrx_text), (6 bytes).
    Removing ds1302.o(.rev16_text), (4 bytes).
    Removing ds1302.o(.revsh_text), (4 bytes).
    Removing ds1302.o(.rrx_text), (6 bytes).
    Removing menus.o(.rev16_text), (4 bytes).
    Removing menus.o(.revsh_text), (4 bytes).
    Removing menus.o(.rrx_text), (6 bytes).
    Removing flash.o(.rev16_text), (4 bytes).
    Removing flash.o(.revsh_text), (4 bytes).
    Removing flash.o(.rrx_text), (6 bytes).
    Removing buzzer.o(.rev16_text), (4 bytes).
    Removing buzzer.o(.revsh_text), (4 bytes).
    Removing buzzer.o(.rrx_text), (6 bytes).
    Removing buzzer.o(i.buzzer_on), (92 bytes).
    Removing buzzer.o(.data), (4 bytes).
    Removing system_gd32f1x0.o(.rev16_text), (4 bytes).
    Removing system_gd32f1x0.o(.revsh_text), (4 bytes).
    Removing system_gd32f1x0.o(.rrx_text), (6 bytes).
    Removing system_gd32f1x0.o(i.SystemCoreClockUpdate), (240 bytes).
    Removing startup_gd32f1x0.o(HEAP), (1024 bytes).
    Removing gd32f1x0_exti.o(.rev16_text), (4 bytes).
    Removing gd32f1x0_exti.o(.revsh_text), (4 bytes).
    Removing gd32f1x0_exti.o(.rrx_text), (6 bytes).
    Removing gd32f1x0_exti.o(i.exti_deinit), (32 bytes).
    Removing gd32f1x0_exti.o(i.exti_event_disable), (16 bytes).
    Removing gd32f1x0_exti.o(i.exti_event_enable), (16 bytes).
    Removing gd32f1x0_exti.o(i.exti_flag_clear), (12 bytes).
    Removing gd32f1x0_exti.o(i.exti_flag_get), (24 bytes).
    Removing gd32f1x0_exti.o(i.exti_interrupt_disable), (16 bytes).
    Removing gd32f1x0_exti.o(i.exti_interrupt_enable), (16 bytes).
    Removing gd32f1x0_exti.o(i.exti_software_interrupt_disable), (16 bytes).
    Removing gd32f1x0_exti.o(i.exti_software_interrupt_enable), (16 bytes).
    Removing gd32f1x0_gpio.o(.rev16_text), (4 bytes).
    Removing gd32f1x0_gpio.o(.revsh_text), (4 bytes).
    Removing gd32f1x0_gpio.o(.rrx_text), (6 bytes).
    Removing gd32f1x0_gpio.o(i.gpio_af_set), (94 bytes).
    Removing gd32f1x0_gpio.o(i.gpio_bit_reset), (4 bytes).
    Removing gd32f1x0_gpio.o(i.gpio_bit_set), (4 bytes).
    Removing gd32f1x0_gpio.o(i.gpio_deinit), (148 bytes).
    Removing gd32f1x0_gpio.o(i.gpio_input_port_get), (8 bytes).
    Removing gd32f1x0_gpio.o(i.gpio_output_bit_get), (16 bytes).
    Removing gd32f1x0_gpio.o(i.gpio_output_port_get), (8 bytes).
    Removing gd32f1x0_gpio.o(i.gpio_pin_lock), (18 bytes).
    Removing gd32f1x0_gpio.o(i.gpio_port_write), (4 bytes).
    Removing gd32f1x0_rcu.o(.rev16_text), (4 bytes).
    Removing gd32f1x0_rcu.o(.revsh_text), (4 bytes).
    Removing gd32f1x0_rcu.o(.rrx_text), (6 bytes).
    Removing gd32f1x0_rcu.o(i.rcu_adc_clock_config), (152 bytes).
    Removing gd32f1x0_rcu.o(i.rcu_ahb_clock_config), (28 bytes).
    Removing gd32f1x0_rcu.o(i.rcu_all_reset_flag_clear), (20 bytes).
    Removing gd32f1x0_rcu.o(i.rcu_apb1_clock_config), (28 bytes).
    Removing gd32f1x0_rcu.o(i.rcu_apb2_clock_config), (28 bytes).
    Removing gd32f1x0_rcu.o(i.rcu_bkp_reset_disable), (20 bytes).
    Removing gd32f1x0_rcu.o(i.rcu_bkp_reset_enable), (20 bytes).
    Removing gd32f1x0_rcu.o(i.rcu_cec_clock_config), (28 bytes).
    Removing gd32f1x0_rcu.o(i.rcu_ckout_config), (28 bytes).
    Removing gd32f1x0_rcu.o(i.rcu_clock_freq_get), (680 bytes).
    Removing gd32f1x0_rcu.o(i.rcu_deepsleep_voltage_set), (36 bytes).
    Removing gd32f1x0_rcu.o(i.rcu_deinit), (128 bytes).
    Removing gd32f1x0_rcu.o(i.rcu_flag_get), (36 bytes).
    Removing gd32f1x0_rcu.o(i.rcu_hxtal_clock_monitor_disable), (20 bytes).
    Removing gd32f1x0_rcu.o(i.rcu_hxtal_clock_monitor_enable), (20 bytes).
    Removing gd32f1x0_rcu.o(i.rcu_hxtal_prediv_config), (24 bytes).
    Removing gd32f1x0_rcu.o(i.rcu_interrupt_disable), (16 bytes).
    Removing gd32f1x0_rcu.o(i.rcu_interrupt_enable), (16 bytes).
    Removing gd32f1x0_rcu.o(i.rcu_interrupt_flag_clear), (16 bytes).
    Removing gd32f1x0_rcu.o(i.rcu_interrupt_flag_get), (24 bytes).
    Removing gd32f1x0_rcu.o(i.rcu_irc14m_adjust_value_set), (24 bytes).
    Removing gd32f1x0_rcu.o(i.rcu_irc8m_adjust_value_set), (24 bytes).
    Removing gd32f1x0_rcu.o(i.rcu_lxtal_drive_capability_config), (28 bytes).
    Removing gd32f1x0_rcu.o(i.rcu_osci_bypass_mode_disable), (100 bytes).
    Removing gd32f1x0_rcu.o(i.rcu_osci_bypass_mode_enable), (100 bytes).
    Removing gd32f1x0_rcu.o(i.rcu_osci_off), (32 bytes).
    Removing gd32f1x0_rcu.o(i.rcu_osci_on), (32 bytes).
    Removing gd32f1x0_rcu.o(i.rcu_osci_stab_wait), (268 bytes).
    Removing gd32f1x0_rcu.o(i.rcu_periph_clock_disable), (32 bytes).
    Removing gd32f1x0_rcu.o(i.rcu_periph_clock_sleep_disable), (32 bytes).
    Removing gd32f1x0_rcu.o(i.rcu_periph_clock_sleep_enable), (32 bytes).
    Removing gd32f1x0_rcu.o(i.rcu_pll_config), (36 bytes).
    Removing gd32f1x0_rcu.o(i.rcu_power_down_voltage_set), (36 bytes).
    Removing gd32f1x0_rcu.o(i.rcu_rtc_clock_config), (28 bytes).
    Removing gd32f1x0_rcu.o(i.rcu_system_clock_source_config), (28 bytes).
    Removing gd32f1x0_rcu.o(i.rcu_system_clock_source_get), (16 bytes).
    Removing gd32f1x0_rcu.o(i.rcu_usart_clock_config), (28 bytes).
    Removing gd32f1x0_rcu.o(i.rcu_usbd_clock_config), (28 bytes).
    Removing gd32f1x0_rcu.o(i.rcu_voltage_key_unlock), (40 bytes).
    Removing gd32f1x0_syscfg.o(.rev16_text), (4 bytes).
    Removing gd32f1x0_syscfg.o(.revsh_text), (4 bytes).
    Removing gd32f1x0_syscfg.o(.rrx_text), (6 bytes).
    Removing gd32f1x0_syscfg.o(i.syscfg_deinit), (20 bytes).
    Removing gd32f1x0_syscfg.o(i.syscfg_dma_remap_disable), (16 bytes).
    Removing gd32f1x0_syscfg.o(i.syscfg_dma_remap_enable), (16 bytes).
    Removing gd32f1x0_syscfg.o(i.syscfg_flag_clear), (16 bytes).
    Removing gd32f1x0_syscfg.o(i.syscfg_flag_get), (24 bytes).
    Removing gd32f1x0_syscfg.o(i.syscfg_high_current_disable), (20 bytes).
    Removing gd32f1x0_syscfg.o(i.syscfg_high_current_enable), (20 bytes).
    Removing gd32f1x0_syscfg.o(i.syscfg_lock_config), (16 bytes).
    Removing gd32f1x0_timer.o(.rev16_text), (4 bytes).
    Removing gd32f1x0_timer.o(.revsh_text), (4 bytes).
    Removing gd32f1x0_timer.o(.rrx_text), (6 bytes).
    Removing gd32f1x0_timer.o(i.timer_auto_reload_shadow_disable), (10 bytes).
    Removing gd32f1x0_timer.o(i.timer_automatic_output_disable), (10 bytes).
    Removing gd32f1x0_timer.o(i.timer_automatic_output_enable), (10 bytes).
    Removing gd32f1x0_timer.o(i.timer_autoreload_value_config), (4 bytes).
    Removing gd32f1x0_timer.o(i.timer_break_config), (30 bytes).
    Removing gd32f1x0_timer.o(i.timer_break_disable), (10 bytes).
    Removing gd32f1x0_timer.o(i.timer_break_enable), (10 bytes).
    Removing gd32f1x0_timer.o(i.timer_break_struct_para_init), (18 bytes).
    Removing gd32f1x0_timer.o(i.timer_channel_capture_value_register_read), (42 bytes).
    Removing gd32f1x0_timer.o(i.timer_channel_complementary_output_polarity_config), (92 bytes).
    Removing gd32f1x0_timer.o(i.timer_channel_complementary_output_state_config), (70 bytes).
    Removing gd32f1x0_timer.o(i.timer_channel_control_shadow_config), (24 bytes).
    Removing gd32f1x0_timer.o(i.timer_channel_control_shadow_update_config), (26 bytes).
    Removing gd32f1x0_timer.o(i.timer_channel_dma_request_source_select), (26 bytes).
    Removing gd32f1x0_timer.o(i.timer_channel_input_capture_prescaler_config), (90 bytes).
    Removing gd32f1x0_timer.o(i.timer_channel_input_struct_para_init), (16 bytes).
    Removing gd32f1x0_timer.o(i.timer_channel_output_clear_config), (90 bytes).
    Removing gd32f1x0_timer.o(i.timer_channel_output_config), (520 bytes).
    Removing gd32f1x0_timer.o(i.timer_channel_output_fast_config), (90 bytes).
    Removing gd32f1x0_timer.o(i.timer_channel_output_mode_config), (90 bytes).
    Removing gd32f1x0_timer.o(i.timer_channel_output_polarity_config), (92 bytes).
    Removing gd32f1x0_timer.o(i.timer_channel_output_pulse_value_config), (38 bytes).
    Removing gd32f1x0_timer.o(i.timer_channel_output_shadow_config), (90 bytes).
    Removing gd32f1x0_timer.o(i.timer_channel_output_state_config), (92 bytes).
    Removing gd32f1x0_timer.o(i.timer_channel_output_struct_para_init), (16 bytes).
    Removing gd32f1x0_timer.o(i.timer_channel_remap_config), (4 bytes).
    Removing gd32f1x0_timer.o(i.timer_counter_alignment), (16 bytes).
    Removing gd32f1x0_timer.o(i.timer_counter_down_direction), (10 bytes).
    Removing gd32f1x0_timer.o(i.timer_counter_read), (8 bytes).
    Removing gd32f1x0_timer.o(i.timer_counter_up_direction), (10 bytes).
    Removing gd32f1x0_timer.o(i.timer_counter_value_config), (4 bytes).
    Removing gd32f1x0_timer.o(i.timer_dma_disable), (8 bytes).
    Removing gd32f1x0_timer.o(i.timer_dma_enable), (8 bytes).
    Removing gd32f1x0_timer.o(i.timer_dma_transfer_config), (24 bytes).
    Removing gd32f1x0_timer.o(i.timer_event_software_generate), (8 bytes).
    Removing gd32f1x0_timer.o(i.timer_external_clock_mode0_config), (40 bytes).
    Removing gd32f1x0_timer.o(i.timer_external_clock_mode1_config), (32 bytes).
    Removing gd32f1x0_timer.o(i.timer_external_clock_mode1_disable), (10 bytes).
    Removing gd32f1x0_timer.o(i.timer_external_trigger_as_external_clock_config), (166 bytes).
    Removing gd32f1x0_timer.o(i.timer_external_trigger_config), (30 bytes).
    Removing gd32f1x0_timer.o(i.timer_hall_mode_config), (26 bytes).
    Removing gd32f1x0_timer.o(i.timer_input_capture_config), (326 bytes).
    Removing gd32f1x0_timer.o(i.timer_input_pwm_capture_config), (356 bytes).
    Removing gd32f1x0_timer.o(i.timer_input_trigger_source_select), (16 bytes).
    Removing gd32f1x0_timer.o(i.timer_internal_clock_config), (10 bytes).
    Removing gd32f1x0_timer.o(i.timer_internal_trigger_as_external_clock_config), (32 bytes).
    Removing gd32f1x0_timer.o(i.timer_interrupt_disable), (8 bytes).
    Removing gd32f1x0_timer.o(i.timer_master_output_trigger_source_select), (16 bytes).
    Removing gd32f1x0_timer.o(i.timer_master_slave_mode_config), (26 bytes).
    Removing gd32f1x0_timer.o(i.timer_ocpre_clear_source_config), (26 bytes).
    Removing gd32f1x0_timer.o(i.timer_prescaler_config), (14 bytes).
    Removing gd32f1x0_timer.o(i.timer_prescaler_read), (10 bytes).
    Removing gd32f1x0_timer.o(i.timer_primary_output_config), (24 bytes).
    Removing gd32f1x0_timer.o(i.timer_quadrature_decoder_mode_config), (64 bytes).
    Removing gd32f1x0_timer.o(i.timer_repetition_value_config), (4 bytes).
    Removing gd32f1x0_timer.o(i.timer_single_pulse_mode_config), (26 bytes).
    Removing gd32f1x0_timer.o(i.timer_slave_mode_select), (16 bytes).
    Removing gd32f1x0_timer.o(i.timer_update_event_disable), (10 bytes).
    Removing gd32f1x0_timer.o(i.timer_update_event_enable), (10 bytes).
    Removing gd32f1x0_timer.o(i.timer_update_source_config), (26 bytes).
    Removing gd32f1x0_usart.o(.rev16_text), (4 bytes).
    Removing gd32f1x0_usart.o(.revsh_text), (4 bytes).
    Removing gd32f1x0_usart.o(.rrx_text), (6 bytes).
    Removing gd32f1x0_usart.o(i.usart_address_config), (32 bytes).
    Removing gd32f1x0_usart.o(i.usart_address_detection_mode_config), (28 bytes).
    Removing gd32f1x0_usart.o(i.usart_autobaud_detection_disable), (10 bytes).
    Removing gd32f1x0_usart.o(i.usart_autobaud_detection_enable), (10 bytes).
    Removing gd32f1x0_usart.o(i.usart_autobaud_detection_mode_config), (16 bytes).
    Removing gd32f1x0_usart.o(i.usart_baudrate_set), (124 bytes).
    Removing gd32f1x0_usart.o(i.usart_block_length_config), (24 bytes).
    Removing gd32f1x0_usart.o(i.usart_clock_disable), (18 bytes).
    Removing gd32f1x0_usart.o(i.usart_clock_enable), (18 bytes).
    Removing gd32f1x0_usart.o(i.usart_command_enable), (8 bytes).
    Removing gd32f1x0_usart.o(i.usart_data_first_config), (28 bytes).
    Removing gd32f1x0_usart.o(i.usart_data_receive), (10 bytes).
    Removing gd32f1x0_usart.o(i.usart_data_transmit), (8 bytes).
    Removing gd32f1x0_usart.o(i.usart_deinit), (64 bytes).
    Removing gd32f1x0_usart.o(i.usart_depolarity_config), (28 bytes).
    Removing gd32f1x0_usart.o(i.usart_disable), (10 bytes).
    Removing gd32f1x0_usart.o(i.usart_dma_receive_config), (16 bytes).
    Removing gd32f1x0_usart.o(i.usart_dma_transmit_config), (16 bytes).
    Removing gd32f1x0_usart.o(i.usart_driver_assertime_config), (32 bytes).
    Removing gd32f1x0_usart.o(i.usart_driver_deassertime_config), (32 bytes).
    Removing gd32f1x0_usart.o(i.usart_enable), (10 bytes).
    Removing gd32f1x0_usart.o(i.usart_flag_clear), (18 bytes).
    Removing gd32f1x0_usart.o(i.usart_flag_get), (30 bytes).
    Removing gd32f1x0_usart.o(i.usart_guard_time_config), (32 bytes).
    Removing gd32f1x0_usart.o(i.usart_halfduplex_disable), (18 bytes).
    Removing gd32f1x0_usart.o(i.usart_halfduplex_enable), (18 bytes).
    Removing gd32f1x0_usart.o(i.usart_hardware_flow_cts_config), (24 bytes).
    Removing gd32f1x0_usart.o(i.usart_hardware_flow_rts_config), (24 bytes).
    Removing gd32f1x0_usart.o(i.usart_interrupt_disable), (26 bytes).
    Removing gd32f1x0_usart.o(i.usart_interrupt_enable), (26 bytes).
    Removing gd32f1x0_usart.o(i.usart_interrupt_flag_clear), (18 bytes).
    Removing gd32f1x0_usart.o(i.usart_interrupt_flag_get), (56 bytes).
    Removing gd32f1x0_usart.o(i.usart_invert_config), (110 bytes).
    Removing gd32f1x0_usart.o(i.usart_irda_lowpower_config), (28 bytes).
    Removing gd32f1x0_usart.o(i.usart_irda_mode_disable), (18 bytes).
    Removing gd32f1x0_usart.o(i.usart_irda_mode_enable), (18 bytes).
    Removing gd32f1x0_usart.o(i.usart_lin_break_detection_length_config), (28 bytes).
    Removing gd32f1x0_usart.o(i.usart_lin_mode_disable), (18 bytes).
    Removing gd32f1x0_usart.o(i.usart_lin_mode_enable), (18 bytes).
    Removing gd32f1x0_usart.o(i.usart_mute_mode_disable), (10 bytes).
    Removing gd32f1x0_usart.o(i.usart_mute_mode_enable), (10 bytes).
    Removing gd32f1x0_usart.o(i.usart_mute_mode_wakeup_config), (24 bytes).
    Removing gd32f1x0_usart.o(i.usart_overrun_disable), (18 bytes).
    Removing gd32f1x0_usart.o(i.usart_overrun_enable), (18 bytes).
    Removing gd32f1x0_usart.o(i.usart_oversample_config), (24 bytes).
    Removing gd32f1x0_usart.o(i.usart_parity_config), (24 bytes).
    Removing gd32f1x0_usart.o(i.usart_prescaler_config), (24 bytes).
    Removing gd32f1x0_usart.o(i.usart_receive_config), (16 bytes).
    Removing gd32f1x0_usart.o(i.usart_receiver_timeout_disable), (10 bytes).
    Removing gd32f1x0_usart.o(i.usart_receiver_timeout_enable), (10 bytes).
    Removing gd32f1x0_usart.o(i.usart_receiver_timeout_threshold_config), (16 bytes).
    Removing gd32f1x0_usart.o(i.usart_reception_error_dma_disable), (18 bytes).
    Removing gd32f1x0_usart.o(i.usart_reception_error_dma_enable), (18 bytes).
    Removing gd32f1x0_usart.o(i.usart_rs485_driver_disable), (18 bytes).
    Removing gd32f1x0_usart.o(i.usart_rs485_driver_enable), (18 bytes).
    Removing gd32f1x0_usart.o(i.usart_sample_bit_config), (24 bytes).
    Removing gd32f1x0_usart.o(i.usart_smartcard_autoretry_config), (32 bytes).
    Removing gd32f1x0_usart.o(i.usart_smartcard_mode_disable), (18 bytes).
    Removing gd32f1x0_usart.o(i.usart_smartcard_mode_enable), (18 bytes).
    Removing gd32f1x0_usart.o(i.usart_smartcard_mode_nack_disable), (18 bytes).
    Removing gd32f1x0_usart.o(i.usart_smartcard_mode_nack_enable), (18 bytes).
    Removing gd32f1x0_usart.o(i.usart_stop_bit_set), (24 bytes).
    Removing gd32f1x0_usart.o(i.usart_synchronous_clock_config), (50 bytes).
    Removing gd32f1x0_usart.o(i.usart_transmit_config), (16 bytes).
    Removing gd32f1x0_usart.o(i.usart_wakeup_disable), (10 bytes).
    Removing gd32f1x0_usart.o(i.usart_wakeup_enable), (10 bytes).
    Removing gd32f1x0_usart.o(i.usart_wakeup_mode_config), (28 bytes).
    Removing gd32f1x0_usart.o(i.usart_word_length_set), (24 bytes).
    Removing gd32f1x0_misc.o(.rev16_text), (4 bytes).
    Removing gd32f1x0_misc.o(.revsh_text), (4 bytes).
    Removing gd32f1x0_misc.o(.rrx_text), (6 bytes).
    Removing gd32f1x0_misc.o(i.nvic_irq_disable), (24 bytes).
    Removing gd32f1x0_misc.o(i.system_lowpower_reset), (16 bytes).
    Removing gd32f1x0_misc.o(i.system_lowpower_set), (16 bytes).
    Removing gd32f1x0_misc.o(i.systick_clksource_set), (40 bytes).
    Removing gd32f1x0_dbg.o(.rev16_text), (4 bytes).
    Removing gd32f1x0_dbg.o(.revsh_text), (4 bytes).
    Removing gd32f1x0_dbg.o(.rrx_text), (6 bytes).
    Removing gd32f1x0_dbg.o(i.dbg_deinit), (16 bytes).
    Removing gd32f1x0_dbg.o(i.dbg_id_get), (12 bytes).
    Removing gd32f1x0_dbg.o(i.dbg_low_power_disable), (16 bytes).
    Removing gd32f1x0_dbg.o(i.dbg_low_power_enable), (16 bytes).
    Removing gd32f1x0_dbg.o(i.dbg_periph_disable), (32 bytes).
    Removing gd32f1x0_dbg.o(i.dbg_periph_enable), (32 bytes).
    Removing gd32f1x0_fmc.o(.rev16_text), (4 bytes).
    Removing gd32f1x0_fmc.o(.revsh_text), (4 bytes).
    Removing gd32f1x0_fmc.o(.rrx_text), (6 bytes).
    Removing gd32f1x0_fmc.o(i.fmc_flag_get), (20 bytes).
    Removing gd32f1x0_fmc.o(i.fmc_halfword_program), (64 bytes).
    Removing gd32f1x0_fmc.o(i.fmc_interrupt_disable), (16 bytes).
    Removing gd32f1x0_fmc.o(i.fmc_interrupt_enable), (16 bytes).
    Removing gd32f1x0_fmc.o(i.fmc_interrupt_flag_clear), (12 bytes).
    Removing gd32f1x0_fmc.o(i.fmc_interrupt_flag_get), (20 bytes).
    Removing gd32f1x0_fmc.o(i.fmc_mass_erase), (68 bytes).
    Removing gd32f1x0_fmc.o(i.fmc_wait_state_disable), (24 bytes).
    Removing gd32f1x0_fmc.o(i.fmc_wait_state_enable), (24 bytes).
    Removing gd32f1x0_fmc.o(i.fmc_wscnt_set), (24 bytes).
    Removing gd32f1x0_fmc.o(i.ob_data_get), (12 bytes).
    Removing gd32f1x0_fmc.o(i.ob_data_program), (212 bytes).
    Removing gd32f1x0_fmc.o(i.ob_erase), (148 bytes).
    Removing gd32f1x0_fmc.o(i.ob_lock), (20 bytes).
    Removing gd32f1x0_fmc.o(i.ob_obstat_plevel_get), (16 bytes).
    Removing gd32f1x0_fmc.o(i.ob_reset), (20 bytes).
    Removing gd32f1x0_fmc.o(i.ob_security_protection_config), (204 bytes).
    Removing gd32f1x0_fmc.o(i.ob_unlock), (36 bytes).
    Removing gd32f1x0_fmc.o(i.ob_user_get), (16 bytes).
    Removing gd32f1x0_fmc.o(i.ob_user_write), (208 bytes).
    Removing gd32f1x0_fmc.o(i.ob_write_protection_enable), (216 bytes).
    Removing gd32f1x0_fmc.o(i.ob_write_protection_get), (12 bytes).
    Removing gd32f1x0r_eval.o(.rev16_text), (4 bytes).
    Removing gd32f1x0r_eval.o(.revsh_text), (4 bytes).
    Removing gd32f1x0r_eval.o(.rrx_text), (6 bytes).
    Removing gd32f1x0r_eval.o(i.gd_eval_com_init), (192 bytes).
    Removing gd32f1x0r_eval.o(i.gd_eval_key_init), (128 bytes).
    Removing gd32f1x0r_eval.o(i.gd_eval_key_state_get), (32 bytes).
    Removing gd32f1x0r_eval.o(i.gd_eval_led_init), (84 bytes).
    Removing gd32f1x0r_eval.o(i.gd_eval_led_off), (24 bytes).
    Removing gd32f1x0r_eval.o(i.gd_eval_led_on), (24 bytes).
    Removing gd32f1x0r_eval.o(i.gd_eval_led_toggle), (36 bytes).
    Removing gd32f1x0r_eval.o(.data), (105 bytes).

312 unused section(s) (total 11711 bytes) removed from the image.

==============================================================================

Image Symbol Table

    Local Symbols

    Symbol Name                              Value     Ov Type        Size  Object(Section)

    ../clib/microlib/init/entry.s            0x00000000   Number         0  entry8b.o ABSOLUTE
    ../clib/microlib/init/entry.s            0x00000000   Number         0  entry12b.o ABSOLUTE
    ../clib/microlib/init/entry.s            0x00000000   Number         0  entry12a.o ABSOLUTE
    ../clib/microlib/init/entry.s            0x00000000   Number         0  entry8a.o ABSOLUTE
    ../clib/microlib/init/entry.s            0x00000000   Number         0  entry11b.o ABSOLUTE
    ../clib/microlib/init/entry.s            0x00000000   Number         0  entry11a.o ABSOLUTE
    ../clib/microlib/init/entry.s            0x00000000   Number         0  entry10b.o ABSOLUTE
    ../clib/microlib/init/entry.s            0x00000000   Number         0  entry10a.o ABSOLUTE
    ../clib/microlib/init/entry.s            0x00000000   Number         0  entry9b.o ABSOLUTE
    ../clib/microlib/init/entry.s            0x00000000   Number         0  entry9a.o ABSOLUTE
    ../clib/microlib/init/entry.s            0x00000000   Number         0  entry.o ABSOLUTE
    ../clib/microlib/init/entry.s            0x00000000   Number         0  entry7b.o ABSOLUTE
    ../clib/microlib/init/entry.s            0x00000000   Number         0  entry7a.o ABSOLUTE
    ../clib/microlib/init/entry.s            0x00000000   Number         0  entry5.o ABSOLUTE
    ../clib/microlib/init/entry.s            0x00000000   Number         0  entry2.o ABSOLUTE
    ../clib/microlib/longlong.c              0x00000000   Number         0  llsshr.o ABSOLUTE
    ../clib/microlib/longlong.c              0x00000000   Number         0  llushr.o ABSOLUTE
    ../clib/microlib/longlong.c              0x00000000   Number         0  llshl.o ABSOLUTE
    ../clib/microlib/string/memcpy.c         0x00000000   Number         0  memcpyb.o ABSOLUTE
    ../clib/microlib/string/memcpy.c         0x00000000   Number         0  memcpya.o ABSOLUTE
    ../clib/microlib/string/memset.c         0x00000000   Number         0  memseta.o ABSOLUTE
    ../clib/microlib/stubs.s                 0x00000000   Number         0  iusefp.o ABSOLUTE
    ../fplib/microlib/d2f.c                  0x00000000   Number         0  d2f.o ABSOLUTE
    ../fplib/microlib/f2d.c                  0x00000000   Number         0  f2d.o ABSOLUTE
    ../fplib/microlib/fpadd.c                0x00000000   Number         0  fadd.o ABSOLUTE
    ../fplib/microlib/fpadd.c                0x00000000   Number         0  dadd.o ABSOLUTE
    ../fplib/microlib/fpepilogue.c           0x00000000   Number         0  fepilogue.o ABSOLUTE
    ../fplib/microlib/fpepilogue.c           0x00000000   Number         0  depilogue.o ABSOLUTE
    ../fplib/microlib/fpfix.c                0x00000000   Number         0  ffixui.o ABSOLUTE
    ../fplib/microlib/fpflt.c                0x00000000   Number         0  ffltui.o ABSOLUTE
    ../fplib/microlib/fpflt.c                0x00000000   Number         0  fflti.o ABSOLUTE
    ../fplib/microlib/fpflt.c                0x00000000   Number         0  dfltui.o ABSOLUTE
    ../fplib/microlib/fpmul.c                0x00000000   Number         0  dmul.o ABSOLUTE
    ../fplib/microlib/fpmul.c                0x00000000   Number         0  fmul.o ABSOLUTE
    Firmware\CMSIS\GD\GD32F1x0\Source\ARM\startup_gd32f1x0.s 0x00000000   Number         0  startup_gd32f1x0.o ABSOLUTE
    Firmware\CMSIS\GD\GD32F1x0\Source\system_gd32f1x0.c 0x00000000   Number         0  system_gd32f1x0.o ABSOLUTE
    Firmware\GD32F1x0_standard_peripheral\Source\gd32f1x0_dbg.c 0x00000000   Number         0  gd32f1x0_dbg.o ABSOLUTE
    Firmware\GD32F1x0_standard_peripheral\Source\gd32f1x0_exti.c 0x00000000   Number         0  gd32f1x0_exti.o ABSOLUTE
    Firmware\GD32F1x0_standard_peripheral\Source\gd32f1x0_fmc.c 0x00000000   Number         0  gd32f1x0_fmc.o ABSOLUTE
    Firmware\GD32F1x0_standard_peripheral\Source\gd32f1x0_gpio.c 0x00000000   Number         0  gd32f1x0_gpio.o ABSOLUTE
    Firmware\GD32F1x0_standard_peripheral\Source\gd32f1x0_misc.c 0x00000000   Number         0  gd32f1x0_misc.o ABSOLUTE
    Firmware\GD32F1x0_standard_peripheral\Source\gd32f1x0_rcu.c 0x00000000   Number         0  gd32f1x0_rcu.o ABSOLUTE
    Firmware\GD32F1x0_standard_peripheral\Source\gd32f1x0_syscfg.c 0x00000000   Number         0  gd32f1x0_syscfg.o ABSOLUTE
    Firmware\GD32F1x0_standard_peripheral\Source\gd32f1x0_timer.c 0x00000000   Number         0  gd32f1x0_timer.o ABSOLUTE
    Firmware\GD32F1x0_standard_peripheral\Source\gd32f1x0_usart.c 0x00000000   Number         0  gd32f1x0_usart.o ABSOLUTE
    Firmware\\CMSIS\\GD\\GD32F1x0\\Source\\system_gd32f1x0.c 0x00000000   Number         0  system_gd32f1x0.o ABSOLUTE
    Firmware\\GD32F1x0_standard_peripheral\\Source\\gd32f1x0_dbg.c 0x00000000   Number         0  gd32f1x0_dbg.o ABSOLUTE
    Firmware\\GD32F1x0_standard_peripheral\\Source\\gd32f1x0_exti.c 0x00000000   Number         0  gd32f1x0_exti.o ABSOLUTE
    Firmware\\GD32F1x0_standard_peripheral\\Source\\gd32f1x0_fmc.c 0x00000000   Number         0  gd32f1x0_fmc.o ABSOLUTE
    Firmware\\GD32F1x0_standard_peripheral\\Source\\gd32f1x0_gpio.c 0x00000000   Number         0  gd32f1x0_gpio.o ABSOLUTE
    Firmware\\GD32F1x0_standard_peripheral\\Source\\gd32f1x0_misc.c 0x00000000   Number         0  gd32f1x0_misc.o ABSOLUTE
    Firmware\\GD32F1x0_standard_peripheral\\Source\\gd32f1x0_rcu.c 0x00000000   Number         0  gd32f1x0_rcu.o ABSOLUTE
    Firmware\\GD32F1x0_standard_peripheral\\Source\\gd32f1x0_syscfg.c 0x00000000   Number         0  gd32f1x0_syscfg.o ABSOLUTE
    Firmware\\GD32F1x0_standard_peripheral\\Source\\gd32f1x0_timer.c 0x00000000   Number         0  gd32f1x0_timer.o ABSOLUTE
    Firmware\\GD32F1x0_standard_peripheral\\Source\\gd32f1x0_usart.c 0x00000000   Number         0  gd32f1x0_usart.o ABSOLUTE
    Src\\buzzer.c                            0x00000000   Number         0  buzzer.o ABSOLUTE
    Src\\debug_printf.c                      0x00000000   Number         0  debug_printf.o ABSOLUTE
    Src\\delay.c                             0x00000000   Number         0  delay.o ABSOLUTE
    Src\\ds1302.c                            0x00000000   Number         0  ds1302.o ABSOLUTE
    Src\\ds18b20.c                           0x00000000   Number         0  ds18b20.o ABSOLUTE
    Src\\encoder.c                           0x00000000   Number         0  encoder.o ABSOLUTE
    Src\\flash.c                             0x00000000   Number         0  flash.o ABSOLUTE
    Src\\gd32f1x0_it.c                       0x00000000   Number         0  gd32f1x0_it.o ABSOLUTE
    Src\\main.c                              0x00000000   Number         0  main.o ABSOLUTE
    Src\\menus.c                             0x00000000   Number         0  menus.o ABSOLUTE
    Src\\systick.c                           0x00000000   Number         0  systick.o ABSOLUTE
    Src\\tm1637.c                            0x00000000   Number         0  tm1637.o ABSOLUTE
    Src\buzzer.c                             0x00000000   Number         0  buzzer.o ABSOLUTE
    Src\debug_printf.c                       0x00000000   Number         0  debug_printf.o ABSOLUTE
    Src\delay.c                              0x00000000   Number         0  delay.o ABSOLUTE
    Src\ds1302.c                             0x00000000   Number         0  ds1302.o ABSOLUTE
    Src\ds18b20.c                            0x00000000   Number         0  ds18b20.o ABSOLUTE
    Src\encoder.c                            0x00000000   Number         0  encoder.o ABSOLUTE
    Src\flash.c                              0x00000000   Number         0  flash.o ABSOLUTE
    Src\gd32f1x0_it.c                        0x00000000   Number         0  gd32f1x0_it.o ABSOLUTE
    Src\main.c                               0x00000000   Number         0  main.o ABSOLUTE
    Src\menus.c                              0x00000000   Number         0  menus.o ABSOLUTE
    Src\systick.c                            0x00000000   Number         0  systick.o ABSOLUTE
    Src\tm1637.c                             0x00000000   Number         0  tm1637.o ABSOLUTE
    Utilities\\gd32f1x0r_eval.c              0x00000000   Number         0  gd32f1x0r_eval.o ABSOLUTE
    Utilities\gd32f1x0r_eval.c               0x00000000   Number         0  gd32f1x0r_eval.o ABSOLUTE
    cfrcmple.s                               0x00000000   Number         0  cfrcmple.o ABSOLUTE
    dc.s                                     0x00000000   Number         0  dc.o ABSOLUTE
    handlers.s                               0x00000000   Number         0  handlers.o ABSOLUTE
    init.s                                   0x00000000   Number         0  init.o ABSOLUTE
    RESET                                    0x08000000   Section      360  startup_gd32f1x0.o(RESET)
    .ARM.Collect$$$$00000000                 0x08000168   Section        0  entry.o(.ARM.Collect$$$$00000000)
    .ARM.Collect$$$$00000001                 0x08000168   Section        4  entry2.o(.ARM.Collect$$$$00000001)
    .ARM.Collect$$$$00000004                 0x0800016c   Section        4  entry5.o(.ARM.Collect$$$$00000004)
    .ARM.Collect$$$$00000008                 0x08000170   Section        0  entry7b.o(.ARM.Collect$$$$00000008)
    .ARM.Collect$$$$0000000A                 0x08000170   Section        0  entry8b.o(.ARM.Collect$$$$0000000A)
    .ARM.Collect$$$$0000000B                 0x08000170   Section        8  entry9a.o(.ARM.Collect$$$$0000000B)
    .ARM.Collect$$$$0000000E                 0x08000178   Section        4  entry12b.o(.ARM.Collect$$$$0000000E)
    .ARM.Collect$$$$0000000F                 0x0800017c   Section        0  entry10a.o(.ARM.Collect$$$$0000000F)
    .ARM.Collect$$$$00000011                 0x0800017c   Section        0  entry11a.o(.ARM.Collect$$$$00000011)
    .ARM.Collect$$$$00002712                 0x0800017c   Section        4  entry2.o(.ARM.Collect$$$$00002712)
    __lit__00000000                          0x0800017c   Data           4  entry2.o(.ARM.Collect$$$$00002712)
    .text                                    0x08000180   Section       36  startup_gd32f1x0.o(.text)
    .text                                    0x080001a4   Section        0  memcpya.o(.text)
    .text                                    0x080001c8   Section        0  memseta.o(.text)
    .text                                    0x080001ec   Section        0  fadd.o(.text)
    .text                                    0x0800029c   Section        0  fmul.o(.text)
    .text                                    0x08000300   Section        0  dadd.o(.text)
    .text                                    0x0800044e   Section        0  dmul.o(.text)
    .text                                    0x08000532   Section        0  fflti.o(.text)
    .text                                    0x08000544   Section        0  ffltui.o(.text)
    .text                                    0x0800054e   Section        0  dfltui.o(.text)
    .text                                    0x08000568   Section        0  ffixui.o(.text)
    .text                                    0x08000590   Section        0  f2d.o(.text)
    .text                                    0x080005b6   Section        0  d2f.o(.text)
    .text                                    0x080005f0   Section       20  cfrcmple.o(.text)
    .text                                    0x08000604   Section        0  llshl.o(.text)
    .text                                    0x08000622   Section        0  llsshr.o(.text)
    .text                                    0x08000646   Section        0  fepilogue.o(.text)
    .text                                    0x08000646   Section        0  iusefp.o(.text)
    .text                                    0x080006b4   Section        0  depilogue.o(.text)
    .text                                    0x08000770   Section       36  init.o(.text)
    .text                                    0x08000794   Section        0  llushr.o(.text)
    i.BusFault_Handler                       0x080007b4   Section        0  gd32f1x0_it.o(i.BusFault_Handler)
    i.DebugMon_Handler                       0x080007b8   Section        0  gd32f1x0_it.o(i.DebugMon_Handler)
    i.EXTI0_1_IRQHandler                     0x080007ba   Section        0  gd32f1x0_it.o(i.EXTI0_1_IRQHandler)
    i.EXTI4_15_IRQHandler                    0x080007bc   Section        0  gd32f1x0_it.o(i.EXTI4_15_IRQHandler)
    i.HardFault_Handler                      0x080008b4   Section        0  gd32f1x0_it.o(i.HardFault_Handler)
    i.MemManage_Handler                      0x080008b8   Section        0  gd32f1x0_it.o(i.MemManage_Handler)
    i.NMI_Handler                            0x080008bc   Section        0  gd32f1x0_it.o(i.NMI_Handler)
    i.NVIC_SetPriority                       0x080008c0   Section        0  systick.o(i.NVIC_SetPriority)
    NVIC_SetPriority                         0x080008c1   Thumb Code    32  systick.o(i.NVIC_SetPriority)
    i.PendSV_Handler                         0x080008e8   Section        0  gd32f1x0_it.o(i.PendSV_Handler)
    i.SVC_Handler                            0x080008ea   Section        0  gd32f1x0_it.o(i.SVC_Handler)
    i.SysTick_Handler                        0x080008ec   Section        0  gd32f1x0_it.o(i.SysTick_Handler)
    i.SystemInit                             0x08000970   Section        0  system_gd32f1x0.o(i.SystemInit)
    i.TIMER14_IRQHandler                     0x08000a00   Section        0  gd32f1x0_it.o(i.TIMER14_IRQHandler)
    i.UsageFault_Handler                     0x08000a48   Section        0  gd32f1x0_it.o(i.UsageFault_Handler)
    i.__scatterload_copy                     0x08000a4c   Section       14  handlers.o(i.__scatterload_copy)
    i.__scatterload_null                     0x08000a5a   Section        2  handlers.o(i.__scatterload_null)
    i.__scatterload_zeroinit                 0x08000a5c   Section       14  handlers.o(i.__scatterload_zeroinit)
    i.buzzer_init                            0x08000a6a   Section        0  buzzer.o(i.buzzer_init)
    i.buzzer_off                             0x08000a9a   Section        0  buzzer.o(i.buzzer_off)
    i.buzzer_timer_init                      0x08000aac   Section        0  buzzer.o(i.buzzer_timer_init)
    i.caculate_temp                          0x08000b10   Section        0  ds18b20.o(i.caculate_temp)
    caculate_temp                            0x08000b11   Thumb Code   116  ds18b20.o(i.caculate_temp)
    i.delay_1ms                              0x08000b88   Section        0  systick.o(i.delay_1ms)
    i.delay_1us                              0x08000b9c   Section        0  delay.o(i.delay_1us)
    i.delay_decrement                        0x08000bd4   Section        0  systick.o(i.delay_decrement)
    i.delay_ms                               0x08000bec   Section        0  delay.o(i.delay_ms)
    i.ds1302_dio_mode                        0x08000c06   Section        0  ds1302.o(i.ds1302_dio_mode)
    ds1302_dio_mode                          0x08000c07   Thumb Code    72  ds1302.o(i.ds1302_dio_mode)
    i.ds1302_gpio_init                       0x08000c4e   Section        0  ds1302.o(i.ds1302_gpio_init)
    i.ds1302_init                            0x08000ca8   Section        0  ds1302.o(i.ds1302_init)
    i.ds1302_read                            0x08000d00   Section        0  ds1302.o(i.ds1302_read)
    i.ds1302_read_time                       0x08000de4   Section        0  ds1302.o(i.ds1302_read_time)
    i.ds1302_write                           0x08000e34   Section        0  ds1302.o(i.ds1302_write)
    i.ds1302_write_cmd                       0x08000e90   Section        0  ds1302.o(i.ds1302_write_cmd)
    ds1302_write_cmd                         0x08000e91   Thumb Code    76  ds1302.o(i.ds1302_write_cmd)
    i.ds18b20_ack                            0x08000edc   Section        0  ds18b20.o(i.ds18b20_ack)
    i.ds18b20_get_temp                       0x08000f28   Section        0  ds18b20.o(i.ds18b20_get_temp)
    i.ds18b20_init                           0x08000f6e   Section        0  ds18b20.o(i.ds18b20_init)
    i.ds18b20_mode                           0x08000f7c   Section        0  ds18b20.o(i.ds18b20_mode)
    ds18b20_mode                             0x08000f7d   Thumb Code    74  ds18b20.o(i.ds18b20_mode)
    i.ds18b20_read_byte                      0x08000fc6   Section        0  ds18b20.o(i.ds18b20_read_byte)
    ds18b20_read_byte                        0x08000fc7   Thumb Code    88  ds18b20.o(i.ds18b20_read_byte)
    i.ds18b20_write_byte                     0x0800101e   Section        0  ds18b20.o(i.ds18b20_write_byte)
    ds18b20_write_byte                       0x0800101f   Thumb Code    94  ds18b20.o(i.ds18b20_write_byte)
    i.encoder_exit_config                    0x0800107c   Section        0  encoder.o(i.encoder_exit_config)
    i.encoder_handle                         0x08001118   Section        0  encoder.o(i.encoder_handle)
    i.exti_init                              0x0800123c   Section        0  gd32f1x0_exti.o(i.exti_init)
    i.exti_interrupt_flag_clear              0x080012f8   Section        0  gd32f1x0_exti.o(i.exti_interrupt_flag_clear)
    i.exti_interrupt_flag_get                0x08001304   Section        0  gd32f1x0_exti.o(i.exti_interrupt_flag_get)
    i.fmc_flag_clear                         0x08001328   Section        0  gd32f1x0_fmc.o(i.fmc_flag_clear)
    i.fmc_lock                               0x08001334   Section        0  gd32f1x0_fmc.o(i.fmc_lock)
    i.fmc_page_erase                         0x08001348   Section        0  gd32f1x0_fmc.o(i.fmc_page_erase)
    i.fmc_param_pages_erase                  0x08001390   Section        0  flash.o(i.fmc_param_pages_erase)
    fmc_param_pages_erase                    0x08001391   Thumb Code    36  flash.o(i.fmc_param_pages_erase)
    i.fmc_param_program                      0x080013b8   Section        0  flash.o(i.fmc_param_program)
    fmc_param_program                        0x080013b9   Thumb Code    54  flash.o(i.fmc_param_program)
    i.fmc_ready_wait                         0x080013f8   Section        0  gd32f1x0_fmc.o(i.fmc_ready_wait)
    fmc_ready_wait                           0x080013f9   Thumb Code    34  gd32f1x0_fmc.o(i.fmc_ready_wait)
    i.fmc_state_get                          0x0800141c   Section        0  gd32f1x0_fmc.o(i.fmc_state_get)
    fmc_state_get                            0x0800141d   Thumb Code    44  gd32f1x0_fmc.o(i.fmc_state_get)
    i.fmc_unlock                             0x0800144c   Section        0  gd32f1x0_fmc.o(i.fmc_unlock)
    i.fmc_word_program                       0x08001470   Section        0  gd32f1x0_fmc.o(i.fmc_word_program)
    i.fu_01                                  0x080014b0   Section        0  menus.o(i.fu_01)
    i.fu_01_fun                              0x080014bc   Section        0  menus.o(i.fu_01_fun)
    i.fu_02                                  0x08001528   Section        0  menus.o(i.fu_02)
    i.fu_02_fun                              0x08001532   Section        0  menus.o(i.fu_02_fun)
    i.fu_03                                  0x08001534   Section        0  menus.o(i.fu_03)
    i.fu_03_fun                              0x08001540   Section        0  menus.o(i.fu_03_fun)
    i.fu_04                                  0x080015c0   Section        0  menus.o(i.fu_04)
    i.fu_04_fun                              0x080015cc   Section        0  menus.o(i.fu_04_fun)
    i.fu_05                                  0x080016f0   Section        0  menus.o(i.fu_05)
    i.fu_05_fun                              0x080016fc   Section        0  menus.o(i.fu_05_fun)
    i.gpio_bit_write                         0x08001794   Section        0  gd32f1x0_gpio.o(i.gpio_bit_write)
    i.gpio_input_bit_get                     0x0800179e   Section        0  gd32f1x0_gpio.o(i.gpio_input_bit_get)
    i.gpio_mode_set                          0x080017ae   Section        0  gd32f1x0_gpio.o(i.gpio_mode_set)
    i.gpio_output_options_set                0x080017fc   Section        0  gd32f1x0_gpio.o(i.gpio_output_options_set)
    i.i2c_ask                                0x0800183e   Section        0  tm1637.o(i.i2c_ask)
    i2c_ask                                  0x0800183f   Thumb Code    66  tm1637.o(i.i2c_ask)
    i.i2c_start                              0x08001880   Section        0  tm1637.o(i.i2c_start)
    i2c_start                                0x08001881   Thumb Code    80  tm1637.o(i.i2c_start)
    i.i2c_stop                               0x080018d0   Section        0  tm1637.o(i.i2c_stop)
    i2c_stop                                 0x080018d1   Thumb Code   106  tm1637.o(i.i2c_stop)
    i.i2c_write_byte                         0x0800193a   Section        0  tm1637.o(i.i2c_write_byte)
    i2c_write_byte                           0x0800193b   Thumb Code   124  tm1637.o(i.i2c_write_byte)
    i.main                                   0x080019b8   Section        0  main.o(i.main)
    i.main_page                              0x08001a1c   Section        0  menus.o(i.main_page)
    i.menu_loop                              0x08001a58   Section        0  menus.o(i.menu_loop)
    i.nvic_irq_enable                        0x08001b28   Section        0  gd32f1x0_misc.o(i.nvic_irq_enable)
    i.nvic_priority_group_set                0x08001bd4   Section        0  gd32f1x0_misc.o(i.nvic_priority_group_set)
    i.nvic_vector_table_set                  0x08001be8   Section        0  gd32f1x0_misc.o(i.nvic_vector_table_set)
    i.rcu_periph_clock_enable                0x08001bfc   Section        0  gd32f1x0_rcu.o(i.rcu_periph_clock_enable)
    i.rcu_periph_reset_disable               0x08001c1c   Section        0  gd32f1x0_rcu.o(i.rcu_periph_reset_disable)
    i.rcu_periph_reset_enable                0x08001c3c   Section        0  gd32f1x0_rcu.o(i.rcu_periph_reset_enable)
    i.syscfg_exti_line_config                0x08001c5c   Section        0  gd32f1x0_syscfg.o(i.syscfg_exti_line_config)
    i.system_clock_72m_hxtal                 0x08001cfc   Section        0  system_gd32f1x0.o(i.system_clock_72m_hxtal)
    system_clock_72m_hxtal                   0x08001cfd   Thumb Code   154  system_gd32f1x0.o(i.system_clock_72m_hxtal)
    i.system_clock_config                    0x08001da0   Section        0  system_gd32f1x0.o(i.system_clock_config)
    system_clock_config                      0x08001da1   Thumb Code     8  system_gd32f1x0.o(i.system_clock_config)
    i.system_param_read                      0x08001da8   Section        0  flash.o(i.system_param_read)
    i.system_param_write                     0x08001ddc   Section        0  flash.o(i.system_param_write)
    i.systick_config                         0x08001e10   Section        0  systick.o(i.systick_config)
    i.timer_auto_reload_shadow_enable        0x08001e60   Section        0  gd32f1x0_timer.o(i.timer_auto_reload_shadow_enable)
    i.timer_deinit                           0x08001e6c   Section        0  gd32f1x0_timer.o(i.timer_deinit)
    i.timer_disable                          0x08001f48   Section        0  gd32f1x0_timer.o(i.timer_disable)
    i.timer_enable                           0x08001f52   Section        0  gd32f1x0_timer.o(i.timer_enable)
    i.timer_flag_clear                       0x08001f5c   Section        0  gd32f1x0_timer.o(i.timer_flag_clear)
    i.timer_flag_get                         0x08001f62   Section        0  gd32f1x0_timer.o(i.timer_flag_get)
    i.timer_init                             0x08001f74   Section        0  gd32f1x0_timer.o(i.timer_init)
    i.timer_interrupt_enable                 0x08002020   Section        0  gd32f1x0_timer.o(i.timer_interrupt_enable)
    i.timer_interrupt_flag_clear             0x08002028   Section        0  gd32f1x0_timer.o(i.timer_interrupt_flag_clear)
    i.timer_interrupt_flag_get               0x0800202e   Section        0  gd32f1x0_timer.o(i.timer_interrupt_flag_get)
    i.timer_struct_para_init                 0x08002046   Section        0  gd32f1x0_timer.o(i.timer_struct_para_init)
    i.tm1637_dio_read                        0x0800205c   Section        0  tm1637.o(i.tm1637_dio_read)
    tm1637_dio_read                          0x0800205d   Thumb Code    32  tm1637.o(i.tm1637_dio_read)
    i.tm1637_display_fixed                   0x0800207c   Section        0  tm1637.o(i.tm1637_display_fixed)
    i.tm1637_display_float                   0x080020b8   Section        0  tm1637.o(i.tm1637_display_float)
    i.tm1637_display_int                     0x08002298   Section        0  tm1637.o(i.tm1637_display_int)
    i.tm1637_display_menu                    0x080023c0   Section        0  tm1637.o(i.tm1637_display_menu)
    i.tm1637_display_time                    0x080023f8   Section        0  tm1637.o(i.tm1637_display_time)
    i.tm1637_gpio_init                       0x080024a4   Section        0  tm1637.o(i.tm1637_gpio_init)
    i.tm1637_init                            0x0800250c   Section        0  tm1637.o(i.tm1637_init)
    i.tm1637_set_brightness                  0x08002524   Section        0  tm1637.o(i.tm1637_set_brightness)
    i.tm1637_write_command                   0x0800252c   Section        0  tm1637.o(i.tm1637_write_command)
    tm1637_write_command                     0x0800252d   Thumb Code    20  tm1637.o(i.tm1637_write_command)
    i.us_timer_init                          0x08002540   Section        0  delay.o(i.us_timer_init)
    .constdata                               0x08002598   Section       89  tm1637.o(.constdata)
    .data                                    0x20000000   Section       16  main.o(.data)
    .data                                    0x20000010   Section        4  systick.o(.data)
    delay                                    0x20000010   Data           4  systick.o(.data)
    .data                                    0x20000014   Section        5  tm1637.o(.data)
    .data                                    0x20000019   Section       28  ds1302.o(.data)
    .data                                    0x20000038   Section      148  menus.o(.data)
    now_index                                0x20000044   Data           1  menus.o(.data)
    .data                                    0x200000cc   Section       28  flash.o(.data)
    i                                        0x200000e4   Data           4  flash.o(.data)
    .data                                    0x200000e8   Section        4  system_gd32f1x0.o(.data)
    .bss                                     0x200000ec   Section       16  encoder.o(.bss)
    .bss                                     0x200000fc   Section       12  ds18b20.o(.bss)
    STACK                                    0x20000108   Section     1024  startup_gd32f1x0.o(STACK)

    Global Symbols

    Symbol Name                              Value     Ov Type        Size  Object(Section)

    BuildAttributes$$THM_ISAv4$P$D$K$B$S$PE$A:L22UL41UL21$X:L11$S22US41US21$IEEE1$IW$USESV6$~STKCKD$USESV7$~SHL$OTIME$ROPI$EBA8$MICROLIB$REQ8$PRES8$EABIv2 0x00000000   Number         0  anon$$obj.o ABSOLUTE
    __ARM_use_no_argv                        0x00000000   Number         0  main.o ABSOLUTE
    __arm_fini_                               - Undefined Weak Reference
    __cpp_initialize__aeabi_                  - Undefined Weak Reference
    __cxa_finalize                            - Undefined Weak Reference
    __decompress                              - Undefined Weak Reference
    _clock_init                               - Undefined Weak Reference
    _microlib_exit                            - Undefined Weak Reference
    __Vectors_Size                           0x00000168   Number         0  startup_gd32f1x0.o ABSOLUTE
    __Vectors                                0x08000000   Data           4  startup_gd32f1x0.o(RESET)
    __Vectors_End                            0x08000168   Data           0  startup_gd32f1x0.o(RESET)
    __main                                   0x08000169   Thumb Code     0  entry.o(.ARM.Collect$$$$00000000)
    _main_stk                                0x08000169   Thumb Code     0  entry2.o(.ARM.Collect$$$$00000001)
    _main_scatterload                        0x0800016d   Thumb Code     0  entry5.o(.ARM.Collect$$$$00000004)
    __main_after_scatterload                 0x08000171   Thumb Code     0  entry5.o(.ARM.Collect$$$$00000004)
    _main_clock                              0x08000171   Thumb Code     0  entry7b.o(.ARM.Collect$$$$00000008)
    _main_cpp_init                           0x08000171   Thumb Code     0  entry8b.o(.ARM.Collect$$$$0000000A)
    _main_init                               0x08000171   Thumb Code     0  entry9a.o(.ARM.Collect$$$$0000000B)
    __rt_lib_shutdown_fini                   0x08000179   Thumb Code     0  entry12b.o(.ARM.Collect$$$$0000000E)
    __rt_final_cpp                           0x0800017d   Thumb Code     0  entry10a.o(.ARM.Collect$$$$0000000F)
    __rt_final_exit                          0x0800017d   Thumb Code     0  entry11a.o(.ARM.Collect$$$$00000011)
    Reset_Handler                            0x08000181   Thumb Code     8  startup_gd32f1x0.o(.text)
    ADC_CMP_IRQHandler                       0x0800019b   Thumb Code     0  startup_gd32f1x0.o(.text)
    CAN0_RX0_IRQHandler                      0x0800019b   Thumb Code     0  startup_gd32f1x0.o(.text)
    CAN0_RX1_IRQHandler                      0x0800019b   Thumb Code     0  startup_gd32f1x0.o(.text)
    CAN0_SCE_IRQHandler                      0x0800019b   Thumb Code     0  startup_gd32f1x0.o(.text)
    CAN0_TX_IRQHandler                       0x0800019b   Thumb Code     0  startup_gd32f1x0.o(.text)
    CAN1_RX0_IRQHandler                      0x0800019b   Thumb Code     0  startup_gd32f1x0.o(.text)
    CAN1_RX1_IRQHandler                      0x0800019b   Thumb Code     0  startup_gd32f1x0.o(.text)
    CAN1_SCE_IRQHandler                      0x0800019b   Thumb Code     0  startup_gd32f1x0.o(.text)
    CAN1_TX_IRQHandler                       0x0800019b   Thumb Code     0  startup_gd32f1x0.o(.text)
    CEC_IRQHandler                           0x0800019b   Thumb Code     0  startup_gd32f1x0.o(.text)
    DMA_Channel0_IRQHandler                  0x0800019b   Thumb Code     0  startup_gd32f1x0.o(.text)
    DMA_Channel1_2_IRQHandler                0x0800019b   Thumb Code     0  startup_gd32f1x0.o(.text)
    DMA_Channel3_4_IRQHandler                0x0800019b   Thumb Code     0  startup_gd32f1x0.o(.text)
    DMA_Channel5_6_IRQHandler                0x0800019b   Thumb Code     0  startup_gd32f1x0.o(.text)
    EXTI2_3_IRQHandler                       0x0800019b   Thumb Code     0  startup_gd32f1x0.o(.text)
    FMC_IRQHandler                           0x0800019b   Thumb Code     0  startup_gd32f1x0.o(.text)
    I2C0_ER_IRQHandler                       0x0800019b   Thumb Code     0  startup_gd32f1x0.o(.text)
    I2C0_EV_IRQHandler                       0x0800019b   Thumb Code     0  startup_gd32f1x0.o(.text)
    I2C1_ER_IRQHandler                       0x0800019b   Thumb Code     0  startup_gd32f1x0.o(.text)
    I2C1_EV_IRQHandler                       0x0800019b   Thumb Code     0  startup_gd32f1x0.o(.text)
    I2C2_ER_IRQHandler                       0x0800019b   Thumb Code     0  startup_gd32f1x0.o(.text)
    I2C2_EV_IRQHandler                       0x0800019b   Thumb Code     0  startup_gd32f1x0.o(.text)
    LVD_IRQHandler                           0x0800019b   Thumb Code     0  startup_gd32f1x0.o(.text)
    RCU_IRQHandler                           0x0800019b   Thumb Code     0  startup_gd32f1x0.o(.text)
    RTC_IRQHandler                           0x0800019b   Thumb Code     0  startup_gd32f1x0.o(.text)
    SLCD_IRQHandler                          0x0800019b   Thumb Code     0  startup_gd32f1x0.o(.text)
    SPI0_IRQHandler                          0x0800019b   Thumb Code     0  startup_gd32f1x0.o(.text)
    SPI1_IRQHandler                          0x0800019b   Thumb Code     0  startup_gd32f1x0.o(.text)
    SPI2_IRQHandler                          0x0800019b   Thumb Code     0  startup_gd32f1x0.o(.text)
    TIMER0_BRK_UP_TRG_COM_IRQHandler         0x0800019b   Thumb Code     0  startup_gd32f1x0.o(.text)
    TIMER0_Channel_IRQHandler                0x0800019b   Thumb Code     0  startup_gd32f1x0.o(.text)
    TIMER13_IRQHandler                       0x0800019b   Thumb Code     0  startup_gd32f1x0.o(.text)
    TIMER15_IRQHandler                       0x0800019b   Thumb Code     0  startup_gd32f1x0.o(.text)
    TIMER16_IRQHandler                       0x0800019b   Thumb Code     0  startup_gd32f1x0.o(.text)
    TIMER1_IRQHandler                        0x0800019b   Thumb Code     0  startup_gd32f1x0.o(.text)
    TIMER2_IRQHandler                        0x0800019b   Thumb Code     0  startup_gd32f1x0.o(.text)
    TIMER5_DAC_IRQHandler                    0x0800019b   Thumb Code     0  startup_gd32f1x0.o(.text)
    TSI_IRQHandler                           0x0800019b   Thumb Code     0  startup_gd32f1x0.o(.text)
    USART0_IRQHandler                        0x0800019b   Thumb Code     0  startup_gd32f1x0.o(.text)
    USART1_IRQHandler                        0x0800019b   Thumb Code     0  startup_gd32f1x0.o(.text)
    USBDWakeUp_IRQHandler                    0x0800019b   Thumb Code     0  startup_gd32f1x0.o(.text)
    USBD_HP_IRQHandler                       0x0800019b   Thumb Code     0  startup_gd32f1x0.o(.text)
    USBD_LP_IRQHandler                       0x0800019b   Thumb Code     0  startup_gd32f1x0.o(.text)
    WWDGT_IRQHandler                         0x0800019b   Thumb Code     0  startup_gd32f1x0.o(.text)
    __aeabi_memcpy                           0x080001a5   Thumb Code    36  memcpya.o(.text)
    __aeabi_memcpy4                          0x080001a5   Thumb Code     0  memcpya.o(.text)
    __aeabi_memcpy8                          0x080001a5   Thumb Code     0  memcpya.o(.text)
    __aeabi_memset                           0x080001c9   Thumb Code    14  memseta.o(.text)
    __aeabi_memset4                          0x080001c9   Thumb Code     0  memseta.o(.text)
    __aeabi_memset8                          0x080001c9   Thumb Code     0  memseta.o(.text)
    __aeabi_memclr                           0x080001d7   Thumb Code     4  memseta.o(.text)
    __aeabi_memclr4                          0x080001d7   Thumb Code     0  memseta.o(.text)
    __aeabi_memclr8                          0x080001d7   Thumb Code     0  memseta.o(.text)
    _memset$wrapper                          0x080001db   Thumb Code    18  memseta.o(.text)
    __aeabi_fadd                             0x080001ed   Thumb Code   164  fadd.o(.text)
    __aeabi_fsub                             0x08000291   Thumb Code     6  fadd.o(.text)
    __aeabi_frsub                            0x08000297   Thumb Code     6  fadd.o(.text)
    __aeabi_fmul                             0x0800029d   Thumb Code   100  fmul.o(.text)
    __aeabi_dadd                             0x08000301   Thumb Code   322  dadd.o(.text)
    __aeabi_dsub                             0x08000443   Thumb Code     6  dadd.o(.text)
    __aeabi_drsub                            0x08000449   Thumb Code     6  dadd.o(.text)
    __aeabi_dmul                             0x0800044f   Thumb Code   228  dmul.o(.text)
    __aeabi_i2f                              0x08000533   Thumb Code    18  fflti.o(.text)
    __aeabi_ui2f                             0x08000545   Thumb Code    10  ffltui.o(.text)
    __aeabi_ui2d                             0x0800054f   Thumb Code    26  dfltui.o(.text)
    __aeabi_f2uiz                            0x08000569   Thumb Code    40  ffixui.o(.text)
    __aeabi_f2d                              0x08000591   Thumb Code    38  f2d.o(.text)
    __aeabi_d2f                              0x080005b7   Thumb Code    56  d2f.o(.text)
    __aeabi_cfrcmple                         0x080005f1   Thumb Code    20  cfrcmple.o(.text)
    __aeabi_llsl                             0x08000605   Thumb Code    30  llshl.o(.text)
    _ll_shift_l                              0x08000605   Thumb Code     0  llshl.o(.text)
    __aeabi_lasr                             0x08000623   Thumb Code    36  llsshr.o(.text)
    _ll_sshift_r                             0x08000623   Thumb Code     0  llsshr.o(.text)
    __I$use$fp                               0x08000647   Thumb Code     0  iusefp.o(.text)
    _float_round                             0x08000647   Thumb Code    18  fepilogue.o(.text)
    _float_epilogue                          0x08000659   Thumb Code    92  fepilogue.o(.text)
    _double_round                            0x080006b5   Thumb Code    30  depilogue.o(.text)
    _double_epilogue                         0x080006d3   Thumb Code   156  depilogue.o(.text)
    __scatterload                            0x08000771   Thumb Code    28  init.o(.text)
    __scatterload_rt2                        0x08000771   Thumb Code     0  init.o(.text)
    __aeabi_llsr                             0x08000795   Thumb Code    32  llushr.o(.text)
    _ll_ushift_r                             0x08000795   Thumb Code     0  llushr.o(.text)
    BusFault_Handler                         0x080007b5   Thumb Code     4  gd32f1x0_it.o(i.BusFault_Handler)
    DebugMon_Handler                         0x080007b9   Thumb Code     2  gd32f1x0_it.o(i.DebugMon_Handler)
    EXTI0_1_IRQHandler                       0x080007bb   Thumb Code     2  gd32f1x0_it.o(i.EXTI0_1_IRQHandler)
    EXTI4_15_IRQHandler                      0x080007bd   Thumb Code   240  gd32f1x0_it.o(i.EXTI4_15_IRQHandler)
    HardFault_Handler                        0x080008b5   Thumb Code     4  gd32f1x0_it.o(i.HardFault_Handler)
    MemManage_Handler                        0x080008b9   Thumb Code     4  gd32f1x0_it.o(i.MemManage_Handler)
    NMI_Handler                              0x080008bd   Thumb Code     2  gd32f1x0_it.o(i.NMI_Handler)
    PendSV_Handler                           0x080008e9   Thumb Code     2  gd32f1x0_it.o(i.PendSV_Handler)
    SVC_Handler                              0x080008eb   Thumb Code     2  gd32f1x0_it.o(i.SVC_Handler)
    SysTick_Handler                          0x080008ed   Thumb Code   120  gd32f1x0_it.o(i.SysTick_Handler)
    SystemInit                               0x08000971   Thumb Code   128  system_gd32f1x0.o(i.SystemInit)
    TIMER14_IRQHandler                       0x08000a01   Thumb Code    60  gd32f1x0_it.o(i.TIMER14_IRQHandler)
    UsageFault_Handler                       0x08000a49   Thumb Code     4  gd32f1x0_it.o(i.UsageFault_Handler)
    __scatterload_copy                       0x08000a4d   Thumb Code    14  handlers.o(i.__scatterload_copy)
    __scatterload_null                       0x08000a5b   Thumb Code     2  handlers.o(i.__scatterload_null)
    __scatterload_zeroinit                   0x08000a5d   Thumb Code    14  handlers.o(i.__scatterload_zeroinit)
    buzzer_init                              0x08000a6b   Thumb Code    48  buzzer.o(i.buzzer_init)
    buzzer_off                               0x08000a9b   Thumb Code    16  buzzer.o(i.buzzer_off)
    buzzer_timer_init                        0x08000aad   Thumb Code    94  buzzer.o(i.buzzer_timer_init)
    delay_1ms                                0x08000b89   Thumb Code    16  systick.o(i.delay_1ms)
    delay_1us                                0x08000b9d   Thumb Code    52  delay.o(i.delay_1us)
    delay_decrement                          0x08000bd5   Thumb Code    18  systick.o(i.delay_decrement)
    delay_ms                                 0x08000bed   Thumb Code    26  delay.o(i.delay_ms)
    ds1302_gpio_init                         0x08000c4f   Thumb Code    88  ds1302.o(i.ds1302_gpio_init)
    ds1302_init                              0x08000ca9   Thumb Code    80  ds1302.o(i.ds1302_init)
    ds1302_read                              0x08000d01   Thumb Code   228  ds1302.o(i.ds1302_read)
    ds1302_read_time                         0x08000de5   Thumb Code    72  ds1302.o(i.ds1302_read_time)
    ds1302_write                             0x08000e35   Thumb Code    92  ds1302.o(i.ds1302_write)
    ds18b20_ack                              0x08000edd   Thumb Code    76  ds18b20.o(i.ds18b20_ack)
    ds18b20_get_temp                         0x08000f29   Thumb Code    70  ds18b20.o(i.ds18b20_get_temp)
    ds18b20_init                             0x08000f6f   Thumb Code    14  ds18b20.o(i.ds18b20_init)
    encoder_exit_config                      0x0800107d   Thumb Code   150  encoder.o(i.encoder_exit_config)
    encoder_handle                           0x08001119   Thumb Code   288  encoder.o(i.encoder_handle)
    exti_init                                0x0800123d   Thumb Code   184  gd32f1x0_exti.o(i.exti_init)
    exti_interrupt_flag_clear                0x080012f9   Thumb Code     6  gd32f1x0_exti.o(i.exti_interrupt_flag_clear)
    exti_interrupt_flag_get                  0x08001305   Thumb Code    32  gd32f1x0_exti.o(i.exti_interrupt_flag_get)
    fmc_flag_clear                           0x08001329   Thumb Code     6  gd32f1x0_fmc.o(i.fmc_flag_clear)
    fmc_lock                                 0x08001335   Thumb Code    14  gd32f1x0_fmc.o(i.fmc_lock)
    fmc_page_erase                           0x08001349   Thumb Code    66  gd32f1x0_fmc.o(i.fmc_page_erase)
    fmc_unlock                               0x0800144d   Thumb Code    22  gd32f1x0_fmc.o(i.fmc_unlock)
    fmc_word_program                         0x08001471   Thumb Code    58  gd32f1x0_fmc.o(i.fmc_word_program)
    fu_01                                    0x080014b1   Thumb Code    10  menus.o(i.fu_01)
    fu_01_fun                                0x080014bd   Thumb Code    94  menus.o(i.fu_01_fun)
    fu_02                                    0x08001529   Thumb Code    10  menus.o(i.fu_02)
    fu_02_fun                                0x08001533   Thumb Code     2  menus.o(i.fu_02_fun)
    fu_03                                    0x08001535   Thumb Code    10  menus.o(i.fu_03)
    fu_03_fun                                0x08001541   Thumb Code   106  menus.o(i.fu_03_fun)
    fu_04                                    0x080015c1   Thumb Code    10  menus.o(i.fu_04)
    fu_04_fun                                0x080015cd   Thumb Code   280  menus.o(i.fu_04_fun)
    fu_05                                    0x080016f1   Thumb Code    10  menus.o(i.fu_05)
    fu_05_fun                                0x080016fd   Thumb Code   134  menus.o(i.fu_05_fun)
    gpio_bit_write                           0x08001795   Thumb Code    10  gd32f1x0_gpio.o(i.gpio_bit_write)
    gpio_input_bit_get                       0x0800179f   Thumb Code    16  gd32f1x0_gpio.o(i.gpio_input_bit_get)
    gpio_mode_set                            0x080017af   Thumb Code    78  gd32f1x0_gpio.o(i.gpio_mode_set)
    gpio_output_options_set                  0x080017fd   Thumb Code    66  gd32f1x0_gpio.o(i.gpio_output_options_set)
    main                                     0x080019b9   Thumb Code    86  main.o(i.main)
    main_page                                0x08001a1d   Thumb Code    46  menus.o(i.main_page)
    menu_loop                                0x08001a59   Thumb Code   194  menus.o(i.menu_loop)
    nvic_irq_enable                          0x08001b29   Thumb Code   162  gd32f1x0_misc.o(i.nvic_irq_enable)
    nvic_priority_group_set                  0x08001bd5   Thumb Code    10  gd32f1x0_misc.o(i.nvic_priority_group_set)
    nvic_vector_table_set                    0x08001be9   Thumb Code    12  gd32f1x0_misc.o(i.nvic_vector_table_set)
    rcu_periph_clock_enable                  0x08001bfd   Thumb Code    28  gd32f1x0_rcu.o(i.rcu_periph_clock_enable)
    rcu_periph_reset_disable                 0x08001c1d   Thumb Code    28  gd32f1x0_rcu.o(i.rcu_periph_reset_disable)
    rcu_periph_reset_enable                  0x08001c3d   Thumb Code    28  gd32f1x0_rcu.o(i.rcu_periph_reset_enable)
    syscfg_exti_line_config                  0x08001c5d   Thumb Code   154  gd32f1x0_syscfg.o(i.syscfg_exti_line_config)
    system_param_read                        0x08001da9   Thumb Code    46  flash.o(i.system_param_read)
    system_param_write                       0x08001ddd   Thumb Code    50  flash.o(i.system_param_write)
    systick_config                           0x08001e11   Thumb Code    74  systick.o(i.systick_config)
    timer_auto_reload_shadow_enable          0x08001e61   Thumb Code    10  gd32f1x0_timer.o(i.timer_auto_reload_shadow_enable)
    timer_deinit                             0x08001e6d   Thumb Code   210  gd32f1x0_timer.o(i.timer_deinit)
    timer_disable                            0x08001f49   Thumb Code    10  gd32f1x0_timer.o(i.timer_disable)
    timer_enable                             0x08001f53   Thumb Code    10  gd32f1x0_timer.o(i.timer_enable)
    timer_flag_clear                         0x08001f5d   Thumb Code     6  gd32f1x0_timer.o(i.timer_flag_clear)
    timer_flag_get                           0x08001f63   Thumb Code    16  gd32f1x0_timer.o(i.timer_flag_get)
    timer_init                               0x08001f75   Thumb Code   146  gd32f1x0_timer.o(i.timer_init)
    timer_interrupt_enable                   0x08002021   Thumb Code     8  gd32f1x0_timer.o(i.timer_interrupt_enable)
    timer_interrupt_flag_clear               0x08002029   Thumb Code     6  gd32f1x0_timer.o(i.timer_interrupt_flag_clear)
    timer_interrupt_flag_get                 0x0800202f   Thumb Code    24  gd32f1x0_timer.o(i.timer_interrupt_flag_get)
    timer_struct_para_init                   0x08002047   Thumb Code    22  gd32f1x0_timer.o(i.timer_struct_para_init)
    tm1637_display_fixed                     0x0800207d   Thumb Code    54  tm1637.o(i.tm1637_display_fixed)
    tm1637_display_float                     0x080020b9   Thumb Code   472  tm1637.o(i.tm1637_display_float)
    tm1637_display_int                       0x08002299   Thumb Code   290  tm1637.o(i.tm1637_display_int)
    tm1637_display_menu                      0x080023c1   Thumb Code    46  tm1637.o(i.tm1637_display_menu)
    tm1637_display_time                      0x080023f9   Thumb Code   162  tm1637.o(i.tm1637_display_time)
    tm1637_gpio_init                         0x080024a5   Thumb Code   104  tm1637.o(i.tm1637_gpio_init)
    tm1637_init                              0x0800250d   Thumb Code    18  tm1637.o(i.tm1637_init)
    tm1637_set_brightness                    0x08002525   Thumb Code     8  tm1637.o(i.tm1637_set_brightness)
    us_timer_init                            0x08002541   Thumb Code    82  delay.o(i.us_timer_init)
    SEGData                                  0x08002598   Data          33  tm1637.o(.constdata)
    menu_table                               0x080025b9   Data          56  tm1637.o(.constdata)
    Region$$Table$$Base                      0x080025f4   Number         0  anon$$obj.o(Region$$Table)
    Region$$Table$$Limit                     0x08002614   Number         0  anon$$obj.o(Region$$Table)
    num                                      0x20000000   Data           4  main.o(.data)
    key_state                                0x20000004   Data           1  main.o(.data)
    loop_display_count                       0x20000008   Data           4  main.o(.data)
    loop_display_flag                        0x2000000c   Data           4  main.o(.data)
    tm1637                                   0x20000014   Data           5  tm1637.o(.data)
    time_buffer                              0x20000019   Data           7  ds1302.o(.data)
    READ_RTC_ADDR                            0x20000020   Data           7  ds1302.o(.data)
    WRITE_RTC_ADDR                           0x20000027   Data           7  ds1302.o(.data)
    TIME                                     0x2000002e   Data           7  ds1302.o(.data)
    temp                                     0x20000038   Data           2  menus.o(.data)
    clk_count                                0x2000003c   Data           4  menus.o(.data)
    test_number                              0x20000040   Data           4  menus.o(.data)
    menu_list                                0x20000048   Data         132  menus.o(.data)
    system_params                            0x200000cc   Data          24  flash.o(.data)
    SystemCoreClock                          0x200000e8   Data           4  system_gd32f1x0.o(.data)
    ec11_1                                   0x200000ec   Data          16  encoder.o(.bss)
    ds18b20                                  0x200000fc   Data          12  ds18b20.o(.bss)
    __initial_sp                             0x20000508   Data           0  startup_gd32f1x0.o(STACK)



==============================================================================

Memory Map of the image

  Image Entry point : 0x08000169

  Load Region LR_IROM1 (Base: 0x08000000, Size: 0x00002700, Max: 0x00010000, ABSOLUTE)

    Execution Region ER_IROM1 (Exec base: 0x08000000, Load base: 0x08000000, Size: 0x00002614, Max: 0x00010000, ABSOLUTE)

    Exec Addr    Load Addr    Size         Type   Attr      Idx    E Section Name        Object

    0x08000000   0x08000000   0x00000168   Data   RO          874    RESET               startup_gd32f1x0.o
    0x08000168   0x08000168   0x00000000   Code   RO         2646  * .ARM.Collect$$$$00000000  mc_w.l(entry.o)
    0x08000168   0x08000168   0x00000004   Code   RO         2677    .ARM.Collect$$$$00000001  mc_w.l(entry2.o)
    0x0800016c   0x0800016c   0x00000004   Code   RO         2680    .ARM.Collect$$$$00000004  mc_w.l(entry5.o)
    0x08000170   0x08000170   0x00000000   Code   RO         2682    .ARM.Collect$$$$00000008  mc_w.l(entry7b.o)
    0x08000170   0x08000170   0x00000000   Code   RO         2684    .ARM.Collect$$$$0000000A  mc_w.l(entry8b.o)
    0x08000170   0x08000170   0x00000008   Code   RO         2685    .ARM.Collect$$$$0000000B  mc_w.l(entry9a.o)
    0x08000178   0x08000178   0x00000004   Code   RO         2692    .ARM.Collect$$$$0000000E  mc_w.l(entry12b.o)
    0x0800017c   0x0800017c   0x00000000   Code   RO         2687    .ARM.Collect$$$$0000000F  mc_w.l(entry10a.o)
    0x0800017c   0x0800017c   0x00000000   Code   RO         2689    .ARM.Collect$$$$00000011  mc_w.l(entry11a.o)
    0x0800017c   0x0800017c   0x00000004   Code   RO         2678    .ARM.Collect$$$$00002712  mc_w.l(entry2.o)
    0x08000180   0x08000180   0x00000024   Code   RO          875    .text               startup_gd32f1x0.o
    0x080001a4   0x080001a4   0x00000024   Code   RO         2649    .text               mc_w.l(memcpya.o)
    0x080001c8   0x080001c8   0x00000024   Code   RO         2651    .text               mc_w.l(memseta.o)
    0x080001ec   0x080001ec   0x000000b0   Code   RO         2655    .text               mf_w.l(fadd.o)
    0x0800029c   0x0800029c   0x00000064   Code   RO         2657    .text               mf_w.l(fmul.o)
    0x08000300   0x08000300   0x0000014e   Code   RO         2659    .text               mf_w.l(dadd.o)
    0x0800044e   0x0800044e   0x000000e4   Code   RO         2661    .text               mf_w.l(dmul.o)
    0x08000532   0x08000532   0x00000012   Code   RO         2663    .text               mf_w.l(fflti.o)
    0x08000544   0x08000544   0x0000000a   Code   RO         2665    .text               mf_w.l(ffltui.o)
    0x0800054e   0x0800054e   0x0000001a   Code   RO         2667    .text               mf_w.l(dfltui.o)
    0x08000568   0x08000568   0x00000028   Code   RO         2669    .text               mf_w.l(ffixui.o)
    0x08000590   0x08000590   0x00000026   Code   RO         2671    .text               mf_w.l(f2d.o)
    0x080005b6   0x080005b6   0x00000038   Code   RO         2673    .text               mf_w.l(d2f.o)
    0x080005ee   0x080005ee   0x00000002   PAD
    0x080005f0   0x080005f0   0x00000014   Code   RO         2675    .text               mf_w.l(cfrcmple.o)
    0x08000604   0x08000604   0x0000001e   Code   RO         2693    .text               mc_w.l(llshl.o)
    0x08000622   0x08000622   0x00000024   Code   RO         2695    .text               mc_w.l(llsshr.o)
    0x08000646   0x08000646   0x00000000   Code   RO         2697    .text               mc_w.l(iusefp.o)
    0x08000646   0x08000646   0x0000006e   Code   RO         2698    .text               mf_w.l(fepilogue.o)
    0x080006b4   0x080006b4   0x000000ba   Code   RO         2700    .text               mf_w.l(depilogue.o)
    0x0800076e   0x0800076e   0x00000002   PAD
    0x08000770   0x08000770   0x00000024   Code   RO         2702    .text               mc_w.l(init.o)
    0x08000794   0x08000794   0x00000020   Code   RO         2704    .text               mc_w.l(llushr.o)
    0x080007b4   0x080007b4   0x00000004   Code   RO          137    i.BusFault_Handler  gd32f1x0_it.o
    0x080007b8   0x080007b8   0x00000002   Code   RO          138    i.DebugMon_Handler  gd32f1x0_it.o
    0x080007ba   0x080007ba   0x00000002   Code   RO          139    i.EXTI0_1_IRQHandler  gd32f1x0_it.o
    0x080007bc   0x080007bc   0x000000f8   Code   RO          140    i.EXTI4_15_IRQHandler  gd32f1x0_it.o
    0x080008b4   0x080008b4   0x00000004   Code   RO          141    i.HardFault_Handler  gd32f1x0_it.o
    0x080008b8   0x080008b8   0x00000004   Code   RO          142    i.MemManage_Handler  gd32f1x0_it.o
    0x080008bc   0x080008bc   0x00000002   Code   RO          143    i.NMI_Handler       gd32f1x0_it.o
    0x080008be   0x080008be   0x00000002   PAD
    0x080008c0   0x080008c0   0x00000028   Code   RO          234    i.NVIC_SetPriority  systick.o
    0x080008e8   0x080008e8   0x00000002   Code   RO          144    i.PendSV_Handler    gd32f1x0_it.o
    0x080008ea   0x080008ea   0x00000002   Code   RO          145    i.SVC_Handler       gd32f1x0_it.o
    0x080008ec   0x080008ec   0x00000084   Code   RO          146    i.SysTick_Handler   gd32f1x0_it.o
    0x08000970   0x08000970   0x00000090   Code   RO          830    i.SystemInit        system_gd32f1x0.o
    0x08000a00   0x08000a00   0x00000048   Code   RO          147    i.TIMER14_IRQHandler  gd32f1x0_it.o
    0x08000a48   0x08000a48   0x00000004   Code   RO          148    i.UsageFault_Handler  gd32f1x0_it.o
    0x08000a4c   0x08000a4c   0x0000000e   Code   RO         2708    i.__scatterload_copy  mc_w.l(handlers.o)
    0x08000a5a   0x08000a5a   0x00000002   Code   RO         2709    i.__scatterload_null  mc_w.l(handlers.o)
    0x08000a5c   0x08000a5c   0x0000000e   Code   RO         2710    i.__scatterload_zeroinit  mc_w.l(handlers.o)
    0x08000a6a   0x08000a6a   0x00000030   Code   RO          786    i.buzzer_init       buzzer.o
    0x08000a9a   0x08000a9a   0x00000010   Code   RO          787    i.buzzer_off        buzzer.o
    0x08000aaa   0x08000aaa   0x00000002   PAD
    0x08000aac   0x08000aac   0x00000064   Code   RO          789    i.buzzer_timer_init  buzzer.o
    0x08000b10   0x08000b10   0x00000078   Code   RO          514    i.caculate_temp     ds18b20.o
    0x08000b88   0x08000b88   0x00000014   Code   RO          235    i.delay_1ms         systick.o
    0x08000b9c   0x08000b9c   0x00000038   Code   RO          444    i.delay_1us         delay.o
    0x08000bd4   0x08000bd4   0x00000018   Code   RO          236    i.delay_decrement   systick.o
    0x08000bec   0x08000bec   0x0000001a   Code   RO          445    i.delay_ms          delay.o
    0x08000c06   0x08000c06   0x00000048   Code   RO          576    i.ds1302_dio_mode   ds1302.o
    0x08000c4e   0x08000c4e   0x00000058   Code   RO          577    i.ds1302_gpio_init  ds1302.o
    0x08000ca6   0x08000ca6   0x00000002   PAD
    0x08000ca8   0x08000ca8   0x00000058   Code   RO          578    i.ds1302_init       ds1302.o
    0x08000d00   0x08000d00   0x000000e4   Code   RO          579    i.ds1302_read       ds1302.o
    0x08000de4   0x08000de4   0x00000050   Code   RO          580    i.ds1302_read_time  ds1302.o
    0x08000e34   0x08000e34   0x0000005c   Code   RO          581    i.ds1302_write      ds1302.o
    0x08000e90   0x08000e90   0x0000004c   Code   RO          582    i.ds1302_write_cmd  ds1302.o
    0x08000edc   0x08000edc   0x0000004c   Code   RO          515    i.ds18b20_ack       ds18b20.o
    0x08000f28   0x08000f28   0x00000046   Code   RO          516    i.ds18b20_get_temp  ds18b20.o
    0x08000f6e   0x08000f6e   0x0000000e   Code   RO          517    i.ds18b20_init      ds18b20.o
    0x08000f7c   0x08000f7c   0x0000004a   Code   RO          518    i.ds18b20_mode      ds18b20.o
    0x08000fc6   0x08000fc6   0x00000058   Code   RO          519    i.ds18b20_read_byte  ds18b20.o
    0x0800101e   0x0800101e   0x0000005e   Code   RO          520    i.ds18b20_write_byte  ds18b20.o
    0x0800107c   0x0800107c   0x0000009c   Code   RO          480    i.encoder_exit_config  encoder.o
    0x08001118   0x08001118   0x00000124   Code   RO          481    i.encoder_handle    encoder.o
    0x0800123c   0x0800123c   0x000000bc   Code   RO          887    i.exti_init         gd32f1x0_exti.o
    0x080012f8   0x080012f8   0x0000000c   Code   RO          890    i.exti_interrupt_flag_clear  gd32f1x0_exti.o
    0x08001304   0x08001304   0x00000024   Code   RO          891    i.exti_interrupt_flag_get  gd32f1x0_exti.o
    0x08001328   0x08001328   0x0000000c   Code   RO         2394    i.fmc_flag_clear    gd32f1x0_fmc.o
    0x08001334   0x08001334   0x00000014   Code   RO         2401    i.fmc_lock          gd32f1x0_fmc.o
    0x08001348   0x08001348   0x00000048   Code   RO         2403    i.fmc_page_erase    gd32f1x0_fmc.o
    0x08001390   0x08001390   0x00000028   Code   RO          737    i.fmc_param_pages_erase  flash.o
    0x080013b8   0x080013b8   0x00000040   Code   RO          738    i.fmc_param_program  flash.o
    0x080013f8   0x080013f8   0x00000022   Code   RO         2404    i.fmc_ready_wait    gd32f1x0_fmc.o
    0x0800141a   0x0800141a   0x00000002   PAD
    0x0800141c   0x0800141c   0x00000030   Code   RO         2405    i.fmc_state_get     gd32f1x0_fmc.o
    0x0800144c   0x0800144c   0x00000024   Code   RO         2406    i.fmc_unlock        gd32f1x0_fmc.o
    0x08001470   0x08001470   0x00000040   Code   RO         2409    i.fmc_word_program  gd32f1x0_fmc.o
    0x080014b0   0x080014b0   0x0000000a   Code   RO          643    i.fu_01             menus.o
    0x080014ba   0x080014ba   0x00000002   PAD
    0x080014bc   0x080014bc   0x0000006c   Code   RO          644    i.fu_01_fun         menus.o
    0x08001528   0x08001528   0x0000000a   Code   RO          645    i.fu_02             menus.o
    0x08001532   0x08001532   0x00000002   Code   RO          646    i.fu_02_fun         menus.o
    0x08001534   0x08001534   0x0000000a   Code   RO          647    i.fu_03             menus.o
    0x0800153e   0x0800153e   0x00000002   PAD
    0x08001540   0x08001540   0x00000080   Code   RO          648    i.fu_03_fun         menus.o
    0x080015c0   0x080015c0   0x0000000a   Code   RO          649    i.fu_04             menus.o
    0x080015ca   0x080015ca   0x00000002   PAD
    0x080015cc   0x080015cc   0x00000124   Code   RO          650    i.fu_04_fun         menus.o
    0x080016f0   0x080016f0   0x0000000a   Code   RO          651    i.fu_05             menus.o
    0x080016fa   0x080016fa   0x00000002   PAD
    0x080016fc   0x080016fc   0x00000098   Code   RO          652    i.fu_05_fun         menus.o
    0x08001794   0x08001794   0x0000000a   Code   RO          975    i.gpio_bit_write    gd32f1x0_gpio.o
    0x0800179e   0x0800179e   0x00000010   Code   RO          977    i.gpio_input_bit_get  gd32f1x0_gpio.o
    0x080017ae   0x080017ae   0x0000004e   Code   RO          979    i.gpio_mode_set     gd32f1x0_gpio.o
    0x080017fc   0x080017fc   0x00000042   Code   RO          981    i.gpio_output_options_set  gd32f1x0_gpio.o
    0x0800183e   0x0800183e   0x00000042   Code   RO          281    i.i2c_ask           tm1637.o
    0x08001880   0x08001880   0x00000050   Code   RO          282    i.i2c_start         tm1637.o
    0x080018d0   0x080018d0   0x0000006a   Code   RO          283    i.i2c_stop          tm1637.o
    0x0800193a   0x0800193a   0x0000007c   Code   RO          284    i.i2c_write_byte    tm1637.o
    0x080019b6   0x080019b6   0x00000002   PAD
    0x080019b8   0x080019b8   0x00000064   Code   RO            4    i.main              main.o
    0x08001a1c   0x08001a1c   0x0000003c   Code   RO          653    i.main_page         menus.o
    0x08001a58   0x08001a58   0x000000d0   Code   RO          654    i.menu_loop         menus.o
    0x08001b28   0x08001b28   0x000000ac   Code   RO         2281    i.nvic_irq_enable   gd32f1x0_misc.o
    0x08001bd4   0x08001bd4   0x00000014   Code   RO         2282    i.nvic_priority_group_set  gd32f1x0_misc.o
    0x08001be8   0x08001be8   0x00000014   Code   RO         2283    i.nvic_vector_table_set  gd32f1x0_misc.o
    0x08001bfc   0x08001bfc   0x00000020   Code   RO         1097    i.rcu_periph_clock_enable  gd32f1x0_rcu.o
    0x08001c1c   0x08001c1c   0x00000020   Code   RO         1100    i.rcu_periph_reset_disable  gd32f1x0_rcu.o
    0x08001c3c   0x08001c3c   0x00000020   Code   RO         1101    i.rcu_periph_reset_enable  gd32f1x0_rcu.o
    0x08001c5c   0x08001c5c   0x000000a0   Code   RO         1341    i.syscfg_exti_line_config  gd32f1x0_syscfg.o
    0x08001cfc   0x08001cfc   0x000000a4   Code   RO          831    i.system_clock_72m_hxtal  system_gd32f1x0.o
    0x08001da0   0x08001da0   0x00000008   Code   RO          832    i.system_clock_config  system_gd32f1x0.o
    0x08001da8   0x08001da8   0x00000034   Code   RO          739    i.system_param_read  flash.o
    0x08001ddc   0x08001ddc   0x00000032   Code   RO          740    i.system_param_write  flash.o
    0x08001e0e   0x08001e0e   0x00000002   PAD
    0x08001e10   0x08001e10   0x00000050   Code   RO          237    i.systick_config    systick.o
    0x08001e60   0x08001e60   0x0000000a   Code   RO         1411    i.timer_auto_reload_shadow_enable  gd32f1x0_timer.o
    0x08001e6a   0x08001e6a   0x00000002   PAD
    0x08001e6c   0x08001e6c   0x000000dc   Code   RO         1442    i.timer_deinit      gd32f1x0_timer.o
    0x08001f48   0x08001f48   0x0000000a   Code   RO         1443    i.timer_disable     gd32f1x0_timer.o
    0x08001f52   0x08001f52   0x0000000a   Code   RO         1447    i.timer_enable      gd32f1x0_timer.o
    0x08001f5c   0x08001f5c   0x00000006   Code   RO         1454    i.timer_flag_clear  gd32f1x0_timer.o
    0x08001f62   0x08001f62   0x00000010   Code   RO         1455    i.timer_flag_get    gd32f1x0_timer.o
    0x08001f72   0x08001f72   0x00000002   PAD
    0x08001f74   0x08001f74   0x000000ac   Code   RO         1457    i.timer_init        gd32f1x0_timer.o
    0x08002020   0x08002020   0x00000008   Code   RO         1464    i.timer_interrupt_enable  gd32f1x0_timer.o
    0x08002028   0x08002028   0x00000006   Code   RO         1465    i.timer_interrupt_flag_clear  gd32f1x0_timer.o
    0x0800202e   0x0800202e   0x00000018   Code   RO         1466    i.timer_interrupt_flag_get  gd32f1x0_timer.o
    0x08002046   0x08002046   0x00000016   Code   RO         1477    i.timer_struct_para_init  gd32f1x0_timer.o
    0x0800205c   0x0800205c   0x00000020   Code   RO          286    i.tm1637_dio_read   tm1637.o
    0x0800207c   0x0800207c   0x0000003c   Code   RO          288    i.tm1637_display_fixed  tm1637.o
    0x080020b8   0x080020b8   0x000001e0   Code   RO          289    i.tm1637_display_float  tm1637.o
    0x08002298   0x08002298   0x00000128   Code   RO          290    i.tm1637_display_int  tm1637.o
    0x080023c0   0x080023c0   0x00000038   Code   RO          291    i.tm1637_display_menu  tm1637.o
    0x080023f8   0x080023f8   0x000000ac   Code   RO          292    i.tm1637_display_time  tm1637.o
    0x080024a4   0x080024a4   0x00000068   Code   RO          293    i.tm1637_gpio_init  tm1637.o
    0x0800250c   0x0800250c   0x00000018   Code   RO          294    i.tm1637_init       tm1637.o
    0x08002524   0x08002524   0x00000008   Code   RO          296    i.tm1637_set_brightness  tm1637.o
    0x0800252c   0x0800252c   0x00000014   Code   RO          298    i.tm1637_write_command  tm1637.o
    0x08002540   0x08002540   0x00000058   Code   RO          446    i.us_timer_init     delay.o
    0x08002598   0x08002598   0x00000059   Data   RO          299    .constdata          tm1637.o
    0x080025f1   0x080025f1   0x00000003   PAD
    0x080025f4   0x080025f4   0x00000020   Data   RO         2706    Region$$Table       anon$$obj.o


    Execution Region RW_IRAM1 (Exec base: 0x20000000, Load base: 0x08002614, Size: 0x00000508, Max: 0x00002000, ABSOLUTE)

    Exec Addr    Load Addr    Size         Type   Attr      Idx    E Section Name        Object

    0x20000000   0x08002614   0x00000010   Data   RW            5    .data               main.o
    0x20000010   0x08002624   0x00000004   Data   RW          238    .data               systick.o
    0x20000014   0x08002628   0x00000005   Data   RW          300    .data               tm1637.o
    0x20000019   0x0800262d   0x0000001c   Data   RW          583    .data               ds1302.o
    0x20000035   0x08002649   0x00000003   PAD
    0x20000038   0x0800264c   0x00000094   Data   RW          655    .data               menus.o
    0x200000cc   0x080026e0   0x0000001c   Data   RW          741    .data               flash.o
    0x200000e8   0x080026fc   0x00000004   Data   RW          833    .data               system_gd32f1x0.o
    0x200000ec        -       0x00000010   Zero   RW          482    .bss                encoder.o
    0x200000fc        -       0x0000000c   Zero   RW          521    .bss                ds18b20.o
    0x20000108        -       0x00000400   Zero   RW          872    STACK               startup_gd32f1x0.o


==============================================================================

Image component sizes


      Code (inc. data)   RO Data    RW Data    ZI Data      Debug   Object Name

       164          6          0          0          0       1307   buzzer.o
       170         10          0          0          0       1411   delay.o
       724         16          0         28          0       4137   ds1302.o
       536          4          0          0         12       4666   ds18b20.o
       448         10          0          0         16       1388   encoder.o
       206         20          0         28          0       3469   flash.o
       236         14          0          0          0       1926   gd32f1x0_exti.o
       286         42          0          0          0       3901   gd32f1x0_fmc.o
       170          0          0          0          0       2812   gd32f1x0_gpio.o
       478         32          0          0          0       5098   gd32f1x0_it.o
       212         28          0          0          0       1952   gd32f1x0_misc.o
        96         12          0          0          0       1631   gd32f1x0_rcu.o
       160          6          0          0          0        734   gd32f1x0_syscfg.o
       504         36          0          0          0       6967   gd32f1x0_timer.o
       100         14          0         16          0      57632   main.o
      1000        118          0        148          0       6502   menus.o
        36          8        360          0       1024        824   startup_gd32f1x0.o
       316         26          0          4          0       1847   system_gd32f1x0.o
       164         24          0          4          0      25970   systick.o
      1628         46         89          5          0      10383   tm1637.o

    ----------------------------------------------------------------------
      7658        472        484        236       1052     144557   Object Totals
         0          0         32          0          0          0   (incl. Generated)
        24          0          3          3          0          0   (incl. Padding)

    ----------------------------------------------------------------------

      Code (inc. data)   RO Data    RW Data    ZI Data      Debug   Library Member Name

         0          0          0          0          0          0   entry.o
         0          0          0          0          0          0   entry10a.o
         0          0          0          0          0          0   entry11a.o
         4          0          0          0          0          0   entry12b.o
         8          4          0          0          0          0   entry2.o
         4          0          0          0          0          0   entry5.o
         0          0          0          0          0          0   entry7b.o
         0          0          0          0          0          0   entry8b.o
         8          4          0          0          0          0   entry9a.o
        30          0          0          0          0          0   handlers.o
        36          8          0          0          0         68   init.o
         0          0          0          0          0          0   iusefp.o
        30          0          0          0          0         68   llshl.o
        36          0          0          0          0         68   llsshr.o
        32          0          0          0          0         68   llushr.o
        36          0          0          0          0         68   memcpya.o
        36          0          0          0          0        108   memseta.o
        20          0          0          0          0         68   cfrcmple.o
        56          0          0          0          0         88   d2f.o
       334          0          0          0          0        148   dadd.o
       186          0          0          0          0        176   depilogue.o
        26          0          0          0          0         76   dfltui.o
       228          0          0          0          0         96   dmul.o
        38          0          0          0          0         68   f2d.o
       176          0          0          0          0        140   fadd.o
       110          0          0          0          0        168   fepilogue.o
        40          0          0          0          0         68   ffixui.o
        18          0          0          0          0         68   fflti.o
        10          0          0          0          0         68   ffltui.o
       100          0          0          0          0         76   fmul.o

    ----------------------------------------------------------------------
      1606         16          0          0          0       1756   Library Totals
         4          0          0          0          0          0   (incl. Padding)

    ----------------------------------------------------------------------

      Code (inc. data)   RO Data    RW Data    ZI Data      Debug   Library Name

       260         16          0          0          0        448   mc_w.l
      1342          0          0          0          0       1308   mf_w.l

    ----------------------------------------------------------------------
      1606         16          0          0          0       1756   Library Totals

    ----------------------------------------------------------------------

==============================================================================


      Code (inc. data)   RO Data    RW Data    ZI Data      Debug   

      9264        488        484        236       1052     140381   Grand Totals
      9264        488        484        236       1052     140381   ELF Image Totals
      9264        488        484        236          0          0   ROM Totals

==============================================================================

    Total RO  Size (Code + RO Data)                 9748 (   9.52kB)
    Total RW  Size (RW Data + ZI Data)              1288 (   1.26kB)
    Total ROM Size (Code + RO Data + RW Data)       9984 (   9.75kB)

==============================================================================

