Component: ARM Compiler 5.06 update 7 (build 960) Tool: armlink [4d3601]

==============================================================================

Section Cross References

    main.o(i.main) refers to systick.o(i.systick_config) for systick_config
    main.o(i.main) refers to debug_printf.o(i.debug_printf_init) for debug_printf_init
    main.o(i.main) refers to delay.o(i.us_timer_init) for us_timer_init
    main.o(i.main) refers to tm1637.o(i.tm1637_init) for tm1637_init
    main.o(i.main) refers to encoder.o(i.encoder_exit_config) for encoder_exit_config
    main.o(i.main) refers to systick.o(i.delay_1ms) for delay_1ms
    main.o(i.main) refers to ds18b20.o(i.ds18b20_init) for ds18b20_init
    main.o(i.main) refers to ds18b20.o(i.ds18b20_start) for ds18b20_start
    main.o(i.main) refers to ds18b20.o(i.ds18b20_get_temp) for ds18b20_get_temp
    main.o(i.main) refers to f2d.o(.text) for __aeabi_f2d
    main.o(i.main) refers to printfa.o(i.__0printf) for __2printf
    main.o(i.main) refers to tm1637.o(.data) for tm1637
    main.o(i.main) refers to main.o(.data) for ds18b20
    gd32f1x0_it.o(i.EXTI4_15_IRQHandler) refers to gd32f1x0_exti.o(i.exti_interrupt_flag_get) for exti_interrupt_flag_get
    gd32f1x0_it.o(i.EXTI4_15_IRQHandler) refers to gd32f1x0_exti.o(i.exti_interrupt_flag_clear) for exti_interrupt_flag_clear
    gd32f1x0_it.o(i.EXTI4_15_IRQHandler) refers to gd32f1x0_gpio.o(i.gpio_input_bit_get) for gpio_input_bit_get
    gd32f1x0_it.o(i.EXTI4_15_IRQHandler) refers to encoder.o(.bss) for ec11_1
    gd32f1x0_it.o(i.SysTick_Handler) refers to systick.o(i.delay_decrement) for delay_decrement
    gd32f1x0_it.o(i.SysTick_Handler) refers to encoder.o(.bss) for ec11_1
    systick.o(i.delay_1ms) refers to systick.o(.data) for delay
    systick.o(i.delay_decrement) refers to systick.o(.data) for delay
    systick.o(i.systick_config) refers to systick.o(i.NVIC_SetPriority) for NVIC_SetPriority
    systick.o(i.systick_config) refers to system_gd32f1x0.o(.data) for SystemCoreClock
    tm1637.o(i.i2c_ask) refers to gd32f1x0_gpio.o(i.gpio_bit_write) for gpio_bit_write
    tm1637.o(i.i2c_ask) refers to delay.o(i.delay_1us) for delay_1us
    tm1637.o(i.i2c_ask) refers to tm1637.o(i.tm1637_dio_read) for tm1637_dio_read
    tm1637.o(i.i2c_start) refers to gd32f1x0_gpio.o(i.gpio_bit_write) for gpio_bit_write
    tm1637.o(i.i2c_start) refers to gd32f1x0_gpio.o(i.gpio_mode_set) for gpio_mode_set
    tm1637.o(i.i2c_start) refers to delay.o(i.delay_1us) for delay_1us
    tm1637.o(i.i2c_stop) refers to gd32f1x0_gpio.o(i.gpio_bit_write) for gpio_bit_write
    tm1637.o(i.i2c_stop) refers to delay.o(i.delay_1us) for delay_1us
    tm1637.o(i.i2c_stop) refers to gd32f1x0_gpio.o(i.gpio_mode_set) for gpio_mode_set
    tm1637.o(i.i2c_write_byte) refers to gd32f1x0_gpio.o(i.gpio_bit_write) for gpio_bit_write
    tm1637.o(i.i2c_write_byte) refers to gd32f1x0_gpio.o(i.gpio_mode_set) for gpio_mode_set
    tm1637.o(i.i2c_write_byte) refers to delay.o(i.delay_1us) for delay_1us
    tm1637.o(i.tm1637_clear) refers to tm1637.o(i.tm1637_display_fixed) for tm1637_display_fixed
    tm1637.o(i.tm1637_dio_read) refers to gd32f1x0_gpio.o(i.gpio_mode_set) for gpio_mode_set
    tm1637.o(i.tm1637_dio_read) refers to gd32f1x0_gpio.o(i.gpio_input_bit_get) for gpio_input_bit_get
    tm1637.o(i.tm1637_display_auto) refers to tm1637.o(i.tm1637_write_command) for tm1637_write_command
    tm1637.o(i.tm1637_display_auto) refers to tm1637.o(i.i2c_stop) for i2c_stop
    tm1637.o(i.tm1637_display_auto) refers to tm1637.o(i.i2c_write_byte) for i2c_write_byte
    tm1637.o(i.tm1637_display_auto) refers to tm1637.o(i.i2c_ask) for i2c_ask
    tm1637.o(i.tm1637_display_auto) refers to tm1637.o(.data) for tm1637
    tm1637.o(i.tm1637_display_fixed) refers to tm1637.o(i.tm1637_write_command) for tm1637_write_command
    tm1637.o(i.tm1637_display_fixed) refers to tm1637.o(i.i2c_stop) for i2c_stop
    tm1637.o(i.tm1637_display_fixed) refers to tm1637.o(i.i2c_write_byte) for i2c_write_byte
    tm1637.o(i.tm1637_display_fixed) refers to tm1637.o(i.i2c_ask) for i2c_ask
    tm1637.o(i.tm1637_display_fixed) refers to tm1637.o(.data) for tm1637
    tm1637.o(i.tm1637_display_int) refers to tm1637.o(i.tm1637_display_fixed) for tm1637_display_fixed
    tm1637.o(i.tm1637_display_int) refers to tm1637.o(.constdata) for SEGData
    tm1637.o(i.tm1637_display_menu) refers to tm1637.o(i.tm1637_display_fixed) for tm1637_display_fixed
    tm1637.o(i.tm1637_display_menu) refers to tm1637.o(.constdata) for menu_table
    tm1637.o(i.tm1637_gpio_init) refers to gd32f1x0_rcu.o(i.rcu_periph_clock_enable) for rcu_periph_clock_enable
    tm1637.o(i.tm1637_gpio_init) refers to gd32f1x0_gpio.o(i.gpio_mode_set) for gpio_mode_set
    tm1637.o(i.tm1637_gpio_init) refers to gd32f1x0_gpio.o(i.gpio_output_options_set) for gpio_output_options_set
    tm1637.o(i.tm1637_init) refers to tm1637.o(i.tm1637_gpio_init) for tm1637_gpio_init
[...]
    printf3.o(i._printf_core) refers to uidiv.o(.text) for __aeabi_uidivmod
    printf4.o(i.__0fprintf$4) refers to printf4.o(i._printf_core) for _printf_core
    printf4.o(i.__0fprintf$4) refers to debug_printf.o(i.fputc) for fputc
    printf4.o(i.__0printf$4) refers to printf4.o(i._printf_core) for _printf_core
    printf4.o(i.__0printf$4) refers to debug_printf.o(i.fputc) for fputc
    printf4.o(i.__0printf$4) refers to stdout.o(.data) for __stdout
    printf4.o(i.__0snprintf$4) refers to printf4.o(i._printf_core) for _printf_core
    printf4.o(i.__0snprintf$4) refers to printf4.o(i._snputc) for _snputc
    printf4.o(i.__0sprintf$4) refers to printf4.o(i._printf_core) for _printf_core
    printf4.o(i.__0sprintf$4) refers to printf4.o(i._sputc) for _sputc
    printf4.o(i.__0vfprintf$4) refers to printf4.o(i._printf_core) for _printf_core
    printf4.o(i.__0vfprintf$4) refers to debug_printf.o(i.fputc) for fputc
    printf4.o(i.__0vprintf$4) refers to printf4.o(i._printf_core) for _printf_core
    printf4.o(i.__0vprintf$4) refers to debug_printf.o(i.fputc) for fputc
    printf4.o(i.__0vprintf$4) refers to stdout.o(.data) for __stdout
    printf4.o(i.__0vsnprintf$4) refers to printf4.o(i._printf_core) for _printf_core
    printf4.o(i.__0vsnprintf$4) refers to printf4.o(i._snputc) for _snputc
    printf4.o(i.__0vsprintf$4) refers to printf4.o(i._printf_core) for _printf_core
    printf4.o(i.__0vsprintf$4) refers to printf4.o(i._sputc) for _sputc
    printf4.o(i._printf_core) refers to uldiv.o(.text) for __aeabi_uldivmod
    printf5.o(i.__0fprintf$5) refers to printf5.o(i._printf_core) for _printf_core
    printf5.o(i.__0fprintf$5) refers to debug_printf.o(i.fputc) for fputc
    printf5.o(i.__0printf$5) refers to printf5.o(i._printf_core) for _printf_core
    printf5.o(i.__0printf$5) refers to debug_printf.o(i.fputc) for fputc
    printf5.o(i.__0printf$5) refers to stdout.o(.data) for __stdout
    printf5.o(i.__0snprintf$5) refers to printf5.o(i._printf_core) for _printf_core
    printf5.o(i.__0snprintf$5) refers to printf5.o(i._snputc) for _snputc
    printf5.o(i.__0sprintf$5) refers to printf5.o(i._printf_core) for _printf_core
    printf5.o(i.__0sprintf$5) refers to printf5.o(i._sputc) for _sputc
    printf5.o(i.__0vfprintf$5) refers to printf5.o(i._printf_core) for _printf_core
    printf5.o(i.__0vfprintf$5) refers to debug_printf.o(i.fputc) for fputc
    printf5.o(i.__0vprintf$5) refers to printf5.o(i._printf_core) for _printf_core
    printf5.o(i.__0vprintf$5) refers to debug_printf.o(i.fputc) for fputc
    printf5.o(i.__0vprintf$5) refers to stdout.o(.data) for __stdout
    printf5.o(i.__0vsnprintf$5) refers to printf5.o(i._printf_core) for _printf_core
    printf5.o(i.__0vsnprintf$5) refers to printf5.o(i._snputc) for _snputc
    printf5.o(i.__0vsprintf$5) refers to printf5.o(i._printf_core) for _printf_core
    printf5.o(i.__0vsprintf$5) refers to printf5.o(i._sputc) for _sputc
    printf5.o(i._printf_core) refers to uldiv.o(.text) for __aeabi_uldivmod
    printf6.o(i.__0fprintf$6) refers to printf6.o(i._printf_core) for _printf_core
    printf6.o(i.__0fprintf$6) refers to debug_printf.o(i.fputc) for fputc
    printf6.o(i.__0printf$6) refers to printf6.o(i._printf_core) for _printf_core
    printf6.o(i.__0printf$6) refers to debug_printf.o(i.fputc) for fputc
    printf6.o(i.__0printf$6) refers to stdout.o(.data) for __stdout
    printf6.o(i.__0snprintf$6) refers to printf6.o(i._printf_core) for _printf_core
    printf6.o(i.__0snprintf$6) refers to printf6.o(i._snputc) for _snputc
    printf6.o(i.__0sprintf$6) refers to printf6.o(i._printf_core) for _printf_core
    printf6.o(i.__0sprintf$6) refers to printf6.o(i._sputc) for _sputc
    printf6.o(i.__0vfprintf$6) refers to printf6.o(i._printf_core) for _printf_core
    printf6.o(i.__0vfprintf$6) refers to debug_printf.o(i.fputc) for fputc
    printf6.o(i.__0vprintf$6) refers to printf6.o(i._printf_core) for _printf_core
    printf6.o(i.__0vprintf$6) refers to debug_printf.o(i.fputc) for fputc
    printf6.o(i.__0vprintf$6) refers to stdout.o(.data) for __stdout
    printf6.o(i.__0vsnprintf$6) refers to printf6.o(i._printf_core) for _printf_core
    printf6.o(i.__0vsnprintf$6) refers to printf6.o(i._snputc) for _snputc
    printf6.o(i.__0vsprintf$6) refers to printf6.o(i._printf_core) for _printf_core
    printf6.o(i.__0vsprintf$6) refers to printf6.o(i._sputc) for _sputc
    printf6.o(i._printf_core) refers to printf6.o(i._printf_pre_padding) for _printf_pre_padding
    printf6.o(i._printf_core) refers to uidiv.o(.text) for __aeabi_uidivmod
    printf6.o(i._printf_core) refers to printf6.o(i._printf_post_padding) for _printf_post_padding
    printf7.o(i.__0fprintf$7) refers to printf7.o(i._printf_core) for _printf_core
    printf7.o(i.__0fprintf$7) refers to debug_printf.o(i.fputc) for fputc
    printf7.o(i.__0printf$7) refers to printf7.o(i._printf_core) for _printf_core
    printf7.o(i.__0printf$7) refers to debug_printf.o(i.fputc) for fputc
    printf7.o(i.__0printf$7) refers to stdout.o(.data) for __stdout
    printf7.o(i.__0snprintf$7) refers to printf7.o(i._printf_core) for _printf_core
    printf7.o(i.__0snprintf$7) refers to printf7.o(i._snputc) for _snputc
    printf7.o(i.__0sprintf$7) refers to printf7.o(i._printf_core) for _printf_core
    printf7.o(i.__0sprintf$7) refers to printf7.o(i._sputc) for _sputc
    printf7.o(i.__0vfprintf$7) refers to printf7.o(i._printf_core) for _printf_core
    printf7.o(i.__0vfprintf$7) refers to debug_printf.o(i.fputc) for fputc
    printf7.o(i.__0vprintf$7) refers to printf7.o(i._printf_core) for _printf_core
    printf7.o(i.__0vprintf$7) refers to debug_printf.o(i.fputc) for fputc
    printf7.o(i.__0vprintf$7) refers to stdout.o(.data) for __stdout
    printf7.o(i.__0vsnprintf$7) refers to printf7.o(i._printf_core) for _printf_core
    printf7.o(i.__0vsnprintf$7) refers to printf7.o(i._snputc) for _snputc
    printf7.o(i.__0vsprintf$7) refers to printf7.o(i._printf_core) for _printf_core
    printf7.o(i.__0vsprintf$7) refers to printf7.o(i._sputc) for _sputc
    printf7.o(i._printf_core) refers to printf7.o(i._printf_pre_padding) for _printf_pre_padding
    printf7.o(i._printf_core) refers to uldiv.o(.text) for __aeabi_uldivmod
    printf7.o(i._printf_core) refers to printf7.o(i._printf_post_padding) for _printf_post_padding
    printf8.o(i.__0fprintf$8) refers to printf8.o(i._printf_core) for _printf_core
    printf8.o(i.__0fprintf$8) refers to debug_printf.o(i.fputc) for fputc
    printf8.o(i.__0printf$8) refers to printf8.o(i._printf_core) for _printf_core
    printf8.o(i.__0printf$8) refers to debug_printf.o(i.fputc) for fputc
    printf8.o(i.__0printf$8) refers to stdout.o(.data) for __stdout
    printf8.o(i.__0snprintf$8) refers to printf8.o(i._printf_core) for _printf_core
    printf8.o(i.__0snprintf$8) refers to printf8.o(i._snputc) for _snputc
    printf8.o(i.__0sprintf$8) refers to printf8.o(i._printf_core) for _printf_core
    printf8.o(i.__0sprintf$8) refers to printf8.o(i._sputc) for _sputc
    printf8.o(i.__0vfprintf$8) refers to printf8.o(i._printf_core) for _printf_core
    printf8.o(i.__0vfprintf$8) refers to debug_printf.o(i.fputc) for fputc
    printf8.o(i.__0vprintf$8) refers to printf8.o(i._printf_core) for _printf_core
    printf8.o(i.__0vprintf$8) refers to debug_printf.o(i.fputc) for fputc
    printf8.o(i.__0vprintf$8) refers to stdout.o(.data) for __stdout
    printf8.o(i.__0vsnprintf$8) refers to printf8.o(i._printf_core) for _printf_core
    printf8.o(i.__0vsnprintf$8) refers to printf8.o(i._snputc) for _snputc
    printf8.o(i.__0vsprintf$8) refers to printf8.o(i._printf_core) for _printf_core
    printf8.o(i.__0vsprintf$8) refers to printf8.o(i._sputc) for _sputc
    printf8.o(i._printf_core) refers to printf8.o(i._printf_pre_padding) for _printf_pre_padding
    printf8.o(i._printf_core) refers to uldiv.o(.text) for __aeabi_uldivmod
    printf8.o(i._printf_core) refers to printf8.o(i._printf_post_padding) for _printf_post_padding
    printfa.o(i.__0fprintf) refers (Special) to iusefp.o(.text) for __I$use$fp
    printfa.o(i.__0fprintf) refers to printfa.o(i._printf_core) for _printf_core
    printfa.o(i.__0fprintf) refers to debug_printf.o(i.fputc) for fputc
    printfa.o(i.__0printf) refers (Special) to iusefp.o(.text) for __I$use$fp
    printfa.o(i.__0printf) refers to printfa.o(i._printf_core) for _printf_core
    printfa.o(i.__0printf) refers to debug_printf.o(i.fputc) for fputc
    printfa.o(i.__0printf) refers to stdout.o(.data) for __stdout
    printfa.o(i.__0snprintf) refers (Special) to iusefp.o(.text) for __I$use$fp
    printfa.o(i.__0snprintf) refers to printfa.o(i._printf_core) for _printf_core
    printfa.o(i.__0snprintf) refers to printfa.o(i._snputc) for _snputc
    printfa.o(i.__0sprintf) refers (Special) to iusefp.o(.text) for __I$use$fp
    printfa.o(i.__0sprintf) refers to printfa.o(i._printf_core) for _printf_core
    printfa.o(i.__0sprintf) refers to printfa.o(i._sputc) for _sputc
    printfa.o(i.__0vfprintf) refers (Special) to iusefp.o(.text) for __I$use$fp
    printfa.o(i.__0vfprintf) refers to printfa.o(i._printf_core) for _printf_core
    printfa.o(i.__0vfprintf) refers to debug_printf.o(i.fputc) for fputc
    printfa.o(i.__0vprintf) refers (Special) to iusefp.o(.text) for __I$use$fp
    printfa.o(i.__0vprintf) refers to printfa.o(i._printf_core) for _printf_core
    printfa.o(i.__0vprintf) refers to debug_printf.o(i.fputc) for fputc
    printfa.o(i.__0vprintf) refers to stdout.o(.data) for __stdout
    printfa.o(i.__0vsnprintf) refers (Special) to iusefp.o(.text) for __I$use$fp
    printfa.o(i.__0vsnprintf) refers to printfa.o(i._printf_core) for _printf_core
    printfa.o(i.__0vsnprintf) refers to printfa.o(i._snputc) for _snputc
    printfa.o(i.__0vsprintf) refers (Special) to iusefp.o(.text) for __I$use$fp
    printfa.o(i.__0vsprintf) refers to printfa.o(i._printf_core) for _printf_core
    printfa.o(i.__0vsprintf) refers to printfa.o(i._sputc) for _sputc
    printfa.o(i._fp_digits) refers (Special) to iusefp.o(.text) for __I$use$fp
    printfa.o(i._fp_digits) refers to dmul.o(.text) for __aeabi_dmul
    printfa.o(i._fp_digits) refers to ddiv.o(.text) for __aeabi_ddiv
    printfa.o(i._fp_digits) refers to cdrcmple.o(.text) for __aeabi_cdrcmple
    printfa.o(i._fp_digits) refers to dadd.o(.text) for __aeabi_dadd
    printfa.o(i._fp_digits) refers to dfixul.o(.text) for __aeabi_d2ulz
    printfa.o(i._fp_digits) refers to uldiv.o(.text) for __aeabi_uldivmod
    printfa.o(i._printf_core) refers (Special) to iusefp.o(.text) for __I$use$fp
    printfa.o(i._printf_core) refers to printfa.o(i._printf_pre_padding) for _printf_pre_padding
    printfa.o(i._printf_core) refers to uldiv.o(.text) for __aeabi_uldivmod
    printfa.o(i._printf_core) refers to printfa.o(i._printf_post_padding) for _printf_post_padding
    printfa.o(i._printf_core) refers to printfa.o(i._fp_digits) for _fp_digits
    printfa.o(i._printf_core) refers to uidiv.o(.text) for __aeabi_uidivmod
    printfa.o(i._printf_post_padding) refers (Special) to iusefp.o(.text) for __I$use$fp
    printfa.o(i._printf_pre_padding) refers (Special) to iusefp.o(.text) for __I$use$fp
    printfa.o(i._snputc) refers (Special) to iusefp.o(.text) for __I$use$fp
    printfa.o(i._sputc) refers (Special) to iusefp.o(.text) for __I$use$fp
    dadd.o(.text) refers (Special) to iusefp.o(.text) for __I$use$fp
    dadd.o(.text) refers to llshl.o(.text) for __aeabi_llsl
    dadd.o(.text) refers to llsshr.o(.text) for __aeabi_lasr
    dadd.o(.text) refers to depilogue.o(.text) for _double_epilogue
    dmul.o(.text) refers (Special) to iusefp.o(.text) for __I$use$fp
    dmul.o(.text) refers to depilogue.o(.text) for _double_epilogue
    dflti.o(.text) refers (Special) to iusefp.o(.text) for __I$use$fp
    dflti.o(.text) refers to depilogue.o(.text) for _double_epilogue
    f2d.o(.text) refers (Special) to iusefp.o(.text) for __I$use$fp
    d2f.o(.text) refers (Special) to iusefp.o(.text) for __I$use$fp
    d2f.o(.text) refers to fepilogue.o(.text) for _float_round
    entry2.o(.ARM.Collect$$$$00000001) refers to entry2.o(.ARM.Collect$$$$00002712) for __lit__00000000
    entry2.o(.ARM.Collect$$$$00002712) refers to startup_gd32f1x0.o(STACK) for __initial_sp
    entry2.o(__vectab_stack_and_reset_area) refers to startup_gd32f1x0.o(STACK) for __initial_sp
    entry2.o(__vectab_stack_and_reset_area) refers to entry.o(.ARM.Collect$$$$00000000) for __main
    entry5.o(.ARM.Collect$$$$00000004) refers to init.o(.text) for __scatterload
    entry9a.o(.ARM.Collect$$$$0000000B) refers to main.o(i.main) for main
    entry9b.o(.ARM.Collect$$$$0000000C) refers to main.o(i.main) for main
    uldiv.o(.text) refers to llushr.o(.text) for __aeabi_llsr
    uldiv.o(.text) refers to llshl.o(.text) for __aeabi_llsl
    depilogue.o(.text) refers to llshl.o(.text) for __aeabi_llsl
    depilogue.o(.text) refers to llushr.o(.text) for __aeabi_llsr
    ddiv.o(.text) refers to depilogue.o(.text) for _double_round
    dfixul.o(.text) refers to llushr.o(.text) for __aeabi_llsr
    dfixul.o(.text) refers to llshl.o(.text) for __aeabi_llsl
    init.o(.text) refers to entry5.o(.ARM.Collect$$$$00000004) for __main_after_scatterload


==============================================================================

Removing Unused input sections from the image.

    Removing main.o(.rev16_text), (4 bytes).
    Removing main.o(.revsh_text), (4 bytes).
    Removing main.o(.rrx_text), (6 bytes).
    Removing gd32f1x0_it.o(.rev16_text), (4 bytes).
    Removing gd32f1x0_it.o(.revsh_text), (4 bytes).
    Removing gd32f1x0_it.o(.rrx_text), (6 bytes).
    Removing systick.o(.rev16_text), (4 bytes).
    Removing systick.o(.revsh_text), (4 bytes).
    Removing systick.o(.rrx_text), (6 bytes).
    Removing tm1637.o(.rev16_text), (4 bytes).
    Removing tm1637.o(.revsh_text), (4 bytes).
    Removing tm1637.o(.rrx_text), (6 bytes).
    Removing tm1637.o(i.i2c_ask), (66 bytes).
    Removing tm1637.o(i.i2c_start), (80 bytes).
    Removing tm1637.o(i.i2c_stop), (106 bytes).
    Removing tm1637.o(i.i2c_write_byte), (124 bytes).
    Removing tm1637.o(i.tm1637_brightness), (8 bytes).
    Removing tm1637.o(i.tm1637_clear), (36 bytes).
    Removing tm1637.o(i.tm1637_dio_read), (32 bytes).
    Removing tm1637.o(i.tm1637_display_auto), (64 bytes).
    Removing tm1637.o(i.tm1637_display_fixed), (60 bytes).
    Removing tm1637.o(i.tm1637_display_int), (284 bytes).
    Removing tm1637.o(i.tm1637_display_menu), (40 bytes).
    Removing tm1637.o(i.tm1637_lock), (24 bytes).
    Removing tm1637.o(i.tm1637_unlock), (6 bytes).
    Removing tm1637.o(i.tm1637_write_command), (20 bytes).
    Removing tm1637.o(.constdata), (89 bytes).
    Removing debug_printf.o(.rev16_text), (4 bytes).
    Removing debug_printf.o(.revsh_text), (4 bytes).
    Removing debug_printf.o(.rrx_text), (6 bytes).
    Removing delay.o(.rev16_text), (4 bytes).
    Removing delay.o(.revsh_text), (4 bytes).
    Removing delay.o(.rrx_text), (6 bytes).
    Removing delay.o(i.delay_ms), (26 bytes).
    Removing encoder.o(.rev16_text), (4 bytes).
    Removing encoder.o(.revsh_text), (4 bytes).
    Removing encoder.o(.rrx_text), (6 bytes).
    Removing encoder.o(i.encoder_handle), (292 bytes).
    Removing ds18b20.o(.rev16_text), (4 bytes).
    Removing ds18b20.o(.revsh_text), (4 bytes).
    Removing ds18b20.o(.rrx_text), (6 bytes).
    Removing system_gd32f1x0.o(.rev16_text), (4 bytes).
    Removing system_gd32f1x0.o(.revsh_text), (4 bytes).
    Removing system_gd32f1x0.o(.rrx_text), (6 bytes).
    Removing system_gd32f1x0.o(i.SystemCoreClockUpdate), (240 bytes).
    Removing startup_gd32f1x0.o(HEAP), (1024 bytes).
    Removing gd32f1x0_exti.o(.rev16_text), (4 bytes).
    Removing gd32f1x0_exti.o(.revsh_text), (4 bytes).
    Removing gd32f1x0_exti.o(.rrx_text), (6 bytes).
    Removing gd32f1x0_exti.o(i.exti_deinit), (32 bytes).
    Removing gd32f1x0_exti.o(i.exti_event_disable), (16 bytes).
    Removing gd32f1x0_exti.o(i.exti_event_enable), (16 bytes).
    Removing gd32f1x0_exti.o(i.exti_flag_clear), (12 bytes).
    Removing gd32f1x0_exti.o(i.exti_flag_get), (24 bytes).
    Removing gd32f1x0_exti.o(i.exti_interrupt_disable), (16 bytes).
    Removing gd32f1x0_exti.o(i.exti_interrupt_enable), (16 bytes).
    Removing gd32f1x0_exti.o(i.exti_software_interrupt_disable), (16 bytes).
    Removing gd32f1x0_exti.o(i.exti_software_interrupt_enable), (16 bytes).
    Removing gd32f1x0_gpio.o(.rev16_text), (4 bytes).
    Removing gd32f1x0_gpio.o(.revsh_text), (4 bytes).
    Removing gd32f1x0_gpio.o(.rrx_text), (6 bytes).
    Removing gd32f1x0_gpio.o(i.gpio_bit_reset), (4 bytes).
    Removing gd32f1x0_gpio.o(i.gpio_bit_set), (4 bytes).
    Removing gd32f1x0_gpio.o(i.gpio_deinit), (148 bytes).
    Removing gd32f1x0_gpio.o(i.gpio_input_port_get), (8 bytes).
    Removing gd32f1x0_gpio.o(i.gpio_output_bit_get), (16 bytes).
    Removing gd32f1x0_gpio.o(i.gpio_output_port_get), (8 bytes).
    Removing gd32f1x0_gpio.o(i.gpio_pin_lock), (18 bytes).
    Removing gd32f1x0_gpio.o(i.gpio_port_write), (4 bytes).
    Removing gd32f1x0_rcu.o(.rev16_text), (4 bytes).
    Removing gd32f1x0_rcu.o(.revsh_text), (4 bytes).
    Removing gd32f1x0_rcu.o(.rrx_text), (6 bytes).
    Removing gd32f1x0_rcu.o(i.rcu_adc_clock_config), (152 bytes).
    Removing gd32f1x0_rcu.o(i.rcu_ahb_clock_config), (28 bytes).
    Removing gd32f1x0_rcu.o(i.rcu_all_reset_flag_clear), (20 bytes).
    Removing gd32f1x0_rcu.o(i.rcu_apb1_clock_config), (28 bytes).
    Removing gd32f1x0_rcu.o(i.rcu_apb2_clock_config), (28 bytes).
    Removing gd32f1x0_rcu.o(i.rcu_bkp_reset_disable), (20 bytes).
    Removing gd32f1x0_rcu.o(i.rcu_bkp_reset_enable), (20 bytes).
    Removing gd32f1x0_rcu.o(i.rcu_cec_clock_config), (28 bytes).
    Removing gd32f1x0_rcu.o(i.rcu_ckout_config), (28 bytes).
    Removing gd32f1x0_rcu.o(i.rcu_deepsleep_voltage_set), (36 bytes).
    Removing gd32f1x0_rcu.o(i.rcu_deinit), (128 bytes).
    Removing gd32f1x0_rcu.o(i.rcu_flag_get), (36 bytes).
    Removing gd32f1x0_rcu.o(i.rcu_hxtal_clock_monitor_disable), (20 bytes).
    Removing gd32f1x0_rcu.o(i.rcu_hxtal_clock_monitor_enable), (20 bytes).
    Removing gd32f1x0_rcu.o(i.rcu_hxtal_prediv_config), (24 bytes).
    Removing gd32f1x0_rcu.o(i.rcu_interrupt_disable), (16 bytes).
    Removing gd32f1x0_rcu.o(i.rcu_interrupt_enable), (16 bytes).
    Removing gd32f1x0_rcu.o(i.rcu_interrupt_flag_clear), (16 bytes).
    Removing gd32f1x0_rcu.o(i.rcu_interrupt_flag_get), (24 bytes).
    Removing gd32f1x0_rcu.o(i.rcu_irc14m_adjust_value_set), (24 bytes).
    Removing gd32f1x0_rcu.o(i.rcu_irc8m_adjust_value_set), (24 bytes).
    Removing gd32f1x0_rcu.o(i.rcu_lxtal_drive_capability_config), (28 bytes).
    Removing gd32f1x0_rcu.o(i.rcu_osci_bypass_mode_disable), (100 bytes).
    Removing gd32f1x0_rcu.o(i.rcu_osci_bypass_mode_enable), (100 bytes).
    Removing gd32f1x0_rcu.o(i.rcu_osci_off), (32 bytes).
    Removing gd32f1x0_rcu.o(i.rcu_osci_on), (32 bytes).
    Removing gd32f1x0_rcu.o(i.rcu_osci_stab_wait), (268 bytes).
    Removing gd32f1x0_rcu.o(i.rcu_periph_clock_disable), (32 bytes).
    Removing gd32f1x0_rcu.o(i.rcu_periph_clock_sleep_disable), (32 bytes).
    Removing gd32f1x0_rcu.o(i.rcu_periph_clock_sleep_enable), (32 bytes).
    Removing gd32f1x0_rcu.o(i.rcu_pll_config), (36 bytes).
    Removing gd32f1x0_rcu.o(i.rcu_power_down_voltage_set), (36 bytes).
    Removing gd32f1x0_rcu.o(i.rcu_rtc_clock_config), (28 bytes).
    Removing gd32f1x0_rcu.o(i.rcu_system_clock_source_config), (28 bytes).
    Removing gd32f1x0_rcu.o(i.rcu_system_clock_source_get), (16 bytes).
    Removing gd32f1x0_rcu.o(i.rcu_usart_clock_config), (28 bytes).
    Removing gd32f1x0_rcu.o(i.rcu_usbd_clock_config), (28 bytes).
    Removing gd32f1x0_rcu.o(i.rcu_voltage_key_unlock), (40 bytes).
    Removing gd32f1x0_syscfg.o(.rev16_text), (4 bytes).
    Removing gd32f1x0_syscfg.o(.revsh_text), (4 bytes).
    Removing gd32f1x0_syscfg.o(.rrx_text), (6 bytes).
    Removing gd32f1x0_syscfg.o(i.syscfg_deinit), (20 bytes).
    Removing gd32f1x0_syscfg.o(i.syscfg_dma_remap_disable), (16 bytes).
    Removing gd32f1x0_syscfg.o(i.syscfg_dma_remap_enable), (16 bytes).
    Removing gd32f1x0_syscfg.o(i.syscfg_flag_clear), (16 bytes).
    Removing gd32f1x0_syscfg.o(i.syscfg_flag_get), (24 bytes).
    Removing gd32f1x0_syscfg.o(i.syscfg_high_current_disable), (20 bytes).
    Removing gd32f1x0_syscfg.o(i.syscfg_high_current_enable), (20 bytes).
    Removing gd32f1x0_syscfg.o(i.syscfg_lock_config), (16 bytes).
    Removing gd32f1x0_timer.o(.rev16_text), (4 bytes).
    Removing gd32f1x0_timer.o(.revsh_text), (4 bytes).
    Removing gd32f1x0_timer.o(.rrx_text), (6 bytes).
    Removing gd32f1x0_timer.o(i.timer_auto_reload_shadow_disable), (10 bytes).
    Removing gd32f1x0_timer.o(i.timer_automatic_output_disable), (10 bytes).
    Removing gd32f1x0_timer.o(i.timer_automatic_output_enable), (10 bytes).
    Removing gd32f1x0_timer.o(i.timer_autoreload_value_config), (4 bytes).
    Removing gd32f1x0_timer.o(i.timer_break_config), (30 bytes).
    Removing gd32f1x0_timer.o(i.timer_break_disable), (10 bytes).
    Removing gd32f1x0_timer.o(i.timer_break_enable), (10 bytes).
    Removing gd32f1x0_timer.o(i.timer_break_struct_para_init), (18 bytes).
    Removing gd32f1x0_timer.o(i.timer_channel_capture_value_register_read), (42 bytes).
    Removing gd32f1x0_timer.o(i.timer_channel_complementary_output_polarity_config), (92 bytes).
    Removing gd32f1x0_timer.o(i.timer_channel_complementary_output_state_config), (70 bytes).
    Removing gd32f1x0_timer.o(i.timer_channel_control_shadow_config), (24 bytes).
    Removing gd32f1x0_timer.o(i.timer_channel_control_shadow_update_config), (26 bytes).
    Removing gd32f1x0_timer.o(i.timer_channel_dma_request_source_select), (26 bytes).
    Removing gd32f1x0_timer.o(i.timer_channel_input_capture_prescaler_config), (90 bytes).
    Removing gd32f1x0_timer.o(i.timer_channel_input_struct_para_init), (16 bytes).
    Removing gd32f1x0_timer.o(i.timer_channel_output_clear_config), (90 bytes).
    Removing gd32f1x0_timer.o(i.timer_channel_output_config), (520 bytes).
    Removing gd32f1x0_timer.o(i.timer_channel_output_fast_config), (90 bytes).
    Removing gd32f1x0_timer.o(i.timer_channel_output_mode_config), (90 bytes).
    Removing gd32f1x0_timer.o(i.timer_channel_output_polarity_config), (92 bytes).
    Removing gd32f1x0_timer.o(i.timer_channel_output_pulse_value_config), (38 bytes).
    Removing gd32f1x0_timer.o(i.timer_channel_output_shadow_config), (90 bytes).
    Removing gd32f1x0_timer.o(i.timer_channel_output_state_config), (92 bytes).
    Removing gd32f1x0_timer.o(i.timer_channel_output_struct_para_init), (16 bytes).
    Removing gd32f1x0_timer.o(i.timer_channel_remap_config), (4 bytes).
    Removing gd32f1x0_timer.o(i.timer_counter_alignment), (16 bytes).
    Removing gd32f1x0_timer.o(i.timer_counter_down_direction), (10 bytes).
    Removing gd32f1x0_timer.o(i.timer_counter_read), (8 bytes).
    Removing gd32f1x0_timer.o(i.timer_counter_up_direction), (10 bytes).
    Removing gd32f1x0_timer.o(i.timer_counter_value_config), (4 bytes).
    Removing gd32f1x0_timer.o(i.timer_dma_disable), (8 bytes).
    Removing gd32f1x0_timer.o(i.timer_dma_enable), (8 bytes).
    Removing gd32f1x0_timer.o(i.timer_dma_transfer_config), (24 bytes).
    Removing gd32f1x0_timer.o(i.timer_event_software_generate), (8 bytes).
    Removing gd32f1x0_timer.o(i.timer_external_clock_mode0_config), (40 bytes).
    Removing gd32f1x0_timer.o(i.timer_external_clock_mode1_config), (32 bytes).
    Removing gd32f1x0_timer.o(i.timer_external_clock_mode1_disable), (10 bytes).
    Removing gd32f1x0_timer.o(i.timer_external_trigger_as_external_clock_config), (166 bytes).
    Removing gd32f1x0_timer.o(i.timer_external_trigger_config), (30 bytes).
    Removing gd32f1x0_timer.o(i.timer_hall_mode_config), (26 bytes).
    Removing gd32f1x0_timer.o(i.timer_input_capture_config), (326 bytes).
    Removing gd32f1x0_timer.o(i.timer_input_pwm_capture_config), (356 bytes).
    Removing gd32f1x0_timer.o(i.timer_input_trigger_source_select), (16 bytes).
    Removing gd32f1x0_timer.o(i.timer_internal_clock_config), (10 bytes).
    Removing gd32f1x0_timer.o(i.timer_internal_trigger_as_external_clock_config), (32 bytes).
    Removing gd32f1x0_timer.o(i.timer_interrupt_disable), (8 bytes).
    Removing gd32f1x0_timer.o(i.timer_interrupt_enable), (8 bytes).
    Removing gd32f1x0_timer.o(i.timer_interrupt_flag_clear), (6 bytes).
    Removing gd32f1x0_timer.o(i.timer_interrupt_flag_get), (24 bytes).
    Removing gd32f1x0_timer.o(i.timer_master_output_trigger_source_select), (16 bytes).
    Removing gd32f1x0_timer.o(i.timer_master_slave_mode_config), (26 bytes).
    Removing gd32f1x0_timer.o(i.timer_ocpre_clear_source_config), (26 bytes).
    Removing gd32f1x0_timer.o(i.timer_prescaler_config), (14 bytes).
    Removing gd32f1x0_timer.o(i.timer_prescaler_read), (10 bytes).
    Removing gd32f1x0_timer.o(i.timer_primary_output_config), (24 bytes).
    Removing gd32f1x0_timer.o(i.timer_quadrature_decoder_mode_config), (64 bytes).
    Removing gd32f1x0_timer.o(i.timer_repetition_value_config), (4 bytes).
    Removing gd32f1x0_timer.o(i.timer_single_pulse_mode_config), (26 bytes).
    Removing gd32f1x0_timer.o(i.timer_slave_mode_select), (16 bytes).
    Removing gd32f1x0_timer.o(i.timer_struct_para_init), (22 bytes).
    Removing gd32f1x0_timer.o(i.timer_update_event_disable), (10 bytes).
    Removing gd32f1x0_timer.o(i.timer_update_event_enable), (10 bytes).
    Removing gd32f1x0_timer.o(i.timer_update_source_config), (26 bytes).
    Removing gd32f1x0_usart.o(.rev16_text), (4 bytes).
    Removing gd32f1x0_usart.o(.revsh_text), (4 bytes).
    Removing gd32f1x0_usart.o(.rrx_text), (6 bytes).
    Removing gd32f1x0_usart.o(i.usart_address_config), (32 bytes).
    Removing gd32f1x0_usart.o(i.usart_address_detection_mode_config), (28 bytes).
    Removing gd32f1x0_usart.o(i.usart_autobaud_detection_disable), (10 bytes).
    Removing gd32f1x0_usart.o(i.usart_autobaud_detection_enable), (10 bytes).
    Removing gd32f1x0_usart.o(i.usart_autobaud_detection_mode_config), (16 bytes).
    Removing gd32f1x0_usart.o(i.usart_block_length_config), (24 bytes).
    Removing gd32f1x0_usart.o(i.usart_clock_disable), (18 bytes).
    Removing gd32f1x0_usart.o(i.usart_clock_enable), (18 bytes).
    Removing gd32f1x0_usart.o(i.usart_command_enable), (8 bytes).
    Removing gd32f1x0_usart.o(i.usart_data_first_config), (28 bytes).
    Removing gd32f1x0_usart.o(i.usart_data_receive), (10 bytes).
    Removing gd32f1x0_usart.o(i.usart_depolarity_config), (28 bytes).
    Removing gd32f1x0_usart.o(i.usart_disable), (10 bytes).
    Removing gd32f1x0_usart.o(i.usart_dma_receive_config), (16 bytes).
    Removing gd32f1x0_usart.o(i.usart_dma_transmit_config), (16 bytes).
    Removing gd32f1x0_usart.o(i.usart_driver_assertime_config), (32 bytes).
    Removing gd32f1x0_usart.o(i.usart_driver_deassertime_config), (32 bytes).
    Removing gd32f1x0_usart.o(i.usart_flag_clear), (18 bytes).
    Removing gd32f1x0_usart.o(i.usart_guard_time_config), (32 bytes).
    Removing gd32f1x0_usart.o(i.usart_halfduplex_disable), (18 bytes).
    Removing gd32f1x0_usart.o(i.usart_halfduplex_enable), (18 bytes).
    Removing gd32f1x0_usart.o(i.usart_hardware_flow_cts_config), (24 bytes).
    Removing gd32f1x0_usart.o(i.usart_hardware_flow_rts_config), (24 bytes).
    Removing gd32f1x0_usart.o(i.usart_interrupt_disable), (26 bytes).
    Removing gd32f1x0_usart.o(i.usart_interrupt_enable), (26 bytes).
    Removing gd32f1x0_usart.o(i.usart_interrupt_flag_clear), (18 bytes).
    Removing gd32f1x0_usart.o(i.usart_interrupt_flag_get), (56 bytes).
    Removing gd32f1x0_usart.o(i.usart_invert_config), (110 bytes).
    Removing gd32f1x0_usart.o(i.usart_irda_lowpower_config), (28 bytes).
    Removing gd32f1x0_usart.o(i.usart_irda_mode_disable), (18 bytes).
    Removing gd32f1x0_usart.o(i.usart_irda_mode_enable), (18 bytes).
    Removing gd32f1x0_usart.o(i.usart_lin_break_detection_length_config), (28 bytes).
    Removing gd32f1x0_usart.o(i.usart_lin_mode_disable), (18 bytes).
    Removing gd32f1x0_usart.o(i.usart_lin_mode_enable), (18 bytes).
    Removing gd32f1x0_usart.o(i.usart_mute_mode_disable), (10 bytes).
    Removing gd32f1x0_usart.o(i.usart_mute_mode_enable), (10 bytes).
    Removing gd32f1x0_usart.o(i.usart_mute_mode_wakeup_config), (24 bytes).
    Removing gd32f1x0_usart.o(i.usart_overrun_disable), (18 bytes).
    Removing gd32f1x0_usart.o(i.usart_overrun_enable), (18 bytes).
    Removing gd32f1x0_usart.o(i.usart_oversample_config), (24 bytes).
    Removing gd32f1x0_usart.o(i.usart_parity_config), (24 bytes).
    Removing gd32f1x0_usart.o(i.usart_prescaler_config), (24 bytes).
    Removing gd32f1x0_usart.o(i.usart_receiver_timeout_disable), (10 bytes).
    Removing gd32f1x0_usart.o(i.usart_receiver_timeout_enable), (10 bytes).
    Removing gd32f1x0_usart.o(i.usart_receiver_timeout_threshold_config), (16 bytes).
    Removing gd32f1x0_usart.o(i.usart_reception_error_dma_disable), (18 bytes).
    Removing gd32f1x0_usart.o(i.usart_reception_error_dma_enable), (18 bytes).
    Removing gd32f1x0_usart.o(i.usart_rs485_driver_disable), (18 bytes).
    Removing gd32f1x0_usart.o(i.usart_rs485_driver_enable), (18 bytes).
    Removing gd32f1x0_usart.o(i.usart_sample_bit_config), (24 bytes).
    Removing gd32f1x0_usart.o(i.usart_smartcard_autoretry_config), (32 bytes).
    Removing gd32f1x0_usart.o(i.usart_smartcard_mode_disable), (18 bytes).
    Removing gd32f1x0_usart.o(i.usart_smartcard_mode_enable), (18 bytes).
    Removing gd32f1x0_usart.o(i.usart_smartcard_mode_nack_disable), (18 bytes).
    Removing gd32f1x0_usart.o(i.usart_smartcard_mode_nack_enable), (18 bytes).
    Removing gd32f1x0_usart.o(i.usart_stop_bit_set), (24 bytes).
    Removing gd32f1x0_usart.o(i.usart_synchronous_clock_config), (50 bytes).
    Removing gd32f1x0_usart.o(i.usart_wakeup_disable), (10 bytes).
    Removing gd32f1x0_usart.o(i.usart_wakeup_enable), (10 bytes).
    Removing gd32f1x0_usart.o(i.usart_wakeup_mode_config), (28 bytes).
    Removing gd32f1x0_usart.o(i.usart_word_length_set), (24 bytes).
    Removing gd32f1x0_misc.o(.rev16_text), (4 bytes).
    Removing gd32f1x0_misc.o(.revsh_text), (4 bytes).
    Removing gd32f1x0_misc.o(.rrx_text), (6 bytes).
    Removing gd32f1x0_misc.o(i.nvic_irq_disable), (24 bytes).
    Removing gd32f1x0_misc.o(i.system_lowpower_reset), (16 bytes).
    Removing gd32f1x0_misc.o(i.system_lowpower_set), (16 bytes).
    Removing gd32f1x0_misc.o(i.systick_clksource_set), (40 bytes).
    Removing gd32f1x0_dbg.o(.rev16_text), (4 bytes).
    Removing gd32f1x0_dbg.o(.revsh_text), (4 bytes).
    Removing gd32f1x0_dbg.o(.rrx_text), (6 bytes).
    Removing gd32f1x0_dbg.o(i.dbg_deinit), (16 bytes).
    Removing gd32f1x0_dbg.o(i.dbg_id_get), (12 bytes).
    Removing gd32f1x0_dbg.o(i.dbg_low_power_disable), (16 bytes).
    Removing gd32f1x0_dbg.o(i.dbg_low_power_enable), (16 bytes).
    Removing gd32f1x0_dbg.o(i.dbg_periph_disable), (32 bytes).
    Removing gd32f1x0_dbg.o(i.dbg_periph_enable), (32 bytes).
    Removing gd32f1x0r_eval.o(.rev16_text), (4 bytes).
    Removing gd32f1x0r_eval.o(.revsh_text), (4 bytes).
    Removing gd32f1x0r_eval.o(.rrx_text), (6 bytes).
    Removing gd32f1x0r_eval.o(i.gd_eval_key_init), (128 bytes).
    Removing gd32f1x0r_eval.o(i.gd_eval_key_state_get), (32 bytes).
    Removing gd32f1x0r_eval.o(i.gd_eval_led_init), (84 bytes).
    Removing gd32f1x0r_eval.o(i.gd_eval_led_off), (24 bytes).
    Removing gd32f1x0r_eval.o(i.gd_eval_led_on), (24 bytes).
    Removing gd32f1x0r_eval.o(i.gd_eval_led_toggle), (36 bytes).

277 unused section(s) (total 10033 bytes) removed from the image.

==============================================================================

Image Symbol Table

    Local Symbols

    Symbol Name                              Value     Ov Type        Size  Object(Section)

    ../clib/microlib/division.c              0x00000000   Number         0  uldiv.o ABSOLUTE
    ../clib/microlib/division.c              0x00000000   Number         0  uidiv.o ABSOLUTE
    ../clib/microlib/init/entry.s            0x00000000   Number         0  entry10a.o ABSOLUTE
    ../clib/microlib/init/entry.s            0x00000000   Number         0  entry.o ABSOLUTE
    ../clib/microlib/init/entry.s            0x00000000   Number         0  entry5.o ABSOLUTE
    ../clib/microlib/init/entry.s            0x00000000   Number         0  entry12a.o ABSOLUTE
    ../clib/microlib/init/entry.s            0x00000000   Number         0  entry2.o ABSOLUTE
    ../clib/microlib/init/entry.s            0x00000000   Number         0  entry11a.o ABSOLUTE
    ../clib/microlib/init/entry.s            0x00000000   Number         0  entry10b.o ABSOLUTE
    ../clib/microlib/init/entry.s            0x00000000   Number         0  entry11b.o ABSOLUTE
    ../clib/microlib/init/entry.s            0x00000000   Number         0  entry12b.o ABSOLUTE
    ../clib/microlib/init/entry.s            0x00000000   Number         0  entry8a.o ABSOLUTE
    ../clib/microlib/init/entry.s            0x00000000   Number         0  entry8b.o ABSOLUTE
    ../clib/microlib/init/entry.s            0x00000000   Number         0  entry7b.o ABSOLUTE
    ../clib/microlib/init/entry.s            0x00000000   Number         0  entry9a.o ABSOLUTE
    ../clib/microlib/init/entry.s            0x00000000   Number         0  entry7a.o ABSOLUTE
    ../clib/microlib/init/entry.s            0x00000000   Number         0  entry9b.o ABSOLUTE
    ../clib/microlib/longlong.c              0x00000000   Number         0  llsshr.o ABSOLUTE
    ../clib/microlib/longlong.c              0x00000000   Number         0  llshl.o ABSOLUTE
    ../clib/microlib/longlong.c              0x00000000   Number         0  llushr.o ABSOLUTE
    ../clib/microlib/printf/printf.c         0x00000000   Number         0  printf7.o ABSOLUTE
    ../clib/microlib/printf/printf.c         0x00000000   Number         0  printf5.o ABSOLUTE
    ../clib/microlib/printf/printf.c         0x00000000   Number         0  printf4.o ABSOLUTE
    ../clib/microlib/printf/printf.c         0x00000000   Number         0  printf8.o ABSOLUTE
    ../clib/microlib/printf/printf.c         0x00000000   Number         0  printfa.o ABSOLUTE
    ../clib/microlib/printf/printf.c         0x00000000   Number         0  printf3.o ABSOLUTE
    ../clib/microlib/printf/printf.c         0x00000000   Number         0  printf2.o ABSOLUTE
    ../clib/microlib/printf/printf.c         0x00000000   Number         0  printf0.o ABSOLUTE
    ../clib/microlib/printf/printf.c         0x00000000   Number         0  printfb.o ABSOLUTE
    ../clib/microlib/printf/printf.c         0x00000000   Number         0  printf1.o ABSOLUTE
    ../clib/microlib/printf/printf.c         0x00000000   Number         0  printf6.o ABSOLUTE
    ../clib/microlib/printf/stubs.s          0x00000000   Number         0  stubs.o ABSOLUTE
    ../clib/microlib/stdio/streams.c         0x00000000   Number         0  stdout.o ABSOLUTE
    ../clib/microlib/stubs.s                 0x00000000   Number         0  iusefp.o ABSOLUTE
    ../fplib/microlib/d2f.c                  0x00000000   Number         0  d2f.o ABSOLUTE
    ../fplib/microlib/f2d.c                  0x00000000   Number         0  f2d.o ABSOLUTE
    ../fplib/microlib/fpadd.c                0x00000000   Number         0  dadd.o ABSOLUTE
    ../fplib/microlib/fpdiv.c                0x00000000   Number         0  ddiv.o ABSOLUTE
    ../fplib/microlib/fpepilogue.c           0x00000000   Number         0  fepilogue.o ABSOLUTE
    ../fplib/microlib/fpepilogue.c           0x00000000   Number         0  depilogue.o ABSOLUTE
    ../fplib/microlib/fpfix.c                0x00000000   Number         0  dfixul.o ABSOLUTE
    ../fplib/microlib/fpflt.c                0x00000000   Number         0  dflti.o ABSOLUTE
    ../fplib/microlib/fpmul.c                0x00000000   Number         0  dmul.o ABSOLUTE
    Firmware\CMSIS\GD\GD32F1x0\Source\ARM\startup_gd32f1x0.s 0x00000000   Number         0  startup_gd32f1x0.o ABSOLUTE
    Firmware\CMSIS\GD\GD32F1x0\Source\system_gd32f1x0.c 0x00000000   Number         0  system_gd32f1x0.o ABSOLUTE
    Firmware\GD32F1x0_standard_peripheral\Source\gd32f1x0_dbg.c 0x00000000   Number         0  gd32f1x0_dbg.o ABSOLUTE
    Firmware\GD32F1x0_standard_peripheral\Source\gd32f1x0_exti.c 0x00000000   Number         0  gd32f1x0_exti.o ABSOLUTE
    Firmware\GD32F1x0_standard_peripheral\Source\gd32f1x0_gpio.c 0x00000000   Number         0  gd32f1x0_gpio.o ABSOLUTE
    Firmware\GD32F1x0_standard_peripheral\Source\gd32f1x0_misc.c 0x00000000   Number         0  gd32f1x0_misc.o ABSOLUTE
    Firmware\GD32F1x0_standard_peripheral\Source\gd32f1x0_rcu.c 0x00000000   Number         0  gd32f1x0_rcu.o ABSOLUTE
    Firmware\GD32F1x0_standard_peripheral\Source\gd32f1x0_syscfg.c 0x00000000   Number         0  gd32f1x0_syscfg.o ABSOLUTE
    Firmware\GD32F1x0_standard_peripheral\Source\gd32f1x0_timer.c 0x00000000   Number         0  gd32f1x0_timer.o ABSOLUTE
    Firmware\GD32F1x0_standard_peripheral\Source\gd32f1x0_usart.c 0x00000000   Number         0  gd32f1x0_usart.o ABSOLUTE
    Firmware\\CMSIS\\GD\\GD32F1x0\\Source\\system_gd32f1x0.c 0x00000000   Number         0  system_gd32f1x0.o ABSOLUTE
    Firmware\\GD32F1x0_standard_peripheral\\Source\\gd32f1x0_dbg.c 0x00000000   Number         0  gd32f1x0_dbg.o ABSOLUTE
    Firmware\\GD32F1x0_standard_peripheral\\Source\\gd32f1x0_exti.c 0x00000000   Number         0  gd32f1x0_exti.o ABSOLUTE
    Firmware\\GD32F1x0_standard_peripheral\\Source\\gd32f1x0_gpio.c 0x00000000   Number         0  gd32f1x0_gpio.o ABSOLUTE
    Firmware\\GD32F1x0_standard_peripheral\\Source\\gd32f1x0_misc.c 0x00000000   Number         0  gd32f1x0_misc.o ABSOLUTE
    Firmware\\GD32F1x0_standard_peripheral\\Source\\gd32f1x0_rcu.c 0x00000000   Number         0  gd32f1x0_rcu.o ABSOLUTE
    Firmware\\GD32F1x0_standard_peripheral\\Source\\gd32f1x0_syscfg.c 0x00000000   Number         0  gd32f1x0_syscfg.o ABSOLUTE
    Firmware\\GD32F1x0_standard_peripheral\\Source\\gd32f1x0_timer.c 0x00000000   Number         0  gd32f1x0_timer.o ABSOLUTE
    Firmware\\GD32F1x0_standard_peripheral\\Source\\gd32f1x0_usart.c 0x00000000   Number         0  gd32f1x0_usart.o ABSOLUTE
    Src\\debug_printf.c                      0x00000000   Number         0  debug_printf.o ABSOLUTE
    Src\\delay.c                             0x00000000   Number         0  delay.o ABSOLUTE
    Src\\ds18b20.c                           0x00000000   Number         0  ds18b20.o ABSOLUTE
    Src\\encoder.c                           0x00000000   Number         0  encoder.o ABSOLUTE
    Src\\gd32f1x0_it.c                       0x00000000   Number         0  gd32f1x0_it.o ABSOLUTE
    Src\\main.c                              0x00000000   Number         0  main.o ABSOLUTE
    Src\\systick.c                           0x00000000   Number         0  systick.o ABSOLUTE
    Src\\tm1637.c                            0x00000000   Number         0  tm1637.o ABSOLUTE
    Src\debug_printf.c                       0x00000000   Number         0  debug_printf.o ABSOLUTE
    Src\delay.c                              0x00000000   Number         0  delay.o ABSOLUTE
    Src\ds1302.c                             0x00000000   Number         0  ds1302.o ABSOLUTE
    Src\ds18b20.c                            0x00000000   Number         0  ds18b20.o ABSOLUTE
    Src\encoder.c                            0x00000000   Number         0  encoder.o ABSOLUTE
    Src\gd32f1x0_it.c                        0x00000000   Number         0  gd32f1x0_it.o ABSOLUTE
    Src\main.c                               0x00000000   Number         0  main.o ABSOLUTE
    Src\systick.c                            0x00000000   Number         0  systick.o ABSOLUTE
    Src\tm1637.c                             0x00000000   Number         0  tm1637.o ABSOLUTE
    Utilities\\gd32f1x0r_eval.c              0x00000000   Number         0  gd32f1x0r_eval.o ABSOLUTE
    Utilities\gd32f1x0r_eval.c               0x00000000   Number         0  gd32f1x0r_eval.o ABSOLUTE
    cdrcmple.s                               0x00000000   Number         0  cdrcmple.o ABSOLUTE
    dc.s                                     0x00000000   Number         0  dc.o ABSOLUTE
    handlers.s                               0x00000000   Number         0  handlers.o ABSOLUTE
    init.s                                   0x00000000   Number         0  init.o ABSOLUTE
    RESET                                    0x08000000   Section      360  startup_gd32f1x0.o(RESET)
    .ARM.Collect$$$$00000000                 0x08000168   Section        0  entry.o(.ARM.Collect$$$$00000000)
    .ARM.Collect$$$$00000001                 0x08000168   Section        4  entry2.o(.ARM.Collect$$$$00000001)
    .ARM.Collect$$$$00000004                 0x0800016c   Section        4  entry5.o(.ARM.Collect$$$$00000004)
    .ARM.Collect$$$$00000008                 0x08000170   Section        0  entry7b.o(.ARM.Collect$$$$00000008)
    .ARM.Collect$$$$0000000A                 0x08000170   Section        0  entry8b.o(.ARM.Collect$$$$0000000A)
    .ARM.Collect$$$$0000000B                 0x08000170   Section        8  entry9a.o(.ARM.Collect$$$$0000000B)
    .ARM.Collect$$$$0000000E                 0x08000178   Section        4  entry12b.o(.ARM.Collect$$$$0000000E)
    .ARM.Collect$$$$0000000F                 0x0800017c   Section        0  entry10a.o(.ARM.Collect$$$$0000000F)
    .ARM.Collect$$$$00000011                 0x0800017c   Section        0  entry11a.o(.ARM.Collect$$$$00000011)
    .ARM.Collect$$$$00002712                 0x0800017c   Section        4  entry2.o(.ARM.Collect$$$$00002712)
    __lit__00000000                          0x0800017c   Data           4  entry2.o(.ARM.Collect$$$$00002712)
    .text                                    0x08000180   Section       36  startup_gd32f1x0.o(.text)
    .text                                    0x080001a4   Section        0  dadd.o(.text)
    .text                                    0x080002f2   Section        0  dmul.o(.text)
    .text                                    0x080003d6   Section        0  dflti.o(.text)
    .text                                    0x080003f8   Section        0  f2d.o(.text)
    .text                                    0x0800041e   Section        0  d2f.o(.text)
    .text                                    0x08000456   Section        0  uidiv.o(.text)
    .text                                    0x08000482   Section        0  uldiv.o(.text)
    .text                                    0x080004e4   Section        0  llshl.o(.text)
    .text                                    0x08000502   Section        0  llsshr.o(.text)
    .text                                    0x08000526   Section        0  fepilogue.o(.text)
    .text                                    0x08000526   Section        0  iusefp.o(.text)
    .text                                    0x08000594   Section        0  depilogue.o(.text)
    .text                                    0x0800064e   Section        0  ddiv.o(.text)
    .text                                    0x0800072c   Section        0  dfixul.o(.text)
    .text                                    0x0800075c   Section       48  cdrcmple.o(.text)
    .text                                    0x0800078c   Section       36  init.o(.text)
    .text                                    0x080007b0   Section        0  llushr.o(.text)
    i.BusFault_Handler                       0x080007d0   Section        0  gd32f1x0_it.o(i.BusFault_Handler)
    i.DebugMon_Handler                       0x080007d4   Section        0  gd32f1x0_it.o(i.DebugMon_Handler)
    i.EXTI0_1_IRQHandler                     0x080007d6   Section        0  gd32f1x0_it.o(i.EXTI0_1_IRQHandler)
    i.EXTI4_15_IRQHandler                    0x080007d8   Section        0  gd32f1x0_it.o(i.EXTI4_15_IRQHandler)
    i.HardFault_Handler                      0x080008d0   Section        0  gd32f1x0_it.o(i.HardFault_Handler)
    i.MemManage_Handler                      0x080008d4   Section        0  gd32f1x0_it.o(i.MemManage_Handler)
    i.NMI_Handler                            0x080008d8   Section        0  gd32f1x0_it.o(i.NMI_Handler)
    i.NVIC_SetPriority                       0x080008dc   Section        0  systick.o(i.NVIC_SetPriority)
    NVIC_SetPriority                         0x080008dd   Thumb Code    32  systick.o(i.NVIC_SetPriority)
    i.PendSV_Handler                         0x08000904   Section        0  gd32f1x0_it.o(i.PendSV_Handler)
    i.SVC_Handler                            0x08000906   Section        0  gd32f1x0_it.o(i.SVC_Handler)
    i.SysTick_Handler                        0x08000908   Section        0  gd32f1x0_it.o(i.SysTick_Handler)
    i.SystemInit                             0x08000938   Section        0  system_gd32f1x0.o(i.SystemInit)
    i.UsageFault_Handler                     0x080009c8   Section        0  gd32f1x0_it.o(i.UsageFault_Handler)
    i.__0printf                              0x080009cc   Section        0  printfa.o(i.__0printf)
    i.__scatterload_copy                     0x080009ec   Section       14  handlers.o(i.__scatterload_copy)
    i.__scatterload_null                     0x080009fa   Section        2  handlers.o(i.__scatterload_null)
    i.__scatterload_zeroinit                 0x080009fc   Section       14  handlers.o(i.__scatterload_zeroinit)
    i._fp_digits                             0x08000a0c   Section        0  printfa.o(i._fp_digits)
    _fp_digits                               0x08000a0d   Thumb Code   366  printfa.o(i._fp_digits)
    i._printf_core                           0x08000b90   Section        0  printfa.o(i._printf_core)
    _printf_core                             0x08000b91   Thumb Code  1704  printfa.o(i._printf_core)
    i._printf_post_padding                   0x08001244   Section        0  printfa.o(i._printf_post_padding)
    _printf_post_padding                     0x08001245   Thumb Code    36  printfa.o(i._printf_post_padding)
    i._printf_pre_padding                    0x08001268   Section        0  printfa.o(i._printf_pre_padding)
    _printf_pre_padding                      0x08001269   Thumb Code    46  printfa.o(i._printf_pre_padding)
    i.debug_printf_init                      0x08001296   Section        0  debug_printf.o(i.debug_printf_init)
    i.delay_1ms                              0x080012a4   Section        0  systick.o(i.delay_1ms)
    i.delay_1us                              0x080012b8   Section        0  delay.o(i.delay_1us)
    i.delay_decrement                        0x080012f0   Section        0  systick.o(i.delay_decrement)
    i.ds18b20_ack                            0x08001308   Section        0  ds18b20.o(i.ds18b20_ack)
    i.ds18b20_get_temp                       0x08001360   Section        0  ds18b20.o(i.ds18b20_get_temp)
    i.ds18b20_init                           0x080013e0   Section        0  ds18b20.o(i.ds18b20_init)
    i.ds18b20_io_read                        0x080013f2   Section        0  ds18b20.o(i.ds18b20_io_read)
    ds18b20_io_read                          0x080013f3   Thumb Code    28  ds18b20.o(i.ds18b20_io_read)
    i.ds18b20_read_byte                      0x0800140e   Section        0  ds18b20.o(i.ds18b20_read_byte)
    i.ds18b20_start                          0x08001472   Section        0  ds18b20.o(i.ds18b20_start)
    i.ds18b20_write_byte                     0x0800148c   Section        0  ds18b20.o(i.ds18b20_write_byte)
    i.encoder_exit_config                    0x0800151c   Section        0  encoder.o(i.encoder_exit_config)
    i.exti_init                              0x080015b8   Section        0  gd32f1x0_exti.o(i.exti_init)
    i.exti_interrupt_flag_clear              0x08001674   Section        0  gd32f1x0_exti.o(i.exti_interrupt_flag_clear)
    i.exti_interrupt_flag_get                0x08001680   Section        0  gd32f1x0_exti.o(i.exti_interrupt_flag_get)
    i.fputc                                  0x080016a4   Section        0  debug_printf.o(i.fputc)
    i.gd_eval_com_init                       0x080016cc   Section        0  gd32f1x0r_eval.o(i.gd_eval_com_init)
    i.gpio_af_set                            0x0800178c   Section        0  gd32f1x0_gpio.o(i.gpio_af_set)
    i.gpio_bit_write                         0x080017ea   Section        0  gd32f1x0_gpio.o(i.gpio_bit_write)
    i.gpio_init                              0x080017f4   Section        0  ds18b20.o(i.gpio_init)
    gpio_init                                0x080017f5   Thumb Code    48  ds18b20.o(i.gpio_init)
    i.gpio_input_bit_get                     0x08001824   Section        0  gd32f1x0_gpio.o(i.gpio_input_bit_get)
    i.gpio_mode_set                          0x08001834   Section        0  gd32f1x0_gpio.o(i.gpio_mode_set)
    i.gpio_output_options_set                0x08001882   Section        0  gd32f1x0_gpio.o(i.gpio_output_options_set)
    i.main                                   0x080018c4   Section        0  main.o(i.main)
    i.nvic_irq_enable                        0x08001928   Section        0  gd32f1x0_misc.o(i.nvic_irq_enable)
    i.nvic_priority_group_set                0x080019d4   Section        0  gd32f1x0_misc.o(i.nvic_priority_group_set)
    i.nvic_vector_table_set                  0x080019e8   Section        0  gd32f1x0_misc.o(i.nvic_vector_table_set)
    i.rcu_clock_freq_get                     0x080019fc   Section        0  gd32f1x0_rcu.o(i.rcu_clock_freq_get)
    i.rcu_periph_clock_enable                0x08001ca4   Section        0  gd32f1x0_rcu.o(i.rcu_periph_clock_enable)
    i.rcu_periph_reset_disable               0x08001cc4   Section        0  gd32f1x0_rcu.o(i.rcu_periph_reset_disable)
    i.rcu_periph_reset_enable                0x08001ce4   Section        0  gd32f1x0_rcu.o(i.rcu_periph_reset_enable)
    i.syscfg_exti_line_config                0x08001d04   Section        0  gd32f1x0_syscfg.o(i.syscfg_exti_line_config)
    i.system_clock_72m_hxtal                 0x08001da4   Section        0  system_gd32f1x0.o(i.system_clock_72m_hxtal)
    system_clock_72m_hxtal                   0x08001da5   Thumb Code   154  system_gd32f1x0.o(i.system_clock_72m_hxtal)
    i.system_clock_config                    0x08001e48   Section        0  system_gd32f1x0.o(i.system_clock_config)
    system_clock_config                      0x08001e49   Thumb Code     8  system_gd32f1x0.o(i.system_clock_config)
    i.systick_config                         0x08001e50   Section        0  systick.o(i.systick_config)
    i.timer_auto_reload_shadow_enable        0x08001ea0   Section        0  gd32f1x0_timer.o(i.timer_auto_reload_shadow_enable)
    i.timer_deinit                           0x08001eac   Section        0  gd32f1x0_timer.o(i.timer_deinit)
    i.timer_disable                          0x08001f88   Section        0  gd32f1x0_timer.o(i.timer_disable)
    i.timer_enable                           0x08001f92   Section        0  gd32f1x0_timer.o(i.timer_enable)
    i.timer_flag_clear                       0x08001f9c   Section        0  gd32f1x0_timer.o(i.timer_flag_clear)
    i.timer_flag_get                         0x08001fa2   Section        0  gd32f1x0_timer.o(i.timer_flag_get)
    i.timer_init                             0x08001fb4   Section        0  gd32f1x0_timer.o(i.timer_init)
    i.tm1637_gpio_init                       0x08002060   Section        0  tm1637.o(i.tm1637_gpio_init)
    i.tm1637_init                            0x080020c8   Section        0  tm1637.o(i.tm1637_init)
    i.us_timer_init                          0x080020d8   Section        0  delay.o(i.us_timer_init)
    i.usart_baudrate_set                     0x08002124   Section        0  gd32f1x0_usart.o(i.usart_baudrate_set)
    i.usart_data_transmit                    0x080021a0   Section        0  gd32f1x0_usart.o(i.usart_data_transmit)
    i.usart_deinit                           0x080021a8   Section        0  gd32f1x0_usart.o(i.usart_deinit)
    i.usart_enable                           0x080021e8   Section        0  gd32f1x0_usart.o(i.usart_enable)
    i.usart_flag_get                         0x080021f2   Section        0  gd32f1x0_usart.o(i.usart_flag_get)
    i.usart_receive_config                   0x08002210   Section        0  gd32f1x0_usart.o(i.usart_receive_config)
    i.usart_transmit_config                  0x08002220   Section        0  gd32f1x0_usart.o(i.usart_transmit_config)
    .data                                    0x20000000   Section       16  main.o(.data)
    .data                                    0x20000010   Section        4  systick.o(.data)
    delay                                    0x20000010   Data           4  systick.o(.data)
    .data                                    0x20000014   Section        5  tm1637.o(.data)
    .data                                    0x2000001c   Section        4  system_gd32f1x0.o(.data)
    .data                                    0x20000020   Section      105  gd32f1x0r_eval.o(.data)
    GPIO_PORT                                0x20000020   Data          16  gd32f1x0r_eval.o(.data)
    GPIO_PIN                                 0x20000030   Data          16  gd32f1x0r_eval.o(.data)
    COM_CLK                                  0x20000040   Data           2  gd32f1x0r_eval.o(.data)
    COM_TX_PIN                               0x20000044   Data           4  gd32f1x0r_eval.o(.data)
    COM_RX_PIN                               0x20000048   Data           4  gd32f1x0r_eval.o(.data)
    GPIO_CLK                                 0x2000004c   Data           8  gd32f1x0r_eval.o(.data)
    KEY_PORT                                 0x20000054   Data          12  gd32f1x0r_eval.o(.data)
    KEY_PIN                                  0x20000060   Data          12  gd32f1x0r_eval.o(.data)
    KEY_CLK                                  0x2000006c   Data           6  gd32f1x0r_eval.o(.data)
    KEY_EXTI_LINE                            0x20000074   Data          12  gd32f1x0r_eval.o(.data)
    KEY_PORT_SOURCE                          0x20000080   Data           3  gd32f1x0r_eval.o(.data)
    KEY_PIN_SOURCE                           0x20000083   Data           3  gd32f1x0r_eval.o(.data)
    KEY_IRQn                                 0x20000086   Data           3  gd32f1x0r_eval.o(.data)
    .data                                    0x2000008c   Section        4  stdout.o(.data)
    .bss                                     0x20000090   Section       16  encoder.o(.bss)
    STACK                                    0x200000a0   Section     1024  startup_gd32f1x0.o(STACK)

    Global Symbols

    Symbol Name                              Value     Ov Type        Size  Object(Section)

    BuildAttributes$$THM_ISAv4$P$D$K$B$S$PE$A:L22UL41UL21$X:L11$S22US41US21$IEEE1$IW$USESV6$~STKCKD$USESV7$~SHL$OTIME$ROPI$EBA8$MICROLIB$REQ8$PRES8$EABIv2 0x00000000   Number         0  anon$$obj.o ABSOLUTE
    __ARM_use_no_argv                        0x00000000   Number         0  main.o ABSOLUTE
    _printf_a                                0x00000000   Number         0  stubs.o ABSOLUTE
    _printf_c                                0x00000000   Number         0  stubs.o ABSOLUTE
    _printf_charcount                        0x00000000   Number         0  stubs.o ABSOLUTE
    _printf_d                                0x00000000   Number         0  stubs.o ABSOLUTE
    _printf_e                                0x00000000   Number         0  stubs.o ABSOLUTE
    _printf_f                                0x00000000   Number         0  stubs.o ABSOLUTE
    _printf_flags                            0x00000000   Number         0  stubs.o ABSOLUTE
    _printf_fp_dec                           0x00000000   Number         0  stubs.o ABSOLUTE
    _printf_fp_hex                           0x00000000   Number         0  stubs.o ABSOLUTE
    _printf_g                                0x00000000   Number         0  stubs.o ABSOLUTE
    _printf_i                                0x00000000   Number         0  stubs.o ABSOLUTE
    _printf_int_dec                          0x00000000   Number         0  stubs.o ABSOLUTE
    _printf_l                                0x00000000   Number         0  stubs.o ABSOLUTE
    _printf_lc                               0x00000000   Number         0  stubs.o ABSOLUTE
    _printf_ll                               0x00000000   Number         0  stubs.o ABSOLUTE
    _printf_lld                              0x00000000   Number         0  stubs.o ABSOLUTE
    _printf_lli                              0x00000000   Number         0  stubs.o ABSOLUTE
    _printf_llo                              0x00000000   Number         0  stubs.o ABSOLUTE
    _printf_llu                              0x00000000   Number         0  stubs.o ABSOLUTE
    _printf_llx                              0x00000000   Number         0  stubs.o ABSOLUTE
    _printf_longlong_dec                     0x00000000   Number         0  stubs.o ABSOLUTE
    _printf_longlong_hex                     0x00000000   Number         0  stubs.o ABSOLUTE
    _printf_longlong_oct                     0x00000000   Number         0  stubs.o ABSOLUTE
    _printf_ls                               0x00000000   Number         0  stubs.o ABSOLUTE
    _printf_mbtowc                           0x00000000   Number         0  stubs.o ABSOLUTE
    _printf_n                                0x00000000   Number         0  stubs.o ABSOLUTE
    _printf_o                                0x00000000   Number         0  stubs.o ABSOLUTE
    _printf_p                                0x00000000   Number         0  stubs.o ABSOLUTE
    _printf_percent                          0x00000000   Number         0  stubs.o ABSOLUTE
    _printf_pre_padding                      0x00000000   Number         0  stubs.o ABSOLUTE
    _printf_return_value                     0x00000000   Number         0  stubs.o ABSOLUTE
    _printf_s                                0x00000000   Number         0  stubs.o ABSOLUTE
    _printf_sizespec                         0x00000000   Number         0  stubs.o ABSOLUTE
    _printf_str                              0x00000000   Number         0  stubs.o ABSOLUTE
    _printf_truncate_signed                  0x00000000   Number         0  stubs.o ABSOLUTE
    _printf_truncate_unsigned                0x00000000   Number         0  stubs.o ABSOLUTE
    _printf_u                                0x00000000   Number         0  stubs.o ABSOLUTE
    _printf_wc                               0x00000000   Number         0  stubs.o ABSOLUTE
    _printf_wctomb                           0x00000000   Number         0  stubs.o ABSOLUTE
    _printf_widthprec                        0x00000000   Number         0  stubs.o ABSOLUTE
    _printf_x                                0x00000000   Number         0  stubs.o ABSOLUTE
    __arm_fini_                               - Undefined Weak Reference
    __cpp_initialize__aeabi_                  - Undefined Weak Reference
    __cxa_finalize                            - Undefined Weak Reference
    __decompress                              - Undefined Weak Reference
    _clock_init                               - Undefined Weak Reference
    _microlib_exit                            - Undefined Weak Reference
    __Vectors_Size                           0x00000168   Number         0  startup_gd32f1x0.o ABSOLUTE
    __Vectors                                0x08000000   Data           4  startup_gd32f1x0.o(RESET)
    __Vectors_End                            0x08000168   Data           0  startup_gd32f1x0.o(RESET)
    __main                                   0x08000169   Thumb Code     0  entry.o(.ARM.Collect$$$$00000000)
    _main_stk                                0x08000169   Thumb Code     0  entry2.o(.ARM.Collect$$$$00000001)
    _main_scatterload                        0x0800016d   Thumb Code     0  entry5.o(.ARM.Collect$$$$00000004)
    __main_after_scatterload                 0x08000171   Thumb Code     0  entry5.o(.ARM.Collect$$$$00000004)
    _main_clock                              0x08000171   Thumb Code     0  entry7b.o(.ARM.Collect$$$$00000008)
    _main_cpp_init                           0x08000171   Thumb Code     0  entry8b.o(.ARM.Collect$$$$0000000A)
    _main_init                               0x08000171   Thumb Code     0  entry9a.o(.ARM.Collect$$$$0000000B)
    __rt_lib_shutdown_fini                   0x08000179   Thumb Code     0  entry12b.o(.ARM.Collect$$$$0000000E)
    __rt_final_cpp                           0x0800017d   Thumb Code     0  entry10a.o(.ARM.Collect$$$$0000000F)
    __rt_final_exit                          0x0800017d   Thumb Code     0  entry11a.o(.ARM.Collect$$$$00000011)
    Reset_Handler                            0x08000181   Thumb Code     8  startup_gd32f1x0.o(.text)
    ADC_CMP_IRQHandler                       0x0800019b   Thumb Code     0  startup_gd32f1x0.o(.text)
    CAN0_RX0_IRQHandler                      0x0800019b   Thumb Code     0  startup_gd32f1x0.o(.text)
    CAN0_RX1_IRQHandler                      0x0800019b   Thumb Code     0  startup_gd32f1x0.o(.text)
    CAN0_SCE_IRQHandler                      0x0800019b   Thumb Code     0  startup_gd32f1x0.o(.text)
    CAN0_TX_IRQHandler                       0x0800019b   Thumb Code     0  startup_gd32f1x0.o(.text)
    CAN1_RX0_IRQHandler                      0x0800019b   Thumb Code     0  startup_gd32f1x0.o(.text)
    CAN1_RX1_IRQHandler                      0x0800019b   Thumb Code     0  startup_gd32f1x0.o(.text)
    CAN1_SCE_IRQHandler                      0x0800019b   Thumb Code     0  startup_gd32f1x0.o(.text)
    CAN1_TX_IRQHandler                       0x0800019b   Thumb Code     0  startup_gd32f1x0.o(.text)
    CEC_IRQHandler                           0x0800019b   Thumb Code     0  startup_gd32f1x0.o(.text)
    DMA_Channel0_IRQHandler                  0x0800019b   Thumb Code     0  startup_gd32f1x0.o(.text)
    DMA_Channel1_2_IRQHandler                0x0800019b   Thumb Code     0  startup_gd32f1x0.o(.text)
    DMA_Channel3_4_IRQHandler                0x0800019b   Thumb Code     0  startup_gd32f1x0.o(.text)
    DMA_Channel5_6_IRQHandler                0x0800019b   Thumb Code     0  startup_gd32f1x0.o(.text)
    EXTI2_3_IRQHandler                       0x0800019b   Thumb Code     0  startup_gd32f1x0.o(.text)
    FMC_IRQHandler                           0x0800019b   Thumb Code     0  startup_gd32f1x0.o(.text)
    I2C0_ER_IRQHandler                       0x0800019b   Thumb Code     0  startup_gd32f1x0.o(.text)
    I2C0_EV_IRQHandler                       0x0800019b   Thumb Code     0  startup_gd32f1x0.o(.text)
    I2C1_ER_IRQHandler                       0x0800019b   Thumb Code     0  startup_gd32f1x0.o(.text)
    I2C1_EV_IRQHandler                       0x0800019b   Thumb Code     0  startup_gd32f1x0.o(.text)
    I2C2_ER_IRQHandler                       0x0800019b   Thumb Code     0  startup_gd32f1x0.o(.text)
    I2C2_EV_IRQHandler                       0x0800019b   Thumb Code     0  startup_gd32f1x0.o(.text)
    LVD_IRQHandler                           0x0800019b   Thumb Code     0  startup_gd32f1x0.o(.text)
    RCU_IRQHandler                           0x0800019b   Thumb Code     0  startup_gd32f1x0.o(.text)
    RTC_IRQHandler                           0x0800019b   Thumb Code     0  startup_gd32f1x0.o(.text)
    SLCD_IRQHandler                          0x0800019b   Thumb Code     0  startup_gd32f1x0.o(.text)
    SPI0_IRQHandler                          0x0800019b   Thumb Code     0  startup_gd32f1x0.o(.text)
    SPI1_IRQHandler                          0x0800019b   Thumb Code     0  startup_gd32f1x0.o(.text)
    SPI2_IRQHandler                          0x0800019b   Thumb Code     0  startup_gd32f1x0.o(.text)
    TIMER0_BRK_UP_TRG_COM_IRQHandler         0x0800019b   Thumb Code     0  startup_gd32f1x0.o(.text)
    TIMER0_Channel_IRQHandler                0x0800019b   Thumb Code     0  startup_gd32f1x0.o(.text)
    TIMER13_IRQHandler                       0x0800019b   Thumb Code     0  startup_gd32f1x0.o(.text)
    TIMER14_IRQHandler                       0x0800019b   Thumb Code     0  startup_gd32f1x0.o(.text)
    TIMER15_IRQHandler                       0x0800019b   Thumb Code     0  startup_gd32f1x0.o(.text)
    TIMER16_IRQHandler                       0x0800019b   Thumb Code     0  startup_gd32f1x0.o(.text)
    TIMER1_IRQHandler                        0x0800019b   Thumb Code     0  startup_gd32f1x0.o(.text)
    TIMER2_IRQHandler                        0x0800019b   Thumb Code     0  startup_gd32f1x0.o(.text)
    TIMER5_DAC_IRQHandler                    0x0800019b   Thumb Code     0  startup_gd32f1x0.o(.text)
    TSI_IRQHandler                           0x0800019b   Thumb Code     0  startup_gd32f1x0.o(.text)
    USART0_IRQHandler                        0x0800019b   Thumb Code     0  startup_gd32f1x0.o(.text)
    USART1_IRQHandler                        0x0800019b   Thumb Code     0  startup_gd32f1x0.o(.text)
    USBDWakeUp_IRQHandler                    0x0800019b   Thumb Code     0  startup_gd32f1x0.o(.text)
    USBD_HP_IRQHandler                       0x0800019b   Thumb Code     0  startup_gd32f1x0.o(.text)
    USBD_LP_IRQHandler                       0x0800019b   Thumb Code     0  startup_gd32f1x0.o(.text)
    WWDGT_IRQHandler                         0x0800019b   Thumb Code     0  startup_gd32f1x0.o(.text)
    __aeabi_dadd                             0x080001a5   Thumb Code   322  dadd.o(.text)
    __aeabi_dsub                             0x080002e7   Thumb Code     6  dadd.o(.text)
    __aeabi_drsub                            0x080002ed   Thumb Code     6  dadd.o(.text)
    __aeabi_dmul                             0x080002f3   Thumb Code   228  dmul.o(.text)
    __aeabi_i2d                              0x080003d7   Thumb Code    34  dflti.o(.text)
    __aeabi_f2d                              0x080003f9   Thumb Code    38  f2d.o(.text)
    __aeabi_d2f                              0x0800041f   Thumb Code    56  d2f.o(.text)
    __aeabi_uidiv                            0x08000457   Thumb Code     0  uidiv.o(.text)
    __aeabi_uidivmod                         0x08000457   Thumb Code    44  uidiv.o(.text)
    __aeabi_uldivmod                         0x08000483   Thumb Code    98  uldiv.o(.text)
    __aeabi_llsl                             0x080004e5   Thumb Code    30  llshl.o(.text)
    _ll_shift_l                              0x080004e5   Thumb Code     0  llshl.o(.text)
    __aeabi_lasr                             0x08000503   Thumb Code    36  llsshr.o(.text)
    _ll_sshift_r                             0x08000503   Thumb Code     0  llsshr.o(.text)
    __I$use$fp                               0x08000527   Thumb Code     0  iusefp.o(.text)
    _float_round                             0x08000527   Thumb Code    18  fepilogue.o(.text)
    _float_epilogue                          0x08000539   Thumb Code    92  fepilogue.o(.text)
    _double_round                            0x08000595   Thumb Code    30  depilogue.o(.text)
    _double_epilogue                         0x080005b3   Thumb Code   156  depilogue.o(.text)
    __aeabi_ddiv                             0x0800064f   Thumb Code   222  ddiv.o(.text)
    __aeabi_d2ulz                            0x0800072d   Thumb Code    48  dfixul.o(.text)
    __aeabi_cdrcmple                         0x0800075d   Thumb Code    48  cdrcmple.o(.text)
    __scatterload                            0x0800078d   Thumb Code    28  init.o(.text)
    __scatterload_rt2                        0x0800078d   Thumb Code     0  init.o(.text)
    __aeabi_llsr                             0x080007b1   Thumb Code    32  llushr.o(.text)
    _ll_ushift_r                             0x080007b1   Thumb Code     0  llushr.o(.text)
    BusFault_Handler                         0x080007d1   Thumb Code     4  gd32f1x0_it.o(i.BusFault_Handler)
    DebugMon_Handler                         0x080007d5   Thumb Code     2  gd32f1x0_it.o(i.DebugMon_Handler)
    EXTI0_1_IRQHandler                       0x080007d7   Thumb Code     2  gd32f1x0_it.o(i.EXTI0_1_IRQHandler)
    EXTI4_15_IRQHandler                      0x080007d9   Thumb Code   240  gd32f1x0_it.o(i.EXTI4_15_IRQHandler)
    HardFault_Handler                        0x080008d1   Thumb Code     4  gd32f1x0_it.o(i.HardFault_Handler)
    MemManage_Handler                        0x080008d5   Thumb Code     4  gd32f1x0_it.o(i.MemManage_Handler)
    NMI_Handler                              0x080008d9   Thumb Code     2  gd32f1x0_it.o(i.NMI_Handler)
    PendSV_Handler                           0x08000905   Thumb Code     2  gd32f1x0_it.o(i.PendSV_Handler)
    SVC_Handler                              0x08000907   Thumb Code     2  gd32f1x0_it.o(i.SVC_Handler)
    SysTick_Handler                          0x08000909   Thumb Code    44  gd32f1x0_it.o(i.SysTick_Handler)
    SystemInit                               0x08000939   Thumb Code   128  system_gd32f1x0.o(i.SystemInit)
    UsageFault_Handler                       0x080009c9   Thumb Code     4  gd32f1x0_it.o(i.UsageFault_Handler)
    __0printf                                0x080009cd   Thumb Code    22  printfa.o(i.__0printf)
    __1printf                                0x080009cd   Thumb Code     0  printfa.o(i.__0printf)
    __2printf                                0x080009cd   Thumb Code     0  printfa.o(i.__0printf)
    __c89printf                              0x080009cd   Thumb Code     0  printfa.o(i.__0printf)
    printf                                   0x080009cd   Thumb Code     0  printfa.o(i.__0printf)
    __scatterload_copy                       0x080009ed   Thumb Code    14  handlers.o(i.__scatterload_copy)
    __scatterload_null                       0x080009fb   Thumb Code     2  handlers.o(i.__scatterload_null)
    __scatterload_zeroinit                   0x080009fd   Thumb Code    14  handlers.o(i.__scatterload_zeroinit)
    debug_printf_init                        0x08001297   Thumb Code    12  debug_printf.o(i.debug_printf_init)
    delay_1ms                                0x080012a5   Thumb Code    16  systick.o(i.delay_1ms)
    delay_1us                                0x080012b9   Thumb Code    52  delay.o(i.delay_1us)
    delay_decrement                          0x080012f1   Thumb Code    18  systick.o(i.delay_decrement)
    ds18b20_ack                              0x08001309   Thumb Code    88  ds18b20.o(i.ds18b20_ack)
    ds18b20_get_temp                         0x08001361   Thumb Code   122  ds18b20.o(i.ds18b20_get_temp)
    ds18b20_init                             0x080013e1   Thumb Code    18  ds18b20.o(i.ds18b20_init)
    ds18b20_read_byte                        0x0800140f   Thumb Code   100  ds18b20.o(i.ds18b20_read_byte)
    ds18b20_start                            0x08001473   Thumb Code    26  ds18b20.o(i.ds18b20_start)
    ds18b20_write_byte                       0x0800148d   Thumb Code   142  ds18b20.o(i.ds18b20_write_byte)
    encoder_exit_config                      0x0800151d   Thumb Code   150  encoder.o(i.encoder_exit_config)
    exti_init                                0x080015b9   Thumb Code   184  gd32f1x0_exti.o(i.exti_init)
    exti_interrupt_flag_clear                0x08001675   Thumb Code     6  gd32f1x0_exti.o(i.exti_interrupt_flag_clear)
    exti_interrupt_flag_get                  0x08001681   Thumb Code    32  gd32f1x0_exti.o(i.exti_interrupt_flag_get)
    fputc                                    0x080016a5   Thumb Code    34  debug_printf.o(i.fputc)
    gd_eval_com_init                         0x080016cd   Thumb Code   176  gd32f1x0r_eval.o(i.gd_eval_com_init)
    gpio_af_set                              0x0800178d   Thumb Code    94  gd32f1x0_gpio.o(i.gpio_af_set)
    gpio_bit_write                           0x080017eb   Thumb Code    10  gd32f1x0_gpio.o(i.gpio_bit_write)
    gpio_input_bit_get                       0x08001825   Thumb Code    16  gd32f1x0_gpio.o(i.gpio_input_bit_get)
    gpio_mode_set                            0x08001835   Thumb Code    78  gd32f1x0_gpio.o(i.gpio_mode_set)
    gpio_output_options_set                  0x08001883   Thumb Code    66  gd32f1x0_gpio.o(i.gpio_output_options_set)
    main                                     0x080018c5   Thumb Code    82  main.o(i.main)
    nvic_irq_enable                          0x08001929   Thumb Code   162  gd32f1x0_misc.o(i.nvic_irq_enable)
    nvic_priority_group_set                  0x080019d5   Thumb Code    10  gd32f1x0_misc.o(i.nvic_priority_group_set)
    nvic_vector_table_set                    0x080019e9   Thumb Code    12  gd32f1x0_misc.o(i.nvic_vector_table_set)
    rcu_clock_freq_get                       0x080019fd   Thumb Code   646  gd32f1x0_rcu.o(i.rcu_clock_freq_get)
    rcu_periph_clock_enable                  0x08001ca5   Thumb Code    28  gd32f1x0_rcu.o(i.rcu_periph_clock_enable)
    rcu_periph_reset_disable                 0x08001cc5   Thumb Code    28  gd32f1x0_rcu.o(i.rcu_periph_reset_disable)
    rcu_periph_reset_enable                  0x08001ce5   Thumb Code    28  gd32f1x0_rcu.o(i.rcu_periph_reset_enable)
    syscfg_exti_line_config                  0x08001d05   Thumb Code   154  gd32f1x0_syscfg.o(i.syscfg_exti_line_config)
    systick_config                           0x08001e51   Thumb Code    74  systick.o(i.systick_config)
    timer_auto_reload_shadow_enable          0x08001ea1   Thumb Code    10  gd32f1x0_timer.o(i.timer_auto_reload_shadow_enable)
    timer_deinit                             0x08001ead   Thumb Code   210  gd32f1x0_timer.o(i.timer_deinit)
    timer_disable                            0x08001f89   Thumb Code    10  gd32f1x0_timer.o(i.timer_disable)
    timer_enable                             0x08001f93   Thumb Code    10  gd32f1x0_timer.o(i.timer_enable)
    timer_flag_clear                         0x08001f9d   Thumb Code     6  gd32f1x0_timer.o(i.timer_flag_clear)
    timer_flag_get                           0x08001fa3   Thumb Code    16  gd32f1x0_timer.o(i.timer_flag_get)
    timer_init                               0x08001fb5   Thumb Code   146  gd32f1x0_timer.o(i.timer_init)
    tm1637_gpio_init                         0x08002061   Thumb Code   104  tm1637.o(i.tm1637_gpio_init)
    tm1637_init                              0x080020c9   Thumb Code    14  tm1637.o(i.tm1637_init)
    us_timer_init                            0x080020d9   Thumb Code    70  delay.o(i.us_timer_init)
    usart_baudrate_set                       0x08002125   Thumb Code   120  gd32f1x0_usart.o(i.usart_baudrate_set)
    usart_data_transmit                      0x080021a1   Thumb Code     8  gd32f1x0_usart.o(i.usart_data_transmit)
    usart_deinit                             0x080021a9   Thumb Code    58  gd32f1x0_usart.o(i.usart_deinit)
    usart_enable                             0x080021e9   Thumb Code    10  gd32f1x0_usart.o(i.usart_enable)
    usart_flag_get                           0x080021f3   Thumb Code    30  gd32f1x0_usart.o(i.usart_flag_get)
    usart_receive_config                     0x08002211   Thumb Code    16  gd32f1x0_usart.o(i.usart_receive_config)
    usart_transmit_config                    0x08002221   Thumb Code    16  gd32f1x0_usart.o(i.usart_transmit_config)
    Region$$Table$$Base                      0x08002230   Number         0  anon$$obj.o(Region$$Table)
    Region$$Table$$Limit                     0x08002250   Number         0  anon$$obj.o(Region$$Table)
    num                                      0x20000000   Data           4  main.o(.data)
    key_state                                0x20000004   Data           1  main.o(.data)
    ds18b20                                  0x20000008   Data           8  main.o(.data)
    tm1637                                   0x20000014   Data           5  tm1637.o(.data)
    SystemCoreClock                          0x2000001c   Data           4  system_gd32f1x0.o(.data)
    __stdout                                 0x2000008c   Data           4  stdout.o(.data)
    ec11_1                                   0x20000090   Data          16  encoder.o(.bss)
    __initial_sp                             0x200004a0   Data           0  startup_gd32f1x0.o(STACK)



==============================================================================

Memory Map of the image

  Image Entry point : 0x08000169

  Load Region LR_IROM1 (Base: 0x08000000, Size: 0x000022e0, Max: 0x00010000, ABSOLUTE)

    Execution Region ER_IROM1 (Exec base: 0x08000000, Load base: 0x08000000, Size: 0x00002250, Max: 0x00010000, ABSOLUTE)

    Exec Addr    Load Addr    Size         Type   Attr      Idx    E Section Name        Object

    0x08000000   0x08000000   0x00000168   Data   RO          598    RESET               startup_gd32f1x0.o
    0x08000168   0x08000168   0x00000000   Code   RO         2180  * .ARM.Collect$$$$00000000  mc_w.l(entry.o)
    0x08000168   0x08000168   0x00000004   Code   RO         2454    .ARM.Collect$$$$00000001  mc_w.l(entry2.o)
    0x0800016c   0x0800016c   0x00000004   Code   RO         2457    .ARM.Collect$$$$00000004  mc_w.l(entry5.o)
    0x08000170   0x08000170   0x00000000   Code   RO         2459    .ARM.Collect$$$$00000008  mc_w.l(entry7b.o)
    0x08000170   0x08000170   0x00000000   Code   RO         2461    .ARM.Collect$$$$0000000A  mc_w.l(entry8b.o)
    0x08000170   0x08000170   0x00000008   Code   RO         2462    .ARM.Collect$$$$0000000B  mc_w.l(entry9a.o)
    0x08000178   0x08000178   0x00000004   Code   RO         2469    .ARM.Collect$$$$0000000E  mc_w.l(entry12b.o)
    0x0800017c   0x0800017c   0x00000000   Code   RO         2464    .ARM.Collect$$$$0000000F  mc_w.l(entry10a.o)
    0x0800017c   0x0800017c   0x00000000   Code   RO         2466    .ARM.Collect$$$$00000011  mc_w.l(entry11a.o)
    0x0800017c   0x0800017c   0x00000004   Code   RO         2455    .ARM.Collect$$$$00002712  mc_w.l(entry2.o)
    0x08000180   0x08000180   0x00000024   Code   RO          599    .text               startup_gd32f1x0.o
    0x080001a4   0x080001a4   0x0000014e   Code   RO         2444    .text               mf_w.l(dadd.o)
    0x080002f2   0x080002f2   0x000000e4   Code   RO         2446    .text               mf_w.l(dmul.o)
    0x080003d6   0x080003d6   0x00000022   Code   RO         2448    .text               mf_w.l(dflti.o)
    0x080003f8   0x080003f8   0x00000026   Code   RO         2450    .text               mf_w.l(f2d.o)
    0x0800041e   0x0800041e   0x00000038   Code   RO         2452    .text               mf_w.l(d2f.o)
    0x08000456   0x08000456   0x0000002c   Code   RO         2471    .text               mc_w.l(uidiv.o)
    0x08000482   0x08000482   0x00000062   Code   RO         2473    .text               mc_w.l(uldiv.o)
    0x080004e4   0x080004e4   0x0000001e   Code   RO         2475    .text               mc_w.l(llshl.o)
    0x08000502   0x08000502   0x00000024   Code   RO         2477    .text               mc_w.l(llsshr.o)
    0x08000526   0x08000526   0x00000000   Code   RO         2479    .text               mc_w.l(iusefp.o)
    0x08000526   0x08000526   0x0000006e   Code   RO         2480    .text               mf_w.l(fepilogue.o)
    0x08000594   0x08000594   0x000000ba   Code   RO         2482    .text               mf_w.l(depilogue.o)
    0x0800064e   0x0800064e   0x000000de   Code   RO         2484    .text               mf_w.l(ddiv.o)
    0x0800072c   0x0800072c   0x00000030   Code   RO         2486    .text               mf_w.l(dfixul.o)
    0x0800075c   0x0800075c   0x00000030   Code   RO         2488    .text               mf_w.l(cdrcmple.o)
    0x0800078c   0x0800078c   0x00000024   Code   RO         2490    .text               mc_w.l(init.o)
    0x080007b0   0x080007b0   0x00000020   Code   RO         2492    .text               mc_w.l(llushr.o)
    0x080007d0   0x080007d0   0x00000004   Code   RO          129    i.BusFault_Handler  gd32f1x0_it.o
    0x080007d4   0x080007d4   0x00000002   Code   RO          130    i.DebugMon_Handler  gd32f1x0_it.o
    0x080007d6   0x080007d6   0x00000002   Code   RO          131    i.EXTI0_1_IRQHandler  gd32f1x0_it.o
    0x080007d8   0x080007d8   0x000000f8   Code   RO          132    i.EXTI4_15_IRQHandler  gd32f1x0_it.o
    0x080008d0   0x080008d0   0x00000004   Code   RO          133    i.HardFault_Handler  gd32f1x0_it.o
    0x080008d4   0x080008d4   0x00000004   Code   RO          134    i.MemManage_Handler  gd32f1x0_it.o
    0x080008d8   0x080008d8   0x00000002   Code   RO          135    i.NMI_Handler       gd32f1x0_it.o
    0x080008da   0x080008da   0x00000002   PAD
    0x080008dc   0x080008dc   0x00000028   Code   RO          220    i.NVIC_SetPriority  systick.o
    0x08000904   0x08000904   0x00000002   Code   RO          136    i.PendSV_Handler    gd32f1x0_it.o
    0x08000906   0x08000906   0x00000002   Code   RO          137    i.SVC_Handler       gd32f1x0_it.o
    0x08000908   0x08000908   0x00000030   Code   RO          138    i.SysTick_Handler   gd32f1x0_it.o
    0x08000938   0x08000938   0x00000090   Code   RO          554    i.SystemInit        system_gd32f1x0.o
    0x080009c8   0x080009c8   0x00000004   Code   RO          139    i.UsageFault_Handler  gd32f1x0_it.o
    0x080009cc   0x080009cc   0x00000020   Code   RO         2416    i.__0printf         mc_w.l(printfa.o)
    0x080009ec   0x080009ec   0x0000000e   Code   RO         2496    i.__scatterload_copy  mc_w.l(handlers.o)
    0x080009fa   0x080009fa   0x00000002   Code   RO         2497    i.__scatterload_null  mc_w.l(handlers.o)
    0x080009fc   0x080009fc   0x0000000e   Code   RO         2498    i.__scatterload_zeroinit  mc_w.l(handlers.o)
    0x08000a0a   0x08000a0a   0x00000002   PAD
    0x08000a0c   0x08000a0c   0x00000184   Code   RO         2423    i._fp_digits        mc_w.l(printfa.o)
    0x08000b90   0x08000b90   0x000006b4   Code   RO         2424    i._printf_core      mc_w.l(printfa.o)
    0x08001244   0x08001244   0x00000024   Code   RO         2425    i._printf_post_padding  mc_w.l(printfa.o)
    0x08001268   0x08001268   0x0000002e   Code   RO         2426    i._printf_pre_padding  mc_w.l(printfa.o)
    0x08001296   0x08001296   0x0000000c   Code   RO          380    i.debug_printf_init  debug_printf.o
    0x080012a2   0x080012a2   0x00000002   PAD
    0x080012a4   0x080012a4   0x00000014   Code   RO          221    i.delay_1ms         systick.o
    0x080012b8   0x080012b8   0x00000038   Code   RO          410    i.delay_1us         delay.o
    0x080012f0   0x080012f0   0x00000018   Code   RO          222    i.delay_decrement   systick.o
    0x08001308   0x08001308   0x00000058   Code   RO          480    i.ds18b20_ack       ds18b20.o
    0x08001360   0x08001360   0x00000080   Code   RO          481    i.ds18b20_get_temp  ds18b20.o
    0x080013e0   0x080013e0   0x00000012   Code   RO          482    i.ds18b20_init      ds18b20.o
    0x080013f2   0x080013f2   0x0000001c   Code   RO          483    i.ds18b20_io_read   ds18b20.o
    0x0800140e   0x0800140e   0x00000064   Code   RO          484    i.ds18b20_read_byte  ds18b20.o
    0x08001472   0x08001472   0x0000001a   Code   RO          485    i.ds18b20_start     ds18b20.o
    0x0800148c   0x0800148c   0x0000008e   Code   RO          486    i.ds18b20_write_byte  ds18b20.o
    0x0800151a   0x0800151a   0x00000002   PAD
    0x0800151c   0x0800151c   0x0000009c   Code   RO          446    i.encoder_exit_config  encoder.o
    0x080015b8   0x080015b8   0x000000bc   Code   RO          611    i.exti_init         gd32f1x0_exti.o
    0x08001674   0x08001674   0x0000000c   Code   RO          614    i.exti_interrupt_flag_clear  gd32f1x0_exti.o
    0x08001680   0x08001680   0x00000024   Code   RO          615    i.exti_interrupt_flag_get  gd32f1x0_exti.o
    0x080016a4   0x080016a4   0x00000028   Code   RO          381    i.fputc             debug_printf.o
    0x080016cc   0x080016cc   0x000000c0   Code   RO         2118    i.gd_eval_com_init  gd32f1x0r_eval.o
    0x0800178c   0x0800178c   0x0000005e   Code   RO          696    i.gpio_af_set       gd32f1x0_gpio.o
    0x080017ea   0x080017ea   0x0000000a   Code   RO          699    i.gpio_bit_write    gd32f1x0_gpio.o
    0x080017f4   0x080017f4   0x00000030   Code   RO          487    i.gpio_init         ds18b20.o
    0x08001824   0x08001824   0x00000010   Code   RO          701    i.gpio_input_bit_get  gd32f1x0_gpio.o
    0x08001834   0x08001834   0x0000004e   Code   RO          703    i.gpio_mode_set     gd32f1x0_gpio.o
    0x08001882   0x08001882   0x00000042   Code   RO          705    i.gpio_output_options_set  gd32f1x0_gpio.o
    0x080018c4   0x080018c4   0x00000064   Code   RO            4    i.main              main.o
    0x08001928   0x08001928   0x000000ac   Code   RO         2005    i.nvic_irq_enable   gd32f1x0_misc.o
    0x080019d4   0x080019d4   0x00000014   Code   RO         2006    i.nvic_priority_group_set  gd32f1x0_misc.o
    0x080019e8   0x080019e8   0x00000014   Code   RO         2007    i.nvic_vector_table_set  gd32f1x0_misc.o
    0x080019fc   0x080019fc   0x000002a8   Code   RO          801    i.rcu_clock_freq_get  gd32f1x0_rcu.o
    0x08001ca4   0x08001ca4   0x00000020   Code   RO          821    i.rcu_periph_clock_enable  gd32f1x0_rcu.o
    0x08001cc4   0x08001cc4   0x00000020   Code   RO          824    i.rcu_periph_reset_disable  gd32f1x0_rcu.o
    0x08001ce4   0x08001ce4   0x00000020   Code   RO          825    i.rcu_periph_reset_enable  gd32f1x0_rcu.o
    0x08001d04   0x08001d04   0x000000a0   Code   RO         1065    i.syscfg_exti_line_config  gd32f1x0_syscfg.o
    0x08001da4   0x08001da4   0x000000a4   Code   RO          555    i.system_clock_72m_hxtal  system_gd32f1x0.o
    0x08001e48   0x08001e48   0x00000008   Code   RO          556    i.system_clock_config  system_gd32f1x0.o
    0x08001e50   0x08001e50   0x00000050   Code   RO          223    i.systick_config    systick.o
    0x08001ea0   0x08001ea0   0x0000000a   Code   RO         1135    i.timer_auto_reload_shadow_enable  gd32f1x0_timer.o
    0x08001eaa   0x08001eaa   0x00000002   PAD
    0x08001eac   0x08001eac   0x000000dc   Code   RO         1166    i.timer_deinit      gd32f1x0_timer.o
    0x08001f88   0x08001f88   0x0000000a   Code   RO         1167    i.timer_disable     gd32f1x0_timer.o
    0x08001f92   0x08001f92   0x0000000a   Code   RO         1171    i.timer_enable      gd32f1x0_timer.o
    0x08001f9c   0x08001f9c   0x00000006   Code   RO         1178    i.timer_flag_clear  gd32f1x0_timer.o
    0x08001fa2   0x08001fa2   0x00000010   Code   RO         1179    i.timer_flag_get    gd32f1x0_timer.o
    0x08001fb2   0x08001fb2   0x00000002   PAD
    0x08001fb4   0x08001fb4   0x000000ac   Code   RO         1181    i.timer_init        gd32f1x0_timer.o
    0x08002060   0x08002060   0x00000068   Code   RO          278    i.tm1637_gpio_init  tm1637.o
    0x080020c8   0x080020c8   0x0000000e   Code   RO          279    i.tm1637_init       tm1637.o
    0x080020d6   0x080020d6   0x00000002   PAD
    0x080020d8   0x080020d8   0x0000004c   Code   RO          412    i.us_timer_init     delay.o
    0x08002124   0x08002124   0x0000007c   Code   RO         1583    i.usart_baudrate_set  gd32f1x0_usart.o
    0x080021a0   0x080021a0   0x00000008   Code   RO         1590    i.usart_data_transmit  gd32f1x0_usart.o
    0x080021a8   0x080021a8   0x00000040   Code   RO         1591    i.usart_deinit      gd32f1x0_usart.o
    0x080021e8   0x080021e8   0x0000000a   Code   RO         1598    i.usart_enable      gd32f1x0_usart.o
    0x080021f2   0x080021f2   0x0000001e   Code   RO         1600    i.usart_flag_get    gd32f1x0_usart.o
    0x08002210   0x08002210   0x00000010   Code   RO         1625    i.usart_receive_config  gd32f1x0_usart.o
    0x08002220   0x08002220   0x00000010   Code   RO         1641    i.usart_transmit_config  gd32f1x0_usart.o
    0x08002230   0x08002230   0x00000020   Data   RO         2494    Region$$Table       anon$$obj.o


    Execution Region RW_IRAM1 (Exec base: 0x20000000, Load base: 0x08002250, Size: 0x000004a0, Max: 0x00002000, ABSOLUTE)

    Exec Addr    Load Addr    Size         Type   Attr      Idx    E Section Name        Object

    0x20000000   0x08002250   0x00000010   Data   RW            5    .data               main.o
    0x20000010   0x08002260   0x00000004   Data   RW          224    .data               systick.o
    0x20000014   0x08002264   0x00000005   Data   RW          284    .data               tm1637.o
    0x20000019   0x08002269   0x00000003   PAD
    0x2000001c   0x0800226c   0x00000004   Data   RW          557    .data               system_gd32f1x0.o
    0x20000020   0x08002270   0x00000069   Data   RW         2125    .data               gd32f1x0r_eval.o
    0x20000089   0x080022d9   0x00000003   PAD
    0x2000008c   0x080022dc   0x00000004   Data   RW         2470    .data               mc_w.l(stdout.o)
    0x20000090        -       0x00000010   Zero   RW          448    .bss                encoder.o
    0x200000a0        -       0x00000400   Zero   RW          596    STACK               startup_gd32f1x0.o


==============================================================================

Image component sizes


      Code (inc. data)   RO Data    RW Data    ZI Data      Debug   Object Name

        52          6          0          0          0       1020   debug_printf.o
       132         10          0          0          0        948   delay.o
       578          6          0          0          0       4269   ds18b20.o
       156          6          0          0         16        731   encoder.o
       236         14          0          0          0       1926   gd32f1x0_exti.o
       264          0          0          0          0       3570   gd32f1x0_gpio.o
       322         12          0          0          0       4601   gd32f1x0_it.o
       212         28          0          0          0       1952   gd32f1x0_misc.o
       776         54          0          0          0       3536   gd32f1x0_rcu.o
       160          6          0          0          0        734   gd32f1x0_syscfg.o
       444         36          0          0          0       4541   gd32f1x0_timer.o
       268         10          0          0          0       4353   gd32f1x0_usart.o
       192         16          0        105          0       1447   gd32f1x0r_eval.o
       100         18          0         16          0      63851   main.o
        36          8        360          0       1024        824   startup_gd32f1x0.o
       316         26          0          4          0       1847   system_gd32f1x0.o
       164         24          0          4          0      25970   systick.o
       118          0          0          5          0       3549   tm1637.o

    ----------------------------------------------------------------------
      4538        280        392        140       1040     129669   Object Totals
         0          0         32          0          0          0   (incl. Generated)
        12          0          0          6          0          0   (incl. Padding)

    ----------------------------------------------------------------------

      Code (inc. data)   RO Data    RW Data    ZI Data      Debug   Library Member Name

         0          0          0          0          0          0   entry.o
         0          0          0          0          0          0   entry10a.o
         0          0          0          0          0          0   entry11a.o
         4          0          0          0          0          0   entry12b.o
         8          4          0          0          0          0   entry2.o
         4          0          0          0          0          0   entry5.o
         0          0          0          0          0          0   entry7b.o
         0          0          0          0          0          0   entry8b.o
         8          4          0          0          0          0   entry9a.o
        30          0          0          0          0          0   handlers.o
        36          8          0          0          0         68   init.o
         0          0          0          0          0          0   iusefp.o
        30          0          0          0          0         68   llshl.o
        36          0          0          0          0         68   llsshr.o
        32          0          0          0          0         68   llushr.o
      2218         90          0          0          0        464   printfa.o
         0          0          0          4          0          0   stdout.o
        44          0          0          0          0         80   uidiv.o
        98          0          0          0          0         92   uldiv.o
        48          0          0          0          0         68   cdrcmple.o
        56          0          0          0          0         88   d2f.o
       334          0          0          0          0        148   dadd.o
       222          0          0          0          0        100   ddiv.o
       186          0          0          0          0        176   depilogue.o
        48          0          0          0          0         68   dfixul.o
        34          0          0          0          0         76   dflti.o
       228          0          0          0          0         96   dmul.o
        38          0          0          0          0         68   f2d.o
       110          0          0          0          0        168   fepilogue.o

    ----------------------------------------------------------------------
      3854        106          0          4          0       1964   Library Totals
         2          0          0          0          0          0   (incl. Padding)

    ----------------------------------------------------------------------

      Code (inc. data)   RO Data    RW Data    ZI Data      Debug   Library Name

      2548        106          0          4          0        908   mc_w.l
      1304          0          0          0          0       1056   mf_w.l

    ----------------------------------------------------------------------
      3854        106          0          4          0       1964   Library Totals

    ----------------------------------------------------------------------

==============================================================================


      Code (inc. data)   RO Data    RW Data    ZI Data      Debug   

      8392        386        392        144       1040     127625   Grand Totals
      8392        386        392        144       1040     127625   ELF Image Totals
      8392        386        392        144          0          0   ROM Totals

==============================================================================

    Total RO  Size (Code + RO Data)                 8784 (   8.58kB)
    Total RW  Size (RW Data + ZI Data)              1184 (   1.16kB)
    Total ROM Size (Code + RO Data + RW Data)       8928 (   8.72kB)

==============================================================================

